# scenario invalid-config

## step 1: ai-rulez generate --yes
exit: 1
--- stdout
--- stderr
Error: unknown built-in preset: "not-a-preset"

Hint: Use a valid built-in preset name
Available presets: [aiassistant amp antigravity augment baz bob claude cline codebuddy codebuff codewhale codex commandcode copilot copilot-cli cortex crush cursor deepagents devin dsh factory gemini gitlab-duo goose grok hermes junie kilo kimi kiro letta llms-txt mcp mimocode muse okf omp openclaw opencode pi poolside qoder qwen reasonix replit rovodev takt trae vibe warp xum zcode zed zoocode]
--- project tree
.ai-rulez/ dir 0755
.ai-rulez/config.toml file 0644 84 7507201cfda77f1b215ff343a202cda8f2bda8d3b65ad784a0aac4901d775480
--- home tree
(no change)

## step 2: ai-rulez validate
exit: 1
--- stdout
--- stderr
ERROR Configuration failed schema validation path=$ROOT/.ai-rulez/config.toml
Error: unknown built-in preset: "not-a-preset"

Hint: Use a valid built-in preset name
Available presets: [aiassistant amp antigravity augment baz bob claude cline codebuddy codebuff codewhale codex commandcode copilot copilot-cli cortex crush cursor deepagents devin dsh factory gemini gitlab-duo goose grok hermes junie kilo kimi kiro letta llms-txt mcp mimocode muse okf omp openclaw opencode pi poolside qoder qwen reasonix replit rovodev takt trae vibe warp xum zcode zed zoocode]
--- project tree
(no change)
--- home tree
(no change)

## step 3: ai-rulez validate --strict
exit: 1
--- stdout
--- stderr
ERROR Configuration failed schema validation path=$ROOT/.ai-rulez/config.toml
Error: unknown built-in preset: "not-a-preset"

Hint: Use a valid built-in preset name
Available presets: [aiassistant amp antigravity augment baz bob claude cline codebuddy codebuff codewhale codex commandcode copilot copilot-cli cortex crush cursor deepagents devin dsh factory gemini gitlab-duo goose grok hermes junie kilo kimi kiro letta llms-txt mcp mimocode muse okf omp openclaw opencode pi poolside qoder qwen reasonix replit rovodev takt trae vibe warp xum zcode zed zoocode]
--- project tree
.ai-rulez/ dir 0755
.ai-rulez/config.toml file 0644 84 7507201cfda77f1b215ff343a202cda8f2bda8d3b65ad784a0aac4901d775480
--- home tree
(no change)
