# scenario local-overlay

## step 1: ai-rulez generate --yes
exit: 0
--- stdout
--- stderr
INFO  This configuration directory uses the pre-OKF layout, which is deprecated; run 'ai-rulez migrate okf' to convert it to an OKF bundle path=$ROOT/.ai-rulez
WARN  [permissions] ask rules are not generated for cursor: it has no ask list and prompts for whatever is not allowed
WARN  [permissions] allow rule "Bash(npm run test:*)" not generated for cursor: Cursor's Shell() rules take a command name; a multi-word, exact or wildcard allow cannot be expressed without widening it
WARN  [permissions] allow rule "Read(./src/**)" not generated for codex: Codex has no rule surface for Read (paths, domains and MCP tools need a permission profile, which replaces sandbox_mode)
WARN  [permissions] allow rule "WebFetch(domain:example.com)" not generated for codex: Codex has no rule surface for WebFetch (paths, domains and MCP tools need a permission profile, which replaces sandbox_mode)
WARN  SECURITY: [permissions] deny rule "Read(./.env)" is NOT enforced by codex: Codex has no rule surface for Read (paths, domains and MCP tools need a permission profile, which replaces sandbox_mode) severity=error hint=enforce it another way (sandbox, hook) or remove the harness from the project
WARN  [permissions] ask rules are not generated for gemini: it has no ask list and prompts for whatever is not allowed
WARN  [permissions] allow rule "Read(./src/**)" not generated for gemini: settings.json can only allow or block a whole tool, not ./src/**
WARN  [permissions] allow rule "WebFetch(domain:example.com)" not generated for gemini: settings.json can only allow or block a whole tool, not domain:example.com
WARN  SECURITY: [permissions] deny rule "Read(./.env)" is NOT enforced by gemini: settings.json can only allow or block a whole tool, not ./.env severity=error hint=enforce it another way (sandbox, hook) or remove the harness from the project
WARN  Gemini CLI does not know Claude model aliases; omitting the model so the agent inherits the session model agent=architect model=sonnet hint=set gemini_model in the agent frontmatter or defaults.model_by_preset.gemini
WARN  [permissions] allow rule "Read(./src/**)" not generated for copilot: VS Code has no setting for Read rules
WARN  SECURITY: [permissions] deny rule "Bash(rm -rf:*)" is NOT enforced by copilot: VS Code has no hard deny; the rule is written as 'always ask' (false), which a user can still approve severity=error hint=enforce it another way (sandbox, hook) or remove the harness from the project
WARN  SECURITY: [permissions] deny rule "Read(./.env)" is NOT enforced by copilot: VS Code has no setting for Read rules severity=error hint=enforce it another way (sandbox, hook) or remove the harness from the project
WARN  OpenCode needs a provider-qualified model (provider/model); omitting it so the agent inherits the session model agent=architect model=sonnet hint=set opencode_model in the agent frontmatter or defaults.model_by_preset.opencode
WARN  [permissions] allow rule "Read(./src/**)" not generated for opencode: it would be evaluated after the overlapping, stricter rule **/.env and override it
WARN  [permissions] allow rule "Read(./src/**)" not generated for kilo: it would be evaluated after the overlapping, stricter rule **/.env and override it
WARN  Machine-local content has no output for this preset and was not written preset=cursor items=context lab, context notes
WARN  Machine-local content has no output for this preset and was not written preset=kilo items=context lab, context notes
WARN  Presets with a rules folder and presets without one write the same file ($ROOT/AGENTS.md); keeping the version that inlines every rule. Set agents_md = true or rules.mode = "inline" to share it path=$ROOT/AGENTS.md kept_from=codex rules_in_folder=kilo
WARN  OpenCode needs a provider-qualified model (provider/model); omitting it so the agent inherits the session model agent=architect model=sonnet hint=set opencode_model in the agent frontmatter or defaults.model_by_preset.opencode
WARN  OpenCode needs a provider-qualified model (provider/model); omitting it so the agent inherits the session model agent=architect model=sonnet hint=set opencode_model in the agent frontmatter or defaults.model_by_preset.opencode
WARN  OpenCode needs a provider-qualified model (provider/model); omitting it so the agent inherits the session model agent=architect model=sonnet hint=set opencode_model in the agent frontmatter or defaults.model_by_preset.opencode
WARN  OpenCode needs a provider-qualified model (provider/model); omitting it so the agent inherits the session model agent=architect model=sonnet hint=set opencode_model in the agent frontmatter or defaults.model_by_preset.opencode
WARN  Machine-local skills, agents, commands or checks have no per-item output for this preset and were not written preset=gemini items=command quick
WARN  OpenCode needs a provider-qualified model (provider/model); omitting it so the agent inherits the session model agent=architect model=sonnet hint=set opencode_model in the agent frontmatter or defaults.model_by_preset.opencode
INFO  Generating with configuration profile=default
INFO  Generated-file guard: only harnesses with a blocking PreToolUse hook get it; the others are skipped harnesses=[claude codex gemini cursor factory copilot copilot-cli]
INFO  Generation complete files=120
WARN  3 rules/context items use an activation the target tool cannot express; they are loaded always: items=rule auto, rule manual, rules manual
--- project tree
.agents/ dir 0755
.agents/skills/ dir 0755
.agents/skills/build/ dir 0755
.agents/skills/build/SKILL.md file 0644 208 46b69b72e18269edf5eebfbca6e27e758458e9cef50f0d490ca48843d9b8ea09
.agents/skills/build/agents/ dir 0755
.agents/skills/build/agents/openai.yaml file 0644 43 a1499d95abd8447558c535fe5554adcc3c9b988a0a39264a6283d430effe1e94
.agents/skills/deployer/ dir 0755
.agents/skills/deployer/SKILL.md file 0644 174 8160f075c640ee77e3685ee67a0318dfb4f03b81bebfc1cfcbc8e7945f06b41a
.agents/skills/quick/ dir 0755
.agents/skills/quick/SKILL.md file 0644 182 1f4766c163e6a0abba143d03705089fe6aa2417d13eb85f93750863658bb1530
.agents/skills/quick/agents/ dir 0755
.agents/skills/quick/agents/openai.yaml file 0644 43 a1499d95abd8447558c535fe5554adcc3c9b988a0a39264a6283d430effe1e94
.agents/skills/reviewer/ dir 0755
.agents/skills/reviewer/SKILL.md file 0644 421 cb318db002aacac347882a1ccee67572a242722da43a959f8668f1bc77703f0e
.agents/skills/reviewer/references/ dir 0755
.agents/skills/reviewer/references/checklist.md file 0644 28 02393d1b57638cc3b06632e057556d199781a02f385c4299936253c78ecd5328
.agents/skills/reviewer/scripts/ dir 0755
.agents/skills/reviewer/scripts/run.sh file 0644 22 914c2af00a91392459c499b94b955b3334a860831f85bbf3c4cc644460f877b8
.agents/skills/scratch/ dir 0755
.agents/skills/scratch/SKILL.md file 0644 150 840b60e9b2cd7374a669c0a76336256af88013efba44cd33f201a9c29dda5ec6
.agents/skills/ship/ dir 0755
.agents/skills/ship/SKILL.md file 0644 184 6b822e098b5ea716fc05e66c57a0617b08a030c3f138b086712a80d7be4479d5
.agents/skills/ship/agents/ dir 0755
.agents/skills/ship/agents/openai.yaml file 0644 43 a1499d95abd8447558c535fe5554adcc3c9b988a0a39264a6283d430effe1e94
.ai-rulez/ dir 0755
.ai-rulez/.generated-manifest.json file 0644 2859 854ac11bfa1fbb49e60375c9ab28ce37b4936b85c6a0f5a5c10995a1dade24ff
.ai-rulez/.generated-manifest.local.json file 0644 18873 54552de3d82fbd523f89046f59b50b668ed50a5293ae88ab64d9742b8cb71d8f
.ai-rulez/agents/ dir 0755
.ai-rulez/agents/architect.md file 0644 97 fc714ad19a3a1c9348f1a954f3a7d43dfa07a8640a114d2f7c14777f23871d72
.ai-rulez/agents/tester.md file 0644 82 72927a1eaca26accd861c5afde228c7c585007302e27d927af597b36733b831a
.ai-rulez/checks/ dir 0755
.ai-rulez/checks/security.md file 0644 129 6959bf66b516b9a429777aa26d8ce99f5ba2567175346573b6f50c1508ab0b50
.ai-rulez/checks/style.md file 0644 81 29ff5b316a1736ef9f9d9f8177eb79381851f67e862b6176aad658cd8c62fa36
.ai-rulez/commands/ dir 0755
.ai-rulez/commands/build.md file 0644 86 a9cebfe205f3b9671fa95cb548dfb846742c4bbc0ea9dda6b1ceea16567cad08
.ai-rulez/commands/ship.md file 0644 62 ef143b5a7da89769d892288d92297d90b37c637bbcd722b02ecc732d6024e3ce
.ai-rulez/config.local.toml file 0644 179 9150d530a5018f750014c4cd83d80abfff5c1599cdf527a7706dd12752bff394
.ai-rulez/config.toml file 0644 897 d9f438d95a59aae3b547433a505eaa69ae93f7db301ca608c7087bdc37df5934
.ai-rulez/context/ dir 0755
.ai-rulez/context/architecture.md file 0644 39 f061e6d3090d636939192e8f2a25fc35d5e1d5f39064be561b75958bfe58affe
.ai-rulez/context/overview.md file 0644 57 5516cc04000e99e3776a26e6b85af97da89016e71294b288c3f07cab508c08ee
.ai-rulez/local/ dir 0755
.ai-rulez/local/agents/ dir 0755
.ai-rulez/local/agents/helper.md file 0644 56 535e0bc40cb0a94a350d73c1d682c1c66c3a1dd90e3d32fcb6c438407a0b99ef
.ai-rulez/local/commands/ dir 0755
.ai-rulez/local/commands/quick.md file 0644 60 da6ec7356aac58e3513bfec5f62a52ab803bacf3edb35f885d92071eb6416d8b
.ai-rulez/local/context/ dir 0755
.ai-rulez/local/context/notes.md file 0644 24 0bb95f1b8720bfdb6877e5c130dec07a265c81223501d52a61f9e73fda8bd756
.ai-rulez/local/domains/ dir 0755
.ai-rulez/local/domains/lab/ dir 0755
.ai-rulez/local/domains/lab/context/ dir 0755
.ai-rulez/local/domains/lab/context/lab.md file 0644 14 6b2ac4e8b960179811c56d853679752b81d3027e1083f572eb554f25ece2b00e
.ai-rulez/local/domains/lab/rules/ dir 0755
.ai-rulez/local/domains/lab/rules/lab.md file 0644 26 2d7a2272f21d5c8dcd4b78ef853885f37831f229ad44ea30f0032dc47b63c85c
.ai-rulez/local/rules/ dir 0755
.ai-rulez/local/rules/mine.md file 0644 48 b206c164d56e156985055911fc7d14e1ac714da52af30aba9d88c62e52174a1d
.ai-rulez/local/skills/ dir 0755
.ai-rulez/local/skills/scratch/ dir 0755
.ai-rulez/local/skills/scratch/SKILL.md file 0644 59 1e737c9b55e2a1327f4132518be8614a9ef002c0c9c74541b119acaa78357108
.ai-rulez/rules/ dir 0755
.ai-rulez/rules/always.md file 0644 61 9c177b14cdaff230d103d9ee46ba44ce2455c5df6038cf1ea69e1e2e4c811282
.ai-rulez/rules/auto.md file 0644 101 88e5024831ae852d1bbce5c72672c24f8fc7b5342288a389ec797e65f5f60375
.ai-rulez/rules/manual.md file 0644 68 341ce1713db555c6d51e3253679660f1bb3afd322c72030d151f1a979d81b79b
.ai-rulez/rules/targeted.md file 0644 79 cab22af28f9870a3a1f8a42a44c3f1eec2050e8acca7a60b96e1688af4c698a2
.ai-rulez/rules/typescript.md file 0644 117 0e693f8a0ede994dfb6ede7fc2966d0d2092059a0d2858ec1fddd07c7529e6d2
.ai-rulez/skills/ dir 0755
.ai-rulez/skills/deployer/ dir 0755
.ai-rulez/skills/deployer/SKILL.md file 0644 83 bad245bf59d4d4f2ecd6a6980b475e628280c348abaa2c33a51cfde8f8019289
.ai-rulez/skills/reviewer/ dir 0755
.ai-rulez/skills/reviewer/SKILL.md file 0644 88 a944e83c0c4f2209746efcc77d875153037389d2c36e01af2a6ae88949b123fa
.ai-rulez/skills/reviewer/references/ dir 0755
.ai-rulez/skills/reviewer/references/checklist.md file 0644 28 02393d1b57638cc3b06632e057556d199781a02f385c4299936253c78ecd5328
.ai-rulez/skills/reviewer/scripts/ dir 0755
.ai-rulez/skills/reviewer/scripts/run.sh file 0644 22 914c2af00a91392459c499b94b955b3334a860831f85bbf3c4cc644460f877b8
.claude/ dir 0755
.claude/agents/ dir 0755
.claude/agents/architect.md file 0644 186 d1d083ab1e94dd3d11d3ddbf9462bb0188c40eee6e4415105eac27ab685d8218
.claude/agents/helper.md file 0644 145 a05e291bca4e263ce308383033e43e9baba24e5b5ea3fb585b2e5d74c72001bc
.claude/agents/tester.md file 0644 171 0657702e7537dae198f90daa49e6ceeea314d0daef45f6c4a53988ff95eab003
.claude/rules/ dir 0755
.claude/rules/always.md file 0644 240 05e03e3751104f2d3934811e2ff08c8c890d225a26a1d1b3fe300a5c4e6c92dd
.claude/rules/auto.md file 0644 217 68e11410d45d239b3da6c2aabca1819972e7e00afa83cc891acef89a3ae2ad28
.claude/rules/lab.local.md file 0644 223 32acecd6ad4cda4857d4fbebdb0a14eb550bae808d9917722b0bd700f57a094f
.claude/rules/manual.md file 0644 228 9ebb255fae76ee6cda066d34226c2862e43a7d74ddd735840a81db1d9ce680cd
.claude/rules/mine.local.md file 0644 231 3ab2c4ed381a77b250ebb868c1410aad077e9d8da4af8f0158dabd45871ef723
.claude/rules/targeted.md file 0644 224 02e9f8e03a4ae407a9240b1b3859c9e4e12a5902973c2e8f129438f30a18e9fb
.claude/rules/typescript.md file 0644 291 3bd12c5c4eaec28ac71bd81353650bd889852148778d0895e9e8ffa113866e4e
.claude/settings.json file 0644 953 42046a0a2442fce3251cbf0f234d9006d345464a7f8e2042e762f1e3d7b5fd80
.claude/skills/ dir 0755
.claude/skills/build/ dir 0755
.claude/skills/build/SKILL.md file 0644 196 73e28d1d970abeb6d84ee2cba5436c5197ed7b78c92d995706a1fd10344cb0a3
.claude/skills/deployer/ dir 0755
.claude/skills/deployer/SKILL.md file 0644 172 a3ef0f4bdeef4f5a3f88437f3a88705e7dc388a42dd8523646a5db09dc2b8626
.claude/skills/quick/ dir 0755
.claude/skills/quick/SKILL.md file 0644 170 d845ca59dbcddd3bfaec2f6f423a22ed839a35569e85d4d99e1e1aec8927484e
.claude/skills/reviewer/ dir 0755
.claude/skills/reviewer/SKILL.md file 0644 419 9b2dbf3fb01442905d40da0032e2e5998b4ec526247e9400a49102842056bbb1
.claude/skills/reviewer/references/ dir 0755
.claude/skills/reviewer/references/checklist.md file 0644 28 02393d1b57638cc3b06632e057556d199781a02f385c4299936253c78ecd5328
.claude/skills/reviewer/scripts/ dir 0755
.claude/skills/reviewer/scripts/run.sh file 0644 22 914c2af00a91392459c499b94b955b3334a860831f85bbf3c4cc644460f877b8
.claude/skills/scratch/ dir 0755
.claude/skills/scratch/SKILL.md file 0644 148 8854c619aef7bbafc04d15c1ab364d8dda27925d4a7770a40620f9a580bfd582
.claude/skills/ship/ dir 0755
.claude/skills/ship/SKILL.md file 0644 172 d00e38bd921c5c70977ce66c9ad32e4d9e78b0c6a35472ce9d604a574264a018
.codex/ dir 0755
.codex/agents/ dir 0755
.codex/agents/architect.toml file 0644 115 100b7bc0d204d3f398585809f0f84c3b04581ea502d899f62797bafc05c53d13
.codex/agents/helper.toml file 0644 88 2cd2537d532bb3ce063715d3dd4b80145e251a6a7149411d2ae0dfbc5f500ef2
.codex/agents/tester.toml file 0644 133 220954cc19dffd1eab6ef984b40645ae7a2380649877b4e4ed8a5b0ca54ea46c
.codex/config.toml file 0600 321 995c2a001216b2b2f5980c225802139d31589b3616b6b5b71313e4bc4d561b2f
.codex/hooks.json file 0644 719 4ed20f680526671552a907de7a7e0fca8d830315416ab5c9da33754af14b2c70
.codex/rules/ dir 0755
.codex/rules/ai-rulez.rules file 0644 409 2c4fde503d40ad6215a476740f268b6d1237543cb47d2020756cfcef46f5b6d8
.cursor/ dir 0755
.cursor/BUGBOT.md file 0644 219 e27f8811597fc9462d5515790ad275947a409d8e535601f01498686437bbf180
.cursor/agents/ dir 0755
.cursor/agents/architect.md file 0644 186 d1d083ab1e94dd3d11d3ddbf9462bb0188c40eee6e4415105eac27ab685d8218
.cursor/agents/helper.md file 0644 145 a05e291bca4e263ce308383033e43e9baba24e5b5ea3fb585b2e5d74c72001bc
.cursor/agents/tester.md file 0644 158 7e77d681eecf3afd3d8f56bc9247b388208aa94e38703fcf25910f130a1bf4b7
.cursor/cli.json file 0644 164 7157bdd50749666291ee2c9c9c30fd2955eff5b882f55c09e7d6bd65ed5f6e0c
.cursor/commands/ dir 0755
.cursor/commands/build.md file 0644 81 b61db5af1a87139a283467cf1784940526ce0621c1c307a2fc715b5d2d18eeef
.cursor/commands/quick.md file 0644 55 6da8934bdbd5f2a1c39f521bf3118d90a929b0e6cb49ae801b21ea21ae9febc1
.cursor/commands/ship.md file 0644 57 7c7d95d103f41bca186984662895900f18dcca846f894b2bb7ac75132b7050ff
.cursor/hooks.json file 0644 375 4ee59fc717970d5b4cf0fc1c3995d41643c5df5cec38e3eaa2a40ec5a4e8e4f2
.cursor/mcp.json file 0600 482 f8cf3fb157962e923d18894ad9d23d6bbf9e7477674d6d06b59f2a8123612452
.cursor/rules/ dir 0755
.cursor/rules/always.mdc file 0644 266 474275574772fb0867056f2ea0a0165f2aae288397f50d5e7d2c0113e61d146a
.cursor/rules/auto.mdc file 0644 277 afe47fdfcc7669e0c685dcbabf2a703fc3a9d993878850431becd23b436dad22
.cursor/rules/context-architecture.mdc file 0644 255 355e35cba517e7f51002ffd853d57deb6fcecb661ed0853cbc24ac44f10a9898
.cursor/rules/context-overview.mdc file 0644 266 bf769d85e9b2aae7d279408c2fb692d1e55051e5be994cddad9eba3941b6b792
.cursor/rules/lab.local.mdc file 0644 249 98b32e2381f014bcbb79940c4d59eef1c4b7726eccec3e44f5f950c9d3732e0b
.cursor/rules/manual.mdc file 0644 255 31f7d0d001109e013a53b81effd7b988f8c7d850fb5bc45edc69d18ee3656ccf
.cursor/rules/mine.local.mdc file 0644 257 121f7e18e8bec044d48a11c578153e3eca046436aec3a8a89cf3a4e9512ea7bd
.cursor/rules/targeted.mdc file 0644 250 50fa175a1c5b6755414abd81d0e2276e585347488ed2db23568864146a277f88
.cursor/rules/typescript.mdc file 0644 305 d7bb325f679451a5ae1a8330c2c5c17e344b247570c4740239e0679de4ae0c98
.gemini/ dir 0755
.gemini/agents/ dir 0755
.gemini/agents/architect.md file 0644 172 6b2bf079a5621813ddd835a1c3f63b7bd5083d6d4b405dcfb01a6dd394834dfa
.gemini/agents/helper.md file 0644 145 a05e291bca4e263ce308383033e43e9baba24e5b5ea3fb585b2e5d74c72001bc
.gemini/agents/tester.md file 0644 158 7e77d681eecf3afd3d8f56bc9247b388208aa94e38703fcf25910f130a1bf4b7
.gemini/settings.json file 0600 1516 325f44351f470d649c6c1da8688887baf56cb279dfb668bfdc39dd3801e9a364
.github/ dir 0755
.github/agents/ dir 0755
.github/agents/architect.agent.md file 0644 186 d1d083ab1e94dd3d11d3ddbf9462bb0188c40eee6e4415105eac27ab685d8218
.github/agents/helper.agent.md file 0644 145 a05e291bca4e263ce308383033e43e9baba24e5b5ea3fb585b2e5d74c72001bc
.github/agents/tester.agent.md file 0644 158 7e77d681eecf3afd3d8f56bc9247b388208aa94e38703fcf25910f130a1bf4b7
.github/copilot-instructions.md file 0644 627 5be176ce0987ac1f8bdfaabe285222fac4fdd0e6e3c81bca9fbb2dd0bb4eedb0
.github/hooks/ dir 0755
.github/hooks/ai-rulez.json file 0644 489 18ab5181526ae496b5c77225b5a3af0b9d026bcdf7d3c11ba00271a17b8b1a2c
.github/instructions/ dir 0755
.github/instructions/ai-rulez.local.instructions.md file 0644 250 f467f66bc7b8bd1caec1bbc61cac64608eef8c4b107aedf0a336b47853fc62e9
.github/instructions/always.instructions.md file 0644 262 e6d7ab8091b623f01d6cfcfe854c854842d5333da0446436d1e1ca9bbe72c1a7
.github/instructions/lab.local.instructions.md file 0644 245 81b0ba1794a9cc43e7a73c35df098b8d0b12af8c92725593fb9b3c44bb2d2d0d
.github/instructions/mine.local.instructions.md file 0644 253 afbcce95947aad44cca3b976ff82829d35807244cf4940029f41a13379002bed
.github/instructions/typescript.instructions.md file 0644 288 14f2246195732bcddc818abd579815c3b0fba6bc55b2925fde948dafa230e2d2
.github/prompts/ dir 0755
.github/prompts/build.prompt.md file 0644 163 7e3c85af2b70967aa544ebf2695885bec743b36aaa6911c94ecb84af90829b44
.github/prompts/quick.prompt.md file 0644 137 30b923cdb4aa3ec71b608cb37282038a61018935654a3cbaa7f1fdb4b69fe4e0
.github/prompts/ship.prompt.md file 0644 140 8302239666a0f1ea2a3ef65733af690c3df05de9f0c780c8a4b05bc18039a238
.github/skills/ dir 0755
.github/skills/deployer/ dir 0755
.github/skills/deployer/SKILL.md file 0644 174 8160f075c640ee77e3685ee67a0318dfb4f03b81bebfc1cfcbc8e7945f06b41a
.github/skills/reviewer/ dir 0755
.github/skills/reviewer/SKILL.md file 0644 421 cb318db002aacac347882a1ccee67572a242722da43a959f8668f1bc77703f0e
.github/skills/reviewer/references/ dir 0755
.github/skills/reviewer/references/checklist.md file 0644 28 02393d1b57638cc3b06632e057556d199781a02f385c4299936253c78ecd5328
.github/skills/reviewer/scripts/ dir 0755
.github/skills/reviewer/scripts/run.sh file 0644 22 914c2af00a91392459c499b94b955b3334a860831f85bbf3c4cc644460f877b8
.github/skills/scratch/ dir 0755
.github/skills/scratch/SKILL.md file 0644 150 840b60e9b2cd7374a669c0a76336256af88013efba44cd33f201a9c29dda5ec6
.gitignore file 0644 1399 28724b7f60d7216b53038f01349cde1b24ca480cf1778012f91080cdc13ff7db
.kilo/ dir 0755
.kilo/agents/ dir 0755
.kilo/agents/architect.md file 0644 171 9f499ed05e385eabe95c1ab5dd938a3b426684117be8fd3e9e906ccec47c409c
.kilo/agents/helper.md file 0644 147 52d68b4ac241267c3d725d3a2b41ed42eb012862e15bc9ba7865ce305bf559e1
.kilo/agents/tester.md file 0644 160 504b5d937542036401aadba25e2515c53fa13bab2abc6ecc024c235368736439
.kilo/commands/ dir 0755
.kilo/commands/build.md file 0644 163 07b7e605fd3efd8df99f706b1f0a1d52dfa71006c43f3dec24c1a6ee33e26e85
.kilo/commands/quick.md file 0644 137 2992a4ca155542450658646370f654641d824017b98394a51abfb7400703b479
.kilo/commands/ship.md file 0644 140 cae855c9d6b819934efbfdbf598d412bd7a5e09fcfabfd9785188bd3c01772f5
.kilo/plugins/ dir 0755
.kilo/plugins/ai-rulez-hooks.js file 0644 8796 bb68fbfbf7ffa3c450175ddbb7968d668584e11f841be026454a06e40b29015c
.kilo/rules/ dir 0755
.kilo/rules/always.md file 0644 240 05e03e3751104f2d3934811e2ff08c8c890d225a26a1d1b3fe300a5c4e6c92dd
.kilo/rules/auto.md file 0644 217 68e11410d45d239b3da6c2aabca1819972e7e00afa83cc891acef89a3ae2ad28
.kilo/rules/lab.local.md file 0644 223 32acecd6ad4cda4857d4fbebdb0a14eb550bae808d9917722b0bd700f57a094f
.kilo/rules/manual.md file 0644 228 9ebb255fae76ee6cda066d34226c2862e43a7d74ddd735840a81db1d9ce680cd
.kilo/rules/mine.local.md file 0644 231 3ab2c4ed381a77b250ebb868c1410aad077e9d8da4af8f0158dabd45871ef723
.kilo/rules/typescript.md file 0644 284 c95977ee0abc9d97498a06f477d42bd8bef8cfe54fc539f01994aeac1757eeaf
.kilo/skills/ dir 0755
.kilo/skills/deployer/ dir 0755
.kilo/skills/deployer/SKILL.md file 0644 172 a3ef0f4bdeef4f5a3f88437f3a88705e7dc388a42dd8523646a5db09dc2b8626
.kilo/skills/reviewer/ dir 0755
.kilo/skills/reviewer/SKILL.md file 0644 419 9b2dbf3fb01442905d40da0032e2e5998b4ec526247e9400a49102842056bbb1
.kilo/skills/reviewer/references/ dir 0755
.kilo/skills/reviewer/references/checklist.md file 0644 28 02393d1b57638cc3b06632e057556d199781a02f385c4299936253c78ecd5328
.kilo/skills/reviewer/scripts/ dir 0755
.kilo/skills/reviewer/scripts/run.sh file 0644 22 914c2af00a91392459c499b94b955b3334a860831f85bbf3c4cc644460f877b8
.kilo/skills/scratch/ dir 0755
.kilo/skills/scratch/SKILL.md file 0644 148 8854c619aef7bbafc04d15c1ab364d8dda27925d4a7770a40620f9a580bfd582
.mcp.json file 0600 571 8c416c5b9bc31fc113d5b3694f7c21726cca98653b0b12c964fee621caea8334
.opencode/ dir 0755
.opencode/agents/ dir 0755
.opencode/agents/architect.md file 0644 166 9dd8bf8ffed3a1f0224ae77627d154fded814856f2c25da1adaed71065ed0691
.opencode/agents/helper.md file 0644 142 8a5f732a41f229018341b521dd831e47ab75f35f593a0afef7274dca0d273dfa
.opencode/agents/tester.md file 0644 169 75eb4d0bf61903216baf02272dd4e376a76cbb452fd49b434f3ef884443ec6e1
.opencode/commands/ dir 0755
.opencode/commands/build.md file 0644 163 7e3c85af2b70967aa544ebf2695885bec743b36aaa6911c94ecb84af90829b44
.opencode/commands/quick.md file 0644 137 30b923cdb4aa3ec71b608cb37282038a61018935654a3cbaa7f1fdb4b69fe4e0
.opencode/commands/ship.md file 0644 140 8302239666a0f1ea2a3ef65733af690c3df05de9f0c780c8a4b05bc18039a238
.opencode/plugins/ dir 0755
.opencode/plugins/ai-rulez-hooks.js file 0644 9627 97109c8510be424bdb6dfbe235783ea512ad61d6e02a85c6c7dc6135aa5cf8b2
.opencode/skills/ dir 0755
.opencode/skills/deployer/ dir 0755
.opencode/skills/deployer/SKILL.md file 0644 174 8160f075c640ee77e3685ee67a0318dfb4f03b81bebfc1cfcbc8e7945f06b41a
.opencode/skills/reviewer/ dir 0755
.opencode/skills/reviewer/SKILL.md file 0644 421 cb318db002aacac347882a1ccee67572a242722da43a959f8668f1bc77703f0e
.opencode/skills/reviewer/references/ dir 0755
.opencode/skills/reviewer/references/checklist.md file 0644 28 02393d1b57638cc3b06632e057556d199781a02f385c4299936253c78ecd5328
.opencode/skills/reviewer/scripts/ dir 0755
.opencode/skills/reviewer/scripts/run.sh file 0644 22 914c2af00a91392459c499b94b955b3334a860831f85bbf3c4cc644460f877b8
.opencode/skills/scratch/ dir 0755
.opencode/skills/scratch/SKILL.md file 0644 150 840b60e9b2cd7374a669c0a76336256af88013efba44cd33f201a9c29dda5ec6
.vscode/ dir 0755
.vscode/mcp.json file 0600 547 dd8303f1e4edb5c7fc5436db37e3a93667f2d000280d564da65da580a94818af
.vscode/settings.json file 0644 233 3647325bdf3196d9329bd5e2ad02dff938123e173119519e68920148bf703703
AGENTS.local.md file 0644 502 b2dffe46219ed6a027a7d925af7e7f2339f14e1aa32982b2067b70dd09b9c9df
AGENTS.md file 0644 789 625473e36c682a95e0339179c22c821d94dc78496be3b54d523b398c34217c89
AGENTS.override.md file 0644 1166 fb8051321a48d855ac56b59e4891b501d6029a20bdd329b76034d90336a9f1f9
CLAUDE.local.md file 0644 415 71759bed64dc5f1674339c7a5ab7d4c318124aea36c6626b815b2a8b0693fa2c
CLAUDE.md file 0644 490 2030a4f8705cc0aff54257189f213d313c78fad93ff1530e76d1133e1f0e4f68
GEMINI.local.md file 0644 502 b2dffe46219ed6a027a7d925af7e7f2339f14e1aa32982b2067b70dd09b9c9df
GEMINI.md file 0644 789 625473e36c682a95e0339179c22c821d94dc78496be3b54d523b398c34217c89
REVIEW.md file 0644 219 e27f8811597fc9462d5515790ad275947a409d8e535601f01498686437bbf180
kilo.jsonc file 0600 915 c18268664298f582eed44cd5947f66d6f4961874cc2f6994059f3f52bd0ae259
opencode.json file 0600 962 c6b99383b04d57af967fc89e796bc26ed5c69eb4ee0ea4f3a0d9cfb045b73dc3
scripts/ dir 0755
scripts/guard.sh file 0755 17 306c6ca7407560340797866e077e053627ad409277d1b9da58106fce4cf717cb
--- home tree
(no change)

## step 2: ai-rulez generate --yes --allow-local-drift
exit: 0
--- stdout
--- stderr
INFO  This configuration directory uses the pre-OKF layout, which is deprecated; run 'ai-rulez migrate okf' to convert it to an OKF bundle path=$ROOT/.ai-rulez
WARN  [permissions] ask rules are not generated for cursor: it has no ask list and prompts for whatever is not allowed
WARN  [permissions] allow rule "Bash(npm run test:*)" not generated for cursor: Cursor's Shell() rules take a command name; a multi-word, exact or wildcard allow cannot be expressed without widening it
WARN  [permissions] allow rule "Read(./src/**)" not generated for codex: Codex has no rule surface for Read (paths, domains and MCP tools need a permission profile, which replaces sandbox_mode)
WARN  [permissions] allow rule "WebFetch(domain:example.com)" not generated for codex: Codex has no rule surface for WebFetch (paths, domains and MCP tools need a permission profile, which replaces sandbox_mode)
WARN  SECURITY: [permissions] deny rule "Read(./.env)" is NOT enforced by codex: Codex has no rule surface for Read (paths, domains and MCP tools need a permission profile, which replaces sandbox_mode) severity=error hint=enforce it another way (sandbox, hook) or remove the harness from the project
WARN  [permissions] ask rules are not generated for gemini: it has no ask list and prompts for whatever is not allowed
WARN  [permissions] allow rule "Read(./src/**)" not generated for gemini: settings.json can only allow or block a whole tool, not ./src/**
WARN  [permissions] allow rule "WebFetch(domain:example.com)" not generated for gemini: settings.json can only allow or block a whole tool, not domain:example.com
WARN  SECURITY: [permissions] deny rule "Read(./.env)" is NOT enforced by gemini: settings.json can only allow or block a whole tool, not ./.env severity=error hint=enforce it another way (sandbox, hook) or remove the harness from the project
WARN  Gemini CLI does not know Claude model aliases; omitting the model so the agent inherits the session model agent=architect model=sonnet hint=set gemini_model in the agent frontmatter or defaults.model_by_preset.gemini
WARN  [permissions] allow rule "Read(./src/**)" not generated for copilot: VS Code has no setting for Read rules
WARN  SECURITY: [permissions] deny rule "Bash(rm -rf:*)" is NOT enforced by copilot: VS Code has no hard deny; the rule is written as 'always ask' (false), which a user can still approve severity=error hint=enforce it another way (sandbox, hook) or remove the harness from the project
WARN  SECURITY: [permissions] deny rule "Read(./.env)" is NOT enforced by copilot: VS Code has no setting for Read rules severity=error hint=enforce it another way (sandbox, hook) or remove the harness from the project
WARN  OpenCode needs a provider-qualified model (provider/model); omitting it so the agent inherits the session model agent=architect model=sonnet hint=set opencode_model in the agent frontmatter or defaults.model_by_preset.opencode
WARN  [permissions] allow rule "Read(./src/**)" not generated for opencode: it would be evaluated after the overlapping, stricter rule **/.env and override it
WARN  [permissions] allow rule "Read(./src/**)" not generated for kilo: it would be evaluated after the overlapping, stricter rule **/.env and override it
WARN  Machine-local content has no output for this preset and was not written preset=cursor items=context lab, context notes
WARN  Machine-local content has no output for this preset and was not written preset=kilo items=context lab, context notes
WARN  Presets with a rules folder and presets without one write the same file ($ROOT/AGENTS.md); keeping the version that inlines every rule. Set agents_md = true or rules.mode = "inline" to share it path=$ROOT/AGENTS.md kept_from=codex rules_in_folder=kilo
WARN  OpenCode needs a provider-qualified model (provider/model); omitting it so the agent inherits the session model agent=architect model=sonnet hint=set opencode_model in the agent frontmatter or defaults.model_by_preset.opencode
WARN  OpenCode needs a provider-qualified model (provider/model); omitting it so the agent inherits the session model agent=architect model=sonnet hint=set opencode_model in the agent frontmatter or defaults.model_by_preset.opencode
WARN  OpenCode needs a provider-qualified model (provider/model); omitting it so the agent inherits the session model agent=architect model=sonnet hint=set opencode_model in the agent frontmatter or defaults.model_by_preset.opencode
WARN  OpenCode needs a provider-qualified model (provider/model); omitting it so the agent inherits the session model agent=architect model=sonnet hint=set opencode_model in the agent frontmatter or defaults.model_by_preset.opencode
WARN  Machine-local skills, agents, commands or checks have no per-item output for this preset and were not written preset=gemini items=command quick
WARN  OpenCode needs a provider-qualified model (provider/model); omitting it so the agent inherits the session model agent=architect model=sonnet hint=set opencode_model in the agent frontmatter or defaults.model_by_preset.opencode
INFO  Generating with configuration profile=default
INFO  Generated-file guard: only harnesses with a blocking PreToolUse hook get it; the others are skipped harnesses=[claude codex gemini cursor factory copilot copilot-cli]
INFO  Generation complete files=120
WARN  3 rules/context items use an activation the target tool cannot express; they are loaded always: items=rule auto, rule manual, rules manual
--- project tree
(no change)
--- home tree
(no change)

## step 3: ai-rulez generate --yes --allow-local-drift
exit: 0
--- stdout
--- stderr
INFO  This configuration directory uses the pre-OKF layout, which is deprecated; run 'ai-rulez migrate okf' to convert it to an OKF bundle path=$ROOT/.ai-rulez
WARN  [permissions] ask rules are not generated for cursor: it has no ask list and prompts for whatever is not allowed
WARN  [permissions] allow rule "Bash(npm run test:*)" not generated for cursor: Cursor's Shell() rules take a command name; a multi-word, exact or wildcard allow cannot be expressed without widening it
WARN  [permissions] allow rule "Read(./src/**)" not generated for codex: Codex has no rule surface for Read (paths, domains and MCP tools need a permission profile, which replaces sandbox_mode)
WARN  [permissions] allow rule "WebFetch(domain:example.com)" not generated for codex: Codex has no rule surface for WebFetch (paths, domains and MCP tools need a permission profile, which replaces sandbox_mode)
WARN  SECURITY: [permissions] deny rule "Read(./.env)" is NOT enforced by codex: Codex has no rule surface for Read (paths, domains and MCP tools need a permission profile, which replaces sandbox_mode) severity=error hint=enforce it another way (sandbox, hook) or remove the harness from the project
WARN  [permissions] ask rules are not generated for gemini: it has no ask list and prompts for whatever is not allowed
WARN  [permissions] allow rule "Read(./src/**)" not generated for gemini: settings.json can only allow or block a whole tool, not ./src/**
WARN  [permissions] allow rule "WebFetch(domain:example.com)" not generated for gemini: settings.json can only allow or block a whole tool, not domain:example.com
WARN  SECURITY: [permissions] deny rule "Read(./.env)" is NOT enforced by gemini: settings.json can only allow or block a whole tool, not ./.env severity=error hint=enforce it another way (sandbox, hook) or remove the harness from the project
WARN  Gemini CLI does not know Claude model aliases; omitting the model so the agent inherits the session model agent=architect model=sonnet hint=set gemini_model in the agent frontmatter or defaults.model_by_preset.gemini
WARN  [permissions] allow rule "Read(./src/**)" not generated for copilot: VS Code has no setting for Read rules
WARN  SECURITY: [permissions] deny rule "Bash(rm -rf:*)" is NOT enforced by copilot: VS Code has no hard deny; the rule is written as 'always ask' (false), which a user can still approve severity=error hint=enforce it another way (sandbox, hook) or remove the harness from the project
WARN  SECURITY: [permissions] deny rule "Read(./.env)" is NOT enforced by copilot: VS Code has no setting for Read rules severity=error hint=enforce it another way (sandbox, hook) or remove the harness from the project
WARN  OpenCode needs a provider-qualified model (provider/model); omitting it so the agent inherits the session model agent=architect model=sonnet hint=set opencode_model in the agent frontmatter or defaults.model_by_preset.opencode
WARN  [permissions] allow rule "Read(./src/**)" not generated for opencode: it would be evaluated after the overlapping, stricter rule **/.env and override it
WARN  [permissions] allow rule "Read(./src/**)" not generated for kilo: it would be evaluated after the overlapping, stricter rule **/.env and override it
WARN  Machine-local content has no output for this preset and was not written preset=cursor items=context lab, context notes
WARN  Machine-local content has no output for this preset and was not written preset=kilo items=context lab, context notes
WARN  Presets with a rules folder and presets without one write the same file ($ROOT/AGENTS.md); keeping the version that inlines every rule. Set agents_md = true or rules.mode = "inline" to share it path=$ROOT/AGENTS.md kept_from=codex rules_in_folder=kilo
WARN  OpenCode needs a provider-qualified model (provider/model); omitting it so the agent inherits the session model agent=architect model=sonnet hint=set opencode_model in the agent frontmatter or defaults.model_by_preset.opencode
WARN  OpenCode needs a provider-qualified model (provider/model); omitting it so the agent inherits the session model agent=architect model=sonnet hint=set opencode_model in the agent frontmatter or defaults.model_by_preset.opencode
WARN  OpenCode needs a provider-qualified model (provider/model); omitting it so the agent inherits the session model agent=architect model=sonnet hint=set opencode_model in the agent frontmatter or defaults.model_by_preset.opencode
WARN  OpenCode needs a provider-qualified model (provider/model); omitting it so the agent inherits the session model agent=architect model=sonnet hint=set opencode_model in the agent frontmatter or defaults.model_by_preset.opencode
WARN  Machine-local skills, agents, commands or checks have no per-item output for this preset and were not written preset=gemini items=command quick
WARN  OpenCode needs a provider-qualified model (provider/model); omitting it so the agent inherits the session model agent=architect model=sonnet hint=set opencode_model in the agent frontmatter or defaults.model_by_preset.opencode
INFO  Generating with configuration profile=default
INFO  Generated-file guard: only harnesses with a blocking PreToolUse hook get it; the others are skipped harnesses=[claude codex gemini cursor factory copilot copilot-cli]
INFO  Generation complete files=120
WARN  3 rules/context items use an activation the target tool cannot express; they are loaded always: items=rule auto, rule manual, rules manual
--- project tree
(no change)
--- home tree
(no change)

## step 4: ai-rulez generate --check
exit: 0
--- stdout
--- stderr
INFO  This configuration directory uses the pre-OKF layout, which is deprecated; run 'ai-rulez migrate okf' to convert it to an OKF bundle path=$ROOT/.ai-rulez
WARN  [permissions] ask rules are not generated for cursor: it has no ask list and prompts for whatever is not allowed
WARN  [permissions] allow rule "Bash(npm run test:*)" not generated for cursor: Cursor's Shell() rules take a command name; a multi-word, exact or wildcard allow cannot be expressed without widening it
WARN  [permissions] allow rule "Read(./src/**)" not generated for codex: Codex has no rule surface for Read (paths, domains and MCP tools need a permission profile, which replaces sandbox_mode)
WARN  [permissions] allow rule "WebFetch(domain:example.com)" not generated for codex: Codex has no rule surface for WebFetch (paths, domains and MCP tools need a permission profile, which replaces sandbox_mode)
WARN  SECURITY: [permissions] deny rule "Read(./.env)" is NOT enforced by codex: Codex has no rule surface for Read (paths, domains and MCP tools need a permission profile, which replaces sandbox_mode) severity=error hint=enforce it another way (sandbox, hook) or remove the harness from the project
WARN  [permissions] ask rules are not generated for gemini: it has no ask list and prompts for whatever is not allowed
WARN  [permissions] allow rule "Read(./src/**)" not generated for gemini: settings.json can only allow or block a whole tool, not ./src/**
WARN  [permissions] allow rule "WebFetch(domain:example.com)" not generated for gemini: settings.json can only allow or block a whole tool, not domain:example.com
WARN  SECURITY: [permissions] deny rule "Read(./.env)" is NOT enforced by gemini: settings.json can only allow or block a whole tool, not ./.env severity=error hint=enforce it another way (sandbox, hook) or remove the harness from the project
WARN  Gemini CLI does not know Claude model aliases; omitting the model so the agent inherits the session model agent=architect model=sonnet hint=set gemini_model in the agent frontmatter or defaults.model_by_preset.gemini
WARN  [permissions] allow rule "Read(./src/**)" not generated for copilot: VS Code has no setting for Read rules
WARN  SECURITY: [permissions] deny rule "Bash(rm -rf:*)" is NOT enforced by copilot: VS Code has no hard deny; the rule is written as 'always ask' (false), which a user can still approve severity=error hint=enforce it another way (sandbox, hook) or remove the harness from the project
WARN  SECURITY: [permissions] deny rule "Read(./.env)" is NOT enforced by copilot: VS Code has no setting for Read rules severity=error hint=enforce it another way (sandbox, hook) or remove the harness from the project
WARN  OpenCode needs a provider-qualified model (provider/model); omitting it so the agent inherits the session model agent=architect model=sonnet hint=set opencode_model in the agent frontmatter or defaults.model_by_preset.opencode
WARN  [permissions] allow rule "Read(./src/**)" not generated for opencode: it would be evaluated after the overlapping, stricter rule **/.env and override it
WARN  [permissions] allow rule "Read(./src/**)" not generated for kilo: it would be evaluated after the overlapping, stricter rule **/.env and override it
WARN  Machine-local content has no output for this preset and was not written preset=cursor items=context lab, context notes
WARN  Machine-local content has no output for this preset and was not written preset=kilo items=context lab, context notes
WARN  Presets with a rules folder and presets without one write the same file ($ROOT/AGENTS.md); keeping the version that inlines every rule. Set agents_md = true or rules.mode = "inline" to share it path=$ROOT/AGENTS.md kept_from=codex rules_in_folder=kilo
WARN  OpenCode needs a provider-qualified model (provider/model); omitting it so the agent inherits the session model agent=architect model=sonnet hint=set opencode_model in the agent frontmatter or defaults.model_by_preset.opencode
WARN  OpenCode needs a provider-qualified model (provider/model); omitting it so the agent inherits the session model agent=architect model=sonnet hint=set opencode_model in the agent frontmatter or defaults.model_by_preset.opencode
WARN  OpenCode needs a provider-qualified model (provider/model); omitting it so the agent inherits the session model agent=architect model=sonnet hint=set opencode_model in the agent frontmatter or defaults.model_by_preset.opencode
WARN  OpenCode needs a provider-qualified model (provider/model); omitting it so the agent inherits the session model agent=architect model=sonnet hint=set opencode_model in the agent frontmatter or defaults.model_by_preset.opencode
WARN  Machine-local skills, agents, commands or checks have no per-item output for this preset and were not written preset=gemini items=command quick
WARN  OpenCode needs a provider-qualified model (provider/model); omitting it so the agent inherits the session model agent=architect model=sonnet hint=set opencode_model in the agent frontmatter or defaults.model_by_preset.opencode
INFO  Generated files are up to date roots=1
--- project tree
(no change)
--- home tree
(no change)

## step 5: ai-rulez generate --yes --no-local
exit: 0
--- stdout
--- stderr
INFO  This configuration directory uses the pre-OKF layout, which is deprecated; run 'ai-rulez migrate okf' to convert it to an OKF bundle path=$ROOT/.ai-rulez
WARN  [permissions] ask rules are not generated for cursor: it has no ask list and prompts for whatever is not allowed
WARN  [permissions] allow rule "Bash(npm run test:*)" not generated for cursor: Cursor's Shell() rules take a command name; a multi-word, exact or wildcard allow cannot be expressed without widening it
WARN  [permissions] allow rule "Read(./src/**)" not generated for codex: Codex has no rule surface for Read (paths, domains and MCP tools need a permission profile, which replaces sandbox_mode)
WARN  [permissions] allow rule "WebFetch(domain:example.com)" not generated for codex: Codex has no rule surface for WebFetch (paths, domains and MCP tools need a permission profile, which replaces sandbox_mode)
WARN  SECURITY: [permissions] deny rule "Read(./.env)" is NOT enforced by codex: Codex has no rule surface for Read (paths, domains and MCP tools need a permission profile, which replaces sandbox_mode) severity=error hint=enforce it another way (sandbox, hook) or remove the harness from the project
WARN  [permissions] ask rules are not generated for gemini: it has no ask list and prompts for whatever is not allowed
WARN  [permissions] allow rule "Read(./src/**)" not generated for gemini: settings.json can only allow or block a whole tool, not ./src/**
WARN  [permissions] allow rule "WebFetch(domain:example.com)" not generated for gemini: settings.json can only allow or block a whole tool, not domain:example.com
WARN  SECURITY: [permissions] deny rule "Read(./.env)" is NOT enforced by gemini: settings.json can only allow or block a whole tool, not ./.env severity=error hint=enforce it another way (sandbox, hook) or remove the harness from the project
WARN  Gemini CLI does not know Claude model aliases; omitting the model so the agent inherits the session model agent=architect model=sonnet hint=set gemini_model in the agent frontmatter or defaults.model_by_preset.gemini
WARN  [permissions] allow rule "Read(./src/**)" not generated for copilot: VS Code has no setting for Read rules
WARN  SECURITY: [permissions] deny rule "Bash(rm -rf:*)" is NOT enforced by copilot: VS Code has no hard deny; the rule is written as 'always ask' (false), which a user can still approve severity=error hint=enforce it another way (sandbox, hook) or remove the harness from the project
WARN  SECURITY: [permissions] deny rule "Read(./.env)" is NOT enforced by copilot: VS Code has no setting for Read rules severity=error hint=enforce it another way (sandbox, hook) or remove the harness from the project
WARN  OpenCode needs a provider-qualified model (provider/model); omitting it so the agent inherits the session model agent=architect model=sonnet hint=set opencode_model in the agent frontmatter or defaults.model_by_preset.opencode
WARN  [permissions] allow rule "Read(./src/**)" not generated for opencode: it would be evaluated after the overlapping, stricter rule **/.env and override it
INFO  Generating with configuration profile=default
INFO  Generated-file guard: only harnesses with a blocking PreToolUse hook get it; the others are skipped harnesses=[claude codex gemini cursor factory copilot copilot-cli]
INFO  Generation complete files=73
WARN  3 rules/context items use an activation the target tool cannot express; they are loaded always: items=rule auto, rule manual, rules manual
--- project tree
~ .ai-rulez/.generated-manifest.json file 0644 2966 3771b0f4604ef7b80bc719bfca03e7870633bfb95435e812af404515ad717d6a
~ .ai-rulez/.generated-manifest.local.json file 0644 18367 f4ed09752b34ccc4cc0b28bdda5525c116f0c8bf2f3e7f69004a1963c19e521e
~ .gitignore file 0644 1355 dab9a0bd97bffaf4e0847a13d4f646fe18f1ad0a3e7031e99fb2b453d4add6ee
--- home tree
(no change)

## step 6: ai-rulez generate --dry-run --allow-local-drift
exit: 0
--- stdout
profile: default
local-only: .agents/skills/quick/SKILL.md
local-only: .agents/skills/quick/agents/openai.yaml
local-only: .agents/skills/scratch/SKILL.md
local-only: .claude/agents/helper.md
local-only: .claude/rules/lab.local.md
local-only: .claude/rules/mine.local.md
local-only: .claude/skills/quick/SKILL.md
local-only: .claude/skills/scratch/SKILL.md
local-only: .codex/agents/helper.toml
local-only: .cursor/agents/helper.md
local-only: .cursor/commands/quick.md
local-only: .cursor/rules/lab.local.mdc
local-only: .cursor/rules/mine.local.mdc
local-only: .gemini/agents/helper.md
local-only: .github/agents/helper.agent.md
local-only: .github/instructions/ai-rulez.local.instructions.md
local-only: .github/instructions/lab.local.instructions.md
local-only: .github/instructions/mine.local.instructions.md
local-only: .github/prompts/quick.prompt.md
local-only: .github/skills/scratch/SKILL.md
local-only: .kilo/agents/architect.md
local-only: .kilo/agents/helper.md
local-only: .kilo/agents/tester.md
local-only: .kilo/commands/build.md
local-only: .kilo/commands/quick.md
local-only: .kilo/commands/ship.md
local-only: .kilo/plugins/ai-rulez-hooks.js
local-only: .kilo/rules/always.md
local-only: .kilo/rules/auto.md
local-only: .kilo/rules/lab.local.md
local-only: .kilo/rules/manual.md
local-only: .kilo/rules/mine.local.md
local-only: .kilo/rules/typescript.md
local-only: .kilo/skills/deployer/SKILL.md
local-only: .kilo/skills/reviewer/SKILL.md
local-only: .kilo/skills/reviewer/references/checklist.md
local-only: .kilo/skills/reviewer/scripts/run.sh
local-only: .kilo/skills/scratch/SKILL.md
local-only: .opencode/agents/helper.md
local-only: .opencode/commands/quick.md
local-only: .opencode/skills/scratch/SKILL.md
local-only: AGENTS.local.md
local-only: AGENTS.override.md
local-only: CLAUDE.local.md
local-only: GEMINI.local.md
local-only: REVIEW.md
local-only: kilo.jsonc
create-dir: .claude
create-dir: .claude/skills
create-dir: .claude/agents
create-dir: .claude/rules
unchanged: CLAUDE.md
unchanged: .claude/rules/always.md
unchanged: .claude/rules/typescript.md
unchanged: .claude/rules/auto.md
unchanged: .claude/rules/targeted.md
unchanged: .claude/rules/manual.md
create-dir: .claude/skills/deployer
unchanged: .claude/skills/deployer/SKILL.md
create-dir: .claude/skills/reviewer
unchanged: .claude/skills/reviewer/SKILL.md
create-dir: .claude/skills/reviewer/references
create-dir: .claude/skills/reviewer/scripts
unchanged: .claude/skills/reviewer/references/checklist.md
unchanged: .claude/skills/reviewer/scripts/run.sh
unchanged: .claude/agents/architect.md
unchanged: .claude/agents/tester.md
create-dir: .claude/skills/build
unchanged: .claude/skills/build/SKILL.md
create-dir: .claude/skills/ship
unchanged: .claude/skills/ship/SKILL.md
unchanged: .claude/settings.json
unchanged: .claude/rules/mine.local.md
unchanged: .claude/rules/lab.local.md
unchanged: CLAUDE.local.md
unchanged: .claude/skills/scratch/SKILL.md
unchanged: .claude/agents/helper.md
unchanged: .claude/skills/quick/SKILL.md
create-dir: .codex
create-dir: .agents/skills
create-dir: .codex/agents
unchanged: AGENTS.md
create-dir: .agents/skills/deployer
unchanged: .agents/skills/deployer/SKILL.md
create-dir: .agents/skills/reviewer
unchanged: .agents/skills/reviewer/SKILL.md
create-dir: .agents/skills/reviewer/references
create-dir: .agents/skills/reviewer/scripts
unchanged: .agents/skills/reviewer/references/checklist.md
unchanged: .agents/skills/reviewer/scripts/run.sh
create-dir: .agents/skills/build
unchanged: .agents/skills/build/SKILL.md
create-dir: .agents/skills/build/agents
unchanged: .agents/skills/build/agents/openai.yaml
create-dir: .agents/skills/ship
unchanged: .agents/skills/ship/SKILL.md
create-dir: .agents/skills/ship/agents
unchanged: .agents/skills/ship/agents/openai.yaml
unchanged: .codex/agents/architect.toml
unchanged: .codex/agents/tester.toml
unchanged: .codex/config.toml
unchanged: .codex/rules/ai-rulez.rules
unchanged: .codex/hooks.json
unchanged: AGENTS.override.md
unchanged: .agents/skills/scratch/SKILL.md
unchanged: .agents/skills/quick/SKILL.md
unchanged: .agents/skills/quick/agents/openai.yaml
unchanged: .codex/agents/helper.toml
create-dir: .github
create-dir: .github/skills
create-dir: .github/agents
unchanged: .github/copilot-instructions.md
create-dir: .github/instructions
unchanged: .github/instructions/always.instructions.md
unchanged: .github/instructions/typescript.instructions.md
create-dir: .github/skills/deployer
unchanged: .github/skills/deployer/SKILL.md
create-dir: .github/skills/reviewer
unchanged: .github/skills/reviewer/SKILL.md
create-dir: .github/skills/reviewer/references
create-dir: .github/skills/reviewer/scripts
unchanged: .github/skills/reviewer/references/checklist.md
unchanged: .github/skills/reviewer/scripts/run.sh
unchanged: .github/agents/architect.agent.md
unchanged: .github/agents/tester.agent.md
create-dir: .github/prompts
unchanged: .github/prompts/build.prompt.md
unchanged: .github/prompts/ship.prompt.md
unchanged: .vscode/mcp.json
unchanged: .mcp.json
unchanged: .vscode/settings.json
unchanged: .github/hooks/ai-rulez.json
unchanged: .github/instructions/mine.local.instructions.md
unchanged: .github/instructions/lab.local.instructions.md
unchanged: .github/instructions/ai-rulez.local.instructions.md
unchanged: .github/skills/scratch/SKILL.md
unchanged: .github/agents/helper.agent.md
unchanged: .github/prompts/quick.prompt.md
create-dir: .cursor
create-dir: .cursor/commands
create-dir: .agents
create-dir: .cursor/agents
create-dir: .cursor/rules
unchanged: .cursor/rules/always.mdc
unchanged: .cursor/rules/typescript.mdc
unchanged: .cursor/rules/auto.mdc
unchanged: .cursor/rules/targeted.mdc
unchanged: .cursor/rules/manual.mdc
unchanged: .cursor/rules/context-overview.mdc
unchanged: .cursor/rules/context-architecture.mdc
unchanged: .cursor/commands/build.md
unchanged: .cursor/commands/ship.md
unchanged: .cursor/BUGBOT.md
unchanged: .cursor/agents/architect.md
unchanged: .cursor/agents/tester.md
unchanged: .cursor/mcp.json
unchanged: .cursor/cli.json
unchanged: .cursor/hooks.json
unchanged: .cursor/rules/mine.local.mdc
unchanged: .cursor/rules/lab.local.mdc
unchanged: .cursor/commands/quick.md
unchanged: .cursor/agents/helper.md
create-dir: .gemini
create-dir: .gemini/agents
unchanged: .gemini/settings.json
unchanged: GEMINI.md
unchanged: .gemini/agents/architect.md
unchanged: .gemini/agents/tester.md
unchanged: GEMINI.local.md
unchanged: .gemini/agents/helper.md
create-dir: .kilo
create-dir: .kilo/skills
create-dir: .kilo/agents
create-dir: .kilo/commands
create-dir: .kilo/rules
unchanged: .kilo/rules/always.md
unchanged: .kilo/rules/typescript.md
unchanged: .kilo/rules/auto.md
unchanged: .kilo/rules/manual.md
create-dir: .kilo/skills/deployer
unchanged: .kilo/skills/deployer/SKILL.md
create-dir: .kilo/skills/reviewer
unchanged: .kilo/skills/reviewer/SKILL.md
create-dir: .kilo/skills/reviewer/references
create-dir: .kilo/skills/reviewer/scripts
unchanged: .kilo/skills/reviewer/references/checklist.md
unchanged: .kilo/skills/reviewer/scripts/run.sh
unchanged: .kilo/agents/architect.md
unchanged: .kilo/agents/tester.md
unchanged: .kilo/commands/build.md
unchanged: .kilo/commands/ship.md
unchanged: REVIEW.md
unchanged: kilo.jsonc
unchanged: .kilo/plugins/ai-rulez-hooks.js
unchanged: .kilo/rules/mine.local.md
unchanged: .kilo/rules/lab.local.md
unchanged: .kilo/skills/scratch/SKILL.md
unchanged: .kilo/agents/helper.md
unchanged: .kilo/commands/quick.md
create-dir: .opencode
create-dir: .opencode/skills
create-dir: .opencode/agents
create-dir: .opencode/skills/deployer
unchanged: .opencode/skills/deployer/SKILL.md
create-dir: .opencode/skills/reviewer
unchanged: .opencode/skills/reviewer/SKILL.md
create-dir: .opencode/skills/reviewer/references
create-dir: .opencode/skills/reviewer/scripts
unchanged: .opencode/skills/reviewer/references/checklist.md
unchanged: .opencode/skills/reviewer/scripts/run.sh
create-dir: .opencode/commands
unchanged: .opencode/commands/build.md
unchanged: .opencode/commands/ship.md
unchanged: .opencode/agents/architect.md
unchanged: .opencode/agents/tester.md
unchanged: opencode.json
unchanged: .opencode/plugins/ai-rulez-hooks.js
unchanged: AGENTS.local.md
unchanged: .opencode/skills/scratch/SKILL.md
unchanged: .opencode/commands/quick.md
unchanged: .opencode/agents/helper.md
--- stderr
INFO  This configuration directory uses the pre-OKF layout, which is deprecated; run 'ai-rulez migrate okf' to convert it to an OKF bundle path=$ROOT/.ai-rulez
Warning: generate will write 7 new or changed command(s) that your tools will run (from $ROOT/.ai-rulez/config.toml):
  allow      Bash(npm run test:*)  -> claude, codex, copilot, gemini, kilo, opencode
  allow      Read(./src/**)  -> claude, cursor, kilo, opencode
  allow      WebFetch(domain:example.com)  -> claude, copilot, cursor, kilo, opencode
  hook       PreToolUse(Bash): scripts/guard.sh [sha256 306c6ca74075]  -> claude, codex, copilot, cursor, gemini, kilo, opencode
  hook       SessionStart: echo started  -> claude, codex, copilot, cursor, gemini, kilo, opencode
  mcp        local-tool: npx -y golden-mcp  -> claude, codex, copilot, cursor, gemini, kilo, opencode
  mcp        personal: personal-mcp --token <redacted>  -> claude, codex, copilot, cursor, gemini, kilo, opencode
Review them before you start a tool in this project. Silence with --yes or AI_RULEZ_ACK_COMMANDS=1.
WARN  [permissions] ask rules are not generated for cursor: it has no ask list and prompts for whatever is not allowed
WARN  [permissions] allow rule "Bash(npm run test:*)" not generated for cursor: Cursor's Shell() rules take a command name; a multi-word, exact or wildcard allow cannot be expressed without widening it
WARN  [permissions] allow rule "Read(./src/**)" not generated for codex: Codex has no rule surface for Read (paths, domains and MCP tools need a permission profile, which replaces sandbox_mode)
WARN  [permissions] allow rule "WebFetch(domain:example.com)" not generated for codex: Codex has no rule surface for WebFetch (paths, domains and MCP tools need a permission profile, which replaces sandbox_mode)
WARN  SECURITY: [permissions] deny rule "Read(./.env)" is NOT enforced by codex: Codex has no rule surface for Read (paths, domains and MCP tools need a permission profile, which replaces sandbox_mode) severity=error hint=enforce it another way (sandbox, hook) or remove the harness from the project
WARN  [permissions] ask rules are not generated for gemini: it has no ask list and prompts for whatever is not allowed
WARN  [permissions] allow rule "Read(./src/**)" not generated for gemini: settings.json can only allow or block a whole tool, not ./src/**
WARN  [permissions] allow rule "WebFetch(domain:example.com)" not generated for gemini: settings.json can only allow or block a whole tool, not domain:example.com
WARN  SECURITY: [permissions] deny rule "Read(./.env)" is NOT enforced by gemini: settings.json can only allow or block a whole tool, not ./.env severity=error hint=enforce it another way (sandbox, hook) or remove the harness from the project
WARN  Gemini CLI does not know Claude model aliases; omitting the model so the agent inherits the session model agent=architect model=sonnet hint=set gemini_model in the agent frontmatter or defaults.model_by_preset.gemini
WARN  [permissions] allow rule "Read(./src/**)" not generated for copilot: VS Code has no setting for Read rules
WARN  SECURITY: [permissions] deny rule "Bash(rm -rf:*)" is NOT enforced by copilot: VS Code has no hard deny; the rule is written as 'always ask' (false), which a user can still approve severity=error hint=enforce it another way (sandbox, hook) or remove the harness from the project
WARN  SECURITY: [permissions] deny rule "Read(./.env)" is NOT enforced by copilot: VS Code has no setting for Read rules severity=error hint=enforce it another way (sandbox, hook) or remove the harness from the project
WARN  OpenCode needs a provider-qualified model (provider/model); omitting it so the agent inherits the session model agent=architect model=sonnet hint=set opencode_model in the agent frontmatter or defaults.model_by_preset.opencode
WARN  [permissions] allow rule "Read(./src/**)" not generated for opencode: it would be evaluated after the overlapping, stricter rule **/.env and override it
WARN  [permissions] allow rule "Read(./src/**)" not generated for kilo: it would be evaluated after the overlapping, stricter rule **/.env and override it
WARN  Machine-local content has no output for this preset and was not written preset=cursor items=context lab, context notes
WARN  Machine-local content has no output for this preset and was not written preset=kilo items=context lab, context notes
WARN  Presets with a rules folder and presets without one write the same file ($ROOT/AGENTS.md); keeping the version that inlines every rule. Set agents_md = true or rules.mode = "inline" to share it path=$ROOT/AGENTS.md kept_from=codex rules_in_folder=kilo
WARN  OpenCode needs a provider-qualified model (provider/model); omitting it so the agent inherits the session model agent=architect model=sonnet hint=set opencode_model in the agent frontmatter or defaults.model_by_preset.opencode
WARN  OpenCode needs a provider-qualified model (provider/model); omitting it so the agent inherits the session model agent=architect model=sonnet hint=set opencode_model in the agent frontmatter or defaults.model_by_preset.opencode
WARN  OpenCode needs a provider-qualified model (provider/model); omitting it so the agent inherits the session model agent=architect model=sonnet hint=set opencode_model in the agent frontmatter or defaults.model_by_preset.opencode
WARN  OpenCode needs a provider-qualified model (provider/model); omitting it so the agent inherits the session model agent=architect model=sonnet hint=set opencode_model in the agent frontmatter or defaults.model_by_preset.opencode
WARN  Machine-local skills, agents, commands or checks have no per-item output for this preset and were not written preset=gemini items=command quick
WARN  OpenCode needs a provider-qualified model (provider/model); omitting it so the agent inherits the session model agent=architect model=sonnet hint=set opencode_model in the agent frontmatter or defaults.model_by_preset.opencode
WARN  3 rules/context items use an activation the target tool cannot express; they are loaded always: items=rule auto, rule manual, rules manual
--- project tree
(no change)
--- home tree
(no change)

## step 7: ai-rulez local show
exit: 0
--- stdout
local overlay: .ai-rulez/config.local.toml
  mcp_servers.personal.args: (not set) -> <redacted>
  mcp_servers.personal.command: (not set) -> <redacted>
  mcp_servers.personal.name: (not set) -> <redacted>
  presets: ["claude","cursor","codex","gemini","copilot","opencode"] -> ["claude","cursor","codex","gemini","copilot","opencode","kilo"] (local ["claude","cursor","codex","gemini","copilot","opencode","kilo"] is merged, not a replacement)
--- stderr
--- project tree
(no change)
--- home tree
(no change)

## step 8: ai-rulez clean --yes
exit: 0
--- stdout
Clean plan (profile default)
  remove file: .agents/skills/build/SKILL.md
  remove file: .agents/skills/build/agents/openai.yaml
  remove file: .agents/skills/deployer/SKILL.md
  remove file: .agents/skills/quick/SKILL.md
  remove file: .agents/skills/quick/agents/openai.yaml
  remove file: .agents/skills/reviewer/SKILL.md
  remove file: .agents/skills/reviewer/references/checklist.md
  remove file: .agents/skills/reviewer/scripts/run.sh
  remove file: .agents/skills/scratch/SKILL.md
  remove file: .agents/skills/ship/SKILL.md
  remove file: .agents/skills/ship/agents/openai.yaml
  remove file: .claude/agents/architect.md
  remove file: .claude/agents/helper.md
  remove file: .claude/agents/tester.md
  remove file: .claude/rules/always.md
  remove file: .claude/rules/auto.md
  remove file: .claude/rules/lab.local.md
  remove file: .claude/rules/manual.md
  remove file: .claude/rules/mine.local.md
  remove file: .claude/rules/targeted.md
  remove file: .claude/rules/typescript.md
  remove file: .claude/settings.json
  remove file: .claude/skills/build/SKILL.md
  remove file: .claude/skills/deployer/SKILL.md
  remove file: .claude/skills/quick/SKILL.md
  remove file: .claude/skills/reviewer/SKILL.md
  remove file: .claude/skills/reviewer/references/checklist.md
  remove file: .claude/skills/reviewer/scripts/run.sh
  remove file: .claude/skills/scratch/SKILL.md
  remove file: .claude/skills/ship/SKILL.md
  remove file: .codex/agents/architect.toml
  remove file: .codex/agents/helper.toml
  remove file: .codex/agents/tester.toml
  remove file: .codex/config.toml
  remove file: .codex/hooks.json
  remove file: .codex/rules/ai-rulez.rules
  remove file: .cursor/BUGBOT.md
  remove file: .cursor/agents/architect.md
  remove file: .cursor/agents/helper.md
  remove file: .cursor/agents/tester.md
  remove file: .cursor/cli.json
  remove file: .cursor/commands/build.md
  remove file: .cursor/commands/quick.md
  remove file: .cursor/commands/ship.md
  remove file: .cursor/hooks.json
  remove file: .cursor/mcp.json
  remove file: .cursor/rules/always.mdc
  remove file: .cursor/rules/auto.mdc
  remove file: .cursor/rules/context-architecture.mdc
  remove file: .cursor/rules/context-overview.mdc
  remove file: .cursor/rules/lab.local.mdc
  remove file: .cursor/rules/manual.mdc
  remove file: .cursor/rules/mine.local.mdc
  remove file: .cursor/rules/targeted.mdc
  remove file: .cursor/rules/typescript.mdc
  remove file: .gemini/agents/architect.md
  remove file: .gemini/agents/helper.md
  remove file: .gemini/agents/tester.md
  remove file: .gemini/settings.json
  remove file: .github/agents/architect.agent.md
  remove file: .github/agents/helper.agent.md
  remove file: .github/agents/tester.agent.md
  remove file: .github/copilot-instructions.md
  remove file: .github/hooks/ai-rulez.json
  remove file: .github/instructions/ai-rulez.local.instructions.md
  remove file: .github/instructions/always.instructions.md
  remove file: .github/instructions/lab.local.instructions.md
  remove file: .github/instructions/mine.local.instructions.md
  remove file: .github/instructions/typescript.instructions.md
  remove file: .github/prompts/build.prompt.md
  remove file: .github/prompts/quick.prompt.md
  remove file: .github/prompts/ship.prompt.md
  remove file: .github/skills/deployer/SKILL.md
  remove file: .github/skills/reviewer/SKILL.md
  remove file: .github/skills/reviewer/references/checklist.md
  remove file: .github/skills/reviewer/scripts/run.sh
  remove file: .github/skills/scratch/SKILL.md
  remove file: .kilo/agents/architect.md
  remove file: .kilo/agents/helper.md
  remove file: .kilo/agents/tester.md
  remove file: .kilo/commands/build.md
  remove file: .kilo/commands/quick.md
  remove file: .kilo/commands/ship.md
  remove file: .kilo/plugins/ai-rulez-hooks.js
  remove file: .kilo/rules/always.md
  remove file: .kilo/rules/auto.md
  remove file: .kilo/rules/lab.local.md
  remove file: .kilo/rules/manual.md
  remove file: .kilo/rules/mine.local.md
  remove file: .kilo/rules/typescript.md
  remove file: .kilo/skills/deployer/SKILL.md
  remove file: .kilo/skills/reviewer/SKILL.md
  remove file: .kilo/skills/reviewer/references/checklist.md
  remove file: .kilo/skills/reviewer/scripts/run.sh
  remove file: .kilo/skills/scratch/SKILL.md
  remove file: .mcp.json
  remove file: .opencode/agents/architect.md
  remove file: .opencode/agents/helper.md
  remove file: .opencode/agents/tester.md
  remove file: .opencode/commands/build.md
  remove file: .opencode/commands/quick.md
  remove file: .opencode/commands/ship.md
  remove file: .opencode/plugins/ai-rulez-hooks.js
  remove file: .opencode/skills/deployer/SKILL.md
  remove file: .opencode/skills/reviewer/SKILL.md
  remove file: .opencode/skills/reviewer/references/checklist.md
  remove file: .opencode/skills/reviewer/scripts/run.sh
  remove file: .opencode/skills/scratch/SKILL.md
  remove file: .vscode/mcp.json
  remove file: .vscode/settings.json
  remove file: AGENTS.local.md
  remove file: AGENTS.md
  remove file: AGENTS.override.md
  remove file: CLAUDE.local.md
  remove file: CLAUDE.md
  remove file: GEMINI.local.md
  remove file: GEMINI.md
  remove file: REVIEW.md
  remove file: kilo.jsonc
  remove file: opencode.json
  remove dir (if empty): .vscode
  remove dir (if empty): .opencode/skills/scratch
  remove dir (if empty): .opencode/skills/reviewer/scripts
  remove dir (if empty): .opencode/skills/reviewer/references
  remove dir (if empty): .opencode/skills/reviewer
  remove dir (if empty): .opencode/skills/deployer
  remove dir (if empty): .opencode/skills
  remove dir (if empty): .opencode/plugins
  remove dir (if empty): .opencode/commands
  remove dir (if empty): .opencode/agents
  remove dir (if empty): .opencode
  remove dir (if empty): .kilo/skills/scratch
  remove dir (if empty): .kilo/skills/reviewer/scripts
  remove dir (if empty): .kilo/skills/reviewer/references
  remove dir (if empty): .kilo/skills/reviewer
  remove dir (if empty): .kilo/skills/deployer
  remove dir (if empty): .kilo/skills
  remove dir (if empty): .kilo/rules
  remove dir (if empty): .kilo/plugins
  remove dir (if empty): .kilo/commands
  remove dir (if empty): .kilo/agents
  remove dir (if empty): .kilo
  remove dir (if empty): .github/skills/scratch
  remove dir (if empty): .github/skills/reviewer/scripts
  remove dir (if empty): .github/skills/reviewer/references
  remove dir (if empty): .github/skills/reviewer
  remove dir (if empty): .github/skills/deployer
  remove dir (if empty): .github/skills
  remove dir (if empty): .github/prompts
  remove dir (if empty): .github/instructions
  remove dir (if empty): .github/hooks
  remove dir (if empty): .github/agents
  remove dir (if empty): .github
  remove dir (if empty): .gemini/agents
  remove dir (if empty): .gemini
  remove dir (if empty): .cursor/rules
  remove dir (if empty): .cursor/commands
  remove dir (if empty): .cursor/agents
  remove dir (if empty): .cursor
  remove dir (if empty): .codex/rules
  remove dir (if empty): .codex/agents
  remove dir (if empty): .codex
  remove dir (if empty): .claude/skills/ship
  remove dir (if empty): .claude/skills/scratch
  remove dir (if empty): .claude/skills/reviewer/scripts
  remove dir (if empty): .claude/skills/reviewer/references
  remove dir (if empty): .claude/skills/reviewer
  remove dir (if empty): .claude/skills/quick
  remove dir (if empty): .claude/skills/deployer
  remove dir (if empty): .claude/skills/build
  remove dir (if empty): .claude/skills
  remove dir (if empty): .claude/rules
  remove dir (if empty): .claude/agents
  remove dir (if empty): .claude
  remove dir (if empty): .agents/skills/ship/agents
  remove dir (if empty): .agents/skills/ship
  remove dir (if empty): .agents/skills/scratch
  remove dir (if empty): .agents/skills/reviewer/scripts
  remove dir (if empty): .agents/skills/reviewer/references
  remove dir (if empty): .agents/skills/reviewer
  remove dir (if empty): .agents/skills/quick/agents
  remove dir (if empty): .agents/skills/quick
  remove dir (if empty): .agents/skills/deployer
  remove dir (if empty): .agents/skills/build/agents
  remove dir (if empty): .agents/skills/build
  remove dir (if empty): .agents/skills
  remove dir (if empty): .agents
  remove manifest: .ai-rulez/.generated-manifest.json
  remove local manifest: .ai-rulez/.generated-manifest.local.json
  strip ai-rulez block from .gitignore
--- stderr
WARN  Gemini CLI does not know Claude model aliases; omitting the model so the agent inherits the session model agent=architect model=sonnet hint=set gemini_model in the agent frontmatter or defaults.model_by_preset.gemini
WARN  OpenCode needs a provider-qualified model (provider/model); omitting it so the agent inherits the session model agent=architect model=sonnet hint=set opencode_model in the agent frontmatter or defaults.model_by_preset.opencode
WARN  Machine-local content has no output for this preset and was not written preset=cursor items=context lab, context notes
WARN  Machine-local content has no output for this preset and was not written preset=kilo items=context lab, context notes
WARN  OpenCode needs a provider-qualified model (provider/model); omitting it so the agent inherits the session model agent=architect model=sonnet hint=set opencode_model in the agent frontmatter or defaults.model_by_preset.opencode
WARN  OpenCode needs a provider-qualified model (provider/model); omitting it so the agent inherits the session model agent=architect model=sonnet hint=set opencode_model in the agent frontmatter or defaults.model_by_preset.opencode
WARN  OpenCode needs a provider-qualified model (provider/model); omitting it so the agent inherits the session model agent=architect model=sonnet hint=set opencode_model in the agent frontmatter or defaults.model_by_preset.opencode
WARN  OpenCode needs a provider-qualified model (provider/model); omitting it so the agent inherits the session model agent=architect model=sonnet hint=set opencode_model in the agent frontmatter or defaults.model_by_preset.opencode
WARN  Machine-local skills, agents, commands or checks have no per-item output for this preset and were not written preset=gemini items=command quick
WARN  OpenCode needs a provider-qualified model (provider/model); omitting it so the agent inherits the session model agent=architect model=sonnet hint=set opencode_model in the agent frontmatter or defaults.model_by_preset.opencode
WARN  Machine-local content has no output for this preset and was not written preset=cursor items=context lab, context notes
WARN  Machine-local content has no output for this preset and was not written preset=kilo items=context lab, context notes
WARN  OpenCode needs a provider-qualified model (provider/model); omitting it so the agent inherits the session model agent=architect model=sonnet hint=set opencode_model in the agent frontmatter or defaults.model_by_preset.opencode
WARN  OpenCode needs a provider-qualified model (provider/model); omitting it so the agent inherits the session model agent=architect model=sonnet hint=set opencode_model in the agent frontmatter or defaults.model_by_preset.opencode
WARN  OpenCode needs a provider-qualified model (provider/model); omitting it so the agent inherits the session model agent=architect model=sonnet hint=set opencode_model in the agent frontmatter or defaults.model_by_preset.opencode
WARN  OpenCode needs a provider-qualified model (provider/model); omitting it so the agent inherits the session model agent=architect model=sonnet hint=set opencode_model in the agent frontmatter or defaults.model_by_preset.opencode
WARN  Machine-local skills, agents, commands or checks have no per-item output for this preset and were not written preset=gemini items=command quick
Removed generated files: 120 files, 67 directories
--- project tree
.ai-rulez/ dir 0755
.ai-rulez/agents/ dir 0755
.ai-rulez/agents/architect.md file 0644 97 fc714ad19a3a1c9348f1a954f3a7d43dfa07a8640a114d2f7c14777f23871d72
.ai-rulez/agents/tester.md file 0644 82 72927a1eaca26accd861c5afde228c7c585007302e27d927af597b36733b831a
.ai-rulez/checks/ dir 0755
.ai-rulez/checks/security.md file 0644 129 6959bf66b516b9a429777aa26d8ce99f5ba2567175346573b6f50c1508ab0b50
.ai-rulez/checks/style.md file 0644 81 29ff5b316a1736ef9f9d9f8177eb79381851f67e862b6176aad658cd8c62fa36
.ai-rulez/commands/ dir 0755
.ai-rulez/commands/build.md file 0644 86 a9cebfe205f3b9671fa95cb548dfb846742c4bbc0ea9dda6b1ceea16567cad08
.ai-rulez/commands/ship.md file 0644 62 ef143b5a7da89769d892288d92297d90b37c637bbcd722b02ecc732d6024e3ce
.ai-rulez/config.local.toml file 0644 179 9150d530a5018f750014c4cd83d80abfff5c1599cdf527a7706dd12752bff394
.ai-rulez/config.toml file 0644 897 d9f438d95a59aae3b547433a505eaa69ae93f7db301ca608c7087bdc37df5934
.ai-rulez/context/ dir 0755
.ai-rulez/context/architecture.md file 0644 39 f061e6d3090d636939192e8f2a25fc35d5e1d5f39064be561b75958bfe58affe
.ai-rulez/context/overview.md file 0644 57 5516cc04000e99e3776a26e6b85af97da89016e71294b288c3f07cab508c08ee
.ai-rulez/local/ dir 0755
.ai-rulez/local/agents/ dir 0755
.ai-rulez/local/agents/helper.md file 0644 56 535e0bc40cb0a94a350d73c1d682c1c66c3a1dd90e3d32fcb6c438407a0b99ef
.ai-rulez/local/commands/ dir 0755
.ai-rulez/local/commands/quick.md file 0644 60 da6ec7356aac58e3513bfec5f62a52ab803bacf3edb35f885d92071eb6416d8b
.ai-rulez/local/context/ dir 0755
.ai-rulez/local/context/notes.md file 0644 24 0bb95f1b8720bfdb6877e5c130dec07a265c81223501d52a61f9e73fda8bd756
.ai-rulez/local/domains/ dir 0755
.ai-rulez/local/domains/lab/ dir 0755
.ai-rulez/local/domains/lab/context/ dir 0755
.ai-rulez/local/domains/lab/context/lab.md file 0644 14 6b2ac4e8b960179811c56d853679752b81d3027e1083f572eb554f25ece2b00e
.ai-rulez/local/domains/lab/rules/ dir 0755
.ai-rulez/local/domains/lab/rules/lab.md file 0644 26 2d7a2272f21d5c8dcd4b78ef853885f37831f229ad44ea30f0032dc47b63c85c
.ai-rulez/local/rules/ dir 0755
.ai-rulez/local/rules/mine.md file 0644 48 b206c164d56e156985055911fc7d14e1ac714da52af30aba9d88c62e52174a1d
.ai-rulez/local/skills/ dir 0755
.ai-rulez/local/skills/scratch/ dir 0755
.ai-rulez/local/skills/scratch/SKILL.md file 0644 59 1e737c9b55e2a1327f4132518be8614a9ef002c0c9c74541b119acaa78357108
.ai-rulez/rules/ dir 0755
.ai-rulez/rules/always.md file 0644 61 9c177b14cdaff230d103d9ee46ba44ce2455c5df6038cf1ea69e1e2e4c811282
.ai-rulez/rules/auto.md file 0644 101 88e5024831ae852d1bbce5c72672c24f8fc7b5342288a389ec797e65f5f60375
.ai-rulez/rules/manual.md file 0644 68 341ce1713db555c6d51e3253679660f1bb3afd322c72030d151f1a979d81b79b
.ai-rulez/rules/targeted.md file 0644 79 cab22af28f9870a3a1f8a42a44c3f1eec2050e8acca7a60b96e1688af4c698a2
.ai-rulez/rules/typescript.md file 0644 117 0e693f8a0ede994dfb6ede7fc2966d0d2092059a0d2858ec1fddd07c7529e6d2
.ai-rulez/skills/ dir 0755
.ai-rulez/skills/deployer/ dir 0755
.ai-rulez/skills/deployer/SKILL.md file 0644 83 bad245bf59d4d4f2ecd6a6980b475e628280c348abaa2c33a51cfde8f8019289
.ai-rulez/skills/reviewer/ dir 0755
.ai-rulez/skills/reviewer/SKILL.md file 0644 88 a944e83c0c4f2209746efcc77d875153037389d2c36e01af2a6ae88949b123fa
.ai-rulez/skills/reviewer/references/ dir 0755
.ai-rulez/skills/reviewer/references/checklist.md file 0644 28 02393d1b57638cc3b06632e057556d199781a02f385c4299936253c78ecd5328
.ai-rulez/skills/reviewer/scripts/ dir 0755
.ai-rulez/skills/reviewer/scripts/run.sh file 0644 22 914c2af00a91392459c499b94b955b3334a860831f85bbf3c4cc644460f877b8
.gitignore file 0644 110 63cb99b7b34b7a63e2cc9789bd43cd54f1024e2351119d07f6144b0bc3284980
scripts/ dir 0755
scripts/guard.sh file 0755 17 306c6ca7407560340797866e077e053627ad409277d1b9da58106fce4cf717cb
--- home tree
(no change)
