# scenario preset-antigravity

## step 1: ai-rulez generate --yes
exit: 0
--- stdout
--- stderr
WARN  [permissions] are not generated for antigravity: ai-rulez translates them for augment, claude, codebuddy, codex, commandcode, copilot, copilot-cli, cursor, devin, gemini, grok, hermes, kilo, kimi, letta, mimocode, omp, opencode, poolside, qoder, qwen, vibe, zed, zoocode only; the others have no documented permission file (see docs/permissions.md), so their deny rules are NOT enforced
WARN  [[hooks]] not generated for antigravity: the event SessionStart has no equivalent hint=restrict the group with targets, or remove it
INFO  Generating with configuration profile=default
INFO  Generated-file guard: only harnesses with a blocking PreToolUse hook get it; the others are skipped harnesses=[claude codex gemini cursor factory copilot copilot-cli]
INFO  Generation complete files=16
--- project tree
.agents/ dir 0755
.agents/agents/ dir 0755
.agents/agents/architect.md file 0644 270 d887f04846eb5fb7bc36c8ad3c0e17249923f0ed86508b442a6ceb15c69fbc5e
.agents/agents/tester.md file 0644 245 3dea3a801d138dee7c190abaa586c931eb2cf25f2a21bb9bade0d643064a6d00
.agents/hooks.json file 0644 259 e87190d141b1e0a8c1c651170ff503c064f20c50682db87c47ad11f7c19832e3
.agents/mcp_config.json file 0600 361 d5e2f0574aa2d6c5463df8f747b343e1dfaf131d11031ed1b3712186b7b8cc50
.agents/rules/ dir 0755
.agents/rules/always.md file 0644 352 2f3c419c9cbc3224563869165d227d9673423b7834c527632101812c5b57a7fd
.agents/rules/auto.md file 0644 367 75c8f745bd3aff1015105a24e07c7de486450c2ff87eb74f8bffab3853fdef77
.agents/rules/manual.md file 0644 337 84427726558a013adb73f3e0d38f5b585bc4ed24145f3b892217821dfc50e22e
.agents/rules/typescript.md file 0644 385 64c8659c667b757b849440cbaad0dde7527c76db9898d74fd080bb50c01c047d
.agents/skills/ dir 0755
.agents/skills/build/ dir 0755
.agents/skills/build/SKILL.md file 0644 295 e7cf7b667d4d35b17ea60c622fd29b230f8f7aa5360bab032e474e15e24acfab
.agents/skills/deployer/ dir 0755
.agents/skills/deployer/SKILL.md file 0644 261 6e2355aef212221cb1d8c29b3e392ec9c7941b096ce0594b4ab20be37a89ecc1
.agents/skills/reviewer/ dir 0755
.agents/skills/reviewer/SKILL.md file 0644 508 452ec7e1fe9e7ff2ec71b291cef94b3f54253316485d8243f8cc127ebfb629d6
.agents/skills/reviewer/references/ dir 0755
.agents/skills/reviewer/references/checklist.md file 0644 28 02393d1b57638cc3b06632e057556d199781a02f385c4299936253c78ecd5328
.agents/skills/reviewer/scripts/ dir 0755
.agents/skills/reviewer/scripts/run.sh file 0644 22 914c2af00a91392459c499b94b955b3334a860831f85bbf3c4cc644460f877b8
.agents/skills/ship/ dir 0755
.agents/skills/ship/SKILL.md file 0644 271 b6267afd7a33ba294ce08ea52aaee3707e9da5c635bb451d6b559545aadfdee3
.ai-rulez/ dir 0755
.ai-rulez/.generated-manifest.json file 0644 645 cdedea00837a0055fc884db636b1eac75966f4946c5da49c22fc775cf70995d6
.ai-rulez/.generated-manifest.local.json file 0644 1637 8023e1bab6bd79e64bdad95cdbcf25f979613bd2faa397c72a2fbcc20be7dbc0
.ai-rulez/agents/ dir 0755
.ai-rulez/agents/architect.md file 0644 97 fc714ad19a3a1c9348f1a954f3a7d43dfa07a8640a114d2f7c14777f23871d72
.ai-rulez/agents/tester.md file 0644 82 72927a1eaca26accd861c5afde228c7c585007302e27d927af597b36733b831a
.ai-rulez/checks/ dir 0755
.ai-rulez/checks/security.md file 0644 129 6959bf66b516b9a429777aa26d8ce99f5ba2567175346573b6f50c1508ab0b50
.ai-rulez/checks/style.md file 0644 81 29ff5b316a1736ef9f9d9f8177eb79381851f67e862b6176aad658cd8c62fa36
.ai-rulez/commands/ dir 0755
.ai-rulez/commands/build.md file 0644 86 a9cebfe205f3b9671fa95cb548dfb846742c4bbc0ea9dda6b1ceea16567cad08
.ai-rulez/commands/ship.md file 0644 62 ef143b5a7da89769d892288d92297d90b37c637bbcd722b02ecc732d6024e3ce
.ai-rulez/config.toml file 0644 832 cd889ec5e521f307ab6f4678d42b12eb91f2d2cd55e57ff0c5ab500ecb16a1ed
.ai-rulez/context/ dir 0755
.ai-rulez/context/architecture.md file 0644 39 f061e6d3090d636939192e8f2a25fc35d5e1d5f39064be561b75958bfe58affe
.ai-rulez/context/overview.md file 0644 57 5516cc04000e99e3776a26e6b85af97da89016e71294b288c3f07cab508c08ee
.ai-rulez/rules/ dir 0755
.ai-rulez/rules/always.md file 0644 61 9c177b14cdaff230d103d9ee46ba44ce2455c5df6038cf1ea69e1e2e4c811282
.ai-rulez/rules/auto.md file 0644 101 88e5024831ae852d1bbce5c72672c24f8fc7b5342288a389ec797e65f5f60375
.ai-rulez/rules/manual.md file 0644 68 341ce1713db555c6d51e3253679660f1bb3afd322c72030d151f1a979d81b79b
.ai-rulez/rules/targeted.md file 0644 79 cab22af28f9870a3a1f8a42a44c3f1eec2050e8acca7a60b96e1688af4c698a2
.ai-rulez/rules/typescript.md file 0644 117 0e693f8a0ede994dfb6ede7fc2966d0d2092059a0d2858ec1fddd07c7529e6d2
.ai-rulez/skills/ dir 0755
.ai-rulez/skills/deployer/ dir 0755
.ai-rulez/skills/deployer/SKILL.md file 0644 83 bad245bf59d4d4f2ecd6a6980b475e628280c348abaa2c33a51cfde8f8019289
.ai-rulez/skills/reviewer/ dir 0755
.ai-rulez/skills/reviewer/SKILL.md file 0644 88 a944e83c0c4f2209746efcc77d875153037389d2c36e01af2a6ae88949b123fa
.ai-rulez/skills/reviewer/references/ dir 0755
.ai-rulez/skills/reviewer/references/checklist.md file 0644 28 02393d1b57638cc3b06632e057556d199781a02f385c4299936253c78ecd5328
.ai-rulez/skills/reviewer/scripts/ dir 0755
.ai-rulez/skills/reviewer/scripts/run.sh file 0644 22 914c2af00a91392459c499b94b955b3334a860831f85bbf3c4cc644460f877b8
.gitignore file 0644 379 e7c0cf6b506f63abce47f1854c70d36fa71ad6ee1e925a0202d5f44e71e4ee27
.mcp.json file 0644 419 893d9026bc75ab0203a11511e4c2fc6799157d0d9050b07422635291e2550ee4
GEMINI.md file 0644 575 64637d689588ac816e1715c259e3957f96491fe15fd0a65e397e4c5189b3b580
scripts/ dir 0755
scripts/guard.sh file 0755 17 306c6ca7407560340797866e077e053627ad409277d1b9da58106fce4cf717cb
--- home tree
(no change)

## step 2: ai-rulez generate --yes
exit: 0
--- stdout
--- stderr
WARN  [permissions] are not generated for antigravity: ai-rulez translates them for augment, claude, codebuddy, codex, commandcode, copilot, copilot-cli, cursor, devin, gemini, grok, hermes, kilo, kimi, letta, mimocode, omp, opencode, poolside, qoder, qwen, vibe, zed, zoocode only; the others have no documented permission file (see docs/permissions.md), so their deny rules are NOT enforced
WARN  [[hooks]] not generated for antigravity: the event SessionStart has no equivalent hint=restrict the group with targets, or remove it
INFO  Generating with configuration profile=default
INFO  Generated-file guard: only harnesses with a blocking PreToolUse hook get it; the others are skipped harnesses=[claude codex gemini cursor factory copilot copilot-cli]
INFO  Generation complete files=16
--- project tree
(no change)
--- home tree
(no change)

## step 3: ai-rulez generate --check
exit: 0
--- stdout
--- stderr
WARN  [permissions] are not generated for antigravity: ai-rulez translates them for augment, claude, codebuddy, codex, commandcode, copilot, copilot-cli, cursor, devin, gemini, grok, hermes, kilo, kimi, letta, mimocode, omp, opencode, poolside, qoder, qwen, vibe, zed, zoocode only; the others have no documented permission file (see docs/permissions.md), so their deny rules are NOT enforced
WARN  [[hooks]] not generated for antigravity: the event SessionStart has no equivalent hint=restrict the group with targets, or remove it
INFO  Generated files are up to date roots=1
--- project tree
(no change)
--- home tree
(no change)

## step 4: ai-rulez verify
exit: 0
--- stdout
verified 11 generated file(s) against their Content-Hash
--- stderr
INFO  Generated files are up to date roots=1
--- project tree
(no change)
--- home tree
(no change)

## step 5: ai-rulez clean --force
exit: 0
--- stdout
--- stderr
INFO  Clean plan profile=default
INFO    remove file: .agents/agents/architect.md
INFO    remove file: .agents/agents/tester.md
INFO    remove file: .agents/hooks.json
INFO    remove file: .agents/mcp_config.json
INFO    remove file: .agents/rules/always.md
INFO    remove file: .agents/rules/auto.md
INFO    remove file: .agents/rules/manual.md
INFO    remove file: .agents/rules/typescript.md
INFO    remove file: .agents/skills/build/SKILL.md
INFO    remove file: .agents/skills/deployer/SKILL.md
INFO    remove file: .agents/skills/reviewer/SKILL.md
INFO    remove file: .agents/skills/reviewer/references/checklist.md
INFO    remove file: .agents/skills/reviewer/scripts/run.sh
INFO    remove file: .agents/skills/ship/SKILL.md
INFO    remove file: .mcp.json
INFO    remove file: GEMINI.md
INFO    remove dir (if empty): .agents/skills/ship
INFO    remove dir (if empty): .agents/skills/reviewer/scripts
INFO    remove dir (if empty): .agents/skills/reviewer/references
INFO    remove dir (if empty): .agents/skills/reviewer
INFO    remove dir (if empty): .agents/skills/deployer
INFO    remove dir (if empty): .agents/skills/build
INFO    remove dir (if empty): .agents/skills
INFO    remove dir (if empty): .agents/rules
INFO    remove dir (if empty): .agents/agents
INFO    remove dir (if empty): .agents
INFO    remove manifest: .ai-rulez/.generated-manifest.json
INFO    remove local manifest: .ai-rulez/.generated-manifest.local.json
INFO    strip ai-rulez block from .gitignore
INFO  Removed generated files files=16 directories=10
--- project tree
.ai-rulez/ dir 0755
.ai-rulez/agents/ dir 0755
.ai-rulez/agents/architect.md file 0644 97 fc714ad19a3a1c9348f1a954f3a7d43dfa07a8640a114d2f7c14777f23871d72
.ai-rulez/agents/tester.md file 0644 82 72927a1eaca26accd861c5afde228c7c585007302e27d927af597b36733b831a
.ai-rulez/checks/ dir 0755
.ai-rulez/checks/security.md file 0644 129 6959bf66b516b9a429777aa26d8ce99f5ba2567175346573b6f50c1508ab0b50
.ai-rulez/checks/style.md file 0644 81 29ff5b316a1736ef9f9d9f8177eb79381851f67e862b6176aad658cd8c62fa36
.ai-rulez/commands/ dir 0755
.ai-rulez/commands/build.md file 0644 86 a9cebfe205f3b9671fa95cb548dfb846742c4bbc0ea9dda6b1ceea16567cad08
.ai-rulez/commands/ship.md file 0644 62 ef143b5a7da89769d892288d92297d90b37c637bbcd722b02ecc732d6024e3ce
.ai-rulez/config.toml file 0644 832 cd889ec5e521f307ab6f4678d42b12eb91f2d2cd55e57ff0c5ab500ecb16a1ed
.ai-rulez/context/ dir 0755
.ai-rulez/context/architecture.md file 0644 39 f061e6d3090d636939192e8f2a25fc35d5e1d5f39064be561b75958bfe58affe
.ai-rulez/context/overview.md file 0644 57 5516cc04000e99e3776a26e6b85af97da89016e71294b288c3f07cab508c08ee
.ai-rulez/rules/ dir 0755
.ai-rulez/rules/always.md file 0644 61 9c177b14cdaff230d103d9ee46ba44ce2455c5df6038cf1ea69e1e2e4c811282
.ai-rulez/rules/auto.md file 0644 101 88e5024831ae852d1bbce5c72672c24f8fc7b5342288a389ec797e65f5f60375
.ai-rulez/rules/manual.md file 0644 68 341ce1713db555c6d51e3253679660f1bb3afd322c72030d151f1a979d81b79b
.ai-rulez/rules/targeted.md file 0644 79 cab22af28f9870a3a1f8a42a44c3f1eec2050e8acca7a60b96e1688af4c698a2
.ai-rulez/rules/typescript.md file 0644 117 0e693f8a0ede994dfb6ede7fc2966d0d2092059a0d2858ec1fddd07c7529e6d2
.ai-rulez/skills/ dir 0755
.ai-rulez/skills/deployer/ dir 0755
.ai-rulez/skills/deployer/SKILL.md file 0644 83 bad245bf59d4d4f2ecd6a6980b475e628280c348abaa2c33a51cfde8f8019289
.ai-rulez/skills/reviewer/ dir 0755
.ai-rulez/skills/reviewer/SKILL.md file 0644 88 a944e83c0c4f2209746efcc77d875153037389d2c36e01af2a6ae88949b123fa
.ai-rulez/skills/reviewer/references/ dir 0755
.ai-rulez/skills/reviewer/references/checklist.md file 0644 28 02393d1b57638cc3b06632e057556d199781a02f385c4299936253c78ecd5328
.ai-rulez/skills/reviewer/scripts/ dir 0755
.ai-rulez/skills/reviewer/scripts/run.sh file 0644 22 914c2af00a91392459c499b94b955b3334a860831f85bbf3c4cc644460f877b8
scripts/ dir 0755
scripts/guard.sh file 0755 17 306c6ca7407560340797866e077e053627ad409277d1b9da58106fce4cf717cb
--- home tree
(no change)
