# scenario profiles-domains

## step 1: ai-rulez generate --yes
exit: 0
--- stdout
--- stderr
INFO  This configuration directory uses the legacy layout, which is deprecated and stops loading in v6; run 'ai-rulez migrate okf' to convert it to an OKF bundle path=$ROOT/.ai-rulez
WARN  [permissions] ask rules are not generated for cursor: it has no ask list and prompts for whatever is not allowed
WARN  [permissions] allow rule "Bash(npm run test:*)" not generated for cursor: Cursor's Shell() rules take a command name; a multi-word, exact or wildcard allow cannot be expressed without widening it
WARN  [permissions] allow rule "Read(./src/**)" not generated for codex: Codex has no rule surface for Read (paths, domains and MCP tools need a permission profile, which replaces sandbox_mode)
WARN  [permissions] allow rule "WebFetch(domain:example.com)" not generated for codex: Codex has no rule surface for WebFetch (paths, domains and MCP tools need a permission profile, which replaces sandbox_mode)
WARN  SECURITY: [permissions] deny rule "Read(./.env)" is NOT enforced by codex: Codex has no rule surface for Read (paths, domains and MCP tools need a permission profile, which replaces sandbox_mode) severity=error hint=enforce it another way (sandbox, hook) or remove the harness from the project
WARN  [permissions] ask rules are not generated for gemini: it has no ask list and prompts for whatever is not allowed
WARN  [permissions] allow rule "Read(./src/**)" not generated for gemini: settings.json can only allow or block a whole tool, not ./src/**
WARN  [permissions] allow rule "WebFetch(domain:example.com)" not generated for gemini: settings.json can only allow or block a whole tool, not domain:example.com
WARN  SECURITY: [permissions] deny rule "Read(./.env)" is NOT enforced by gemini: settings.json can only allow or block a whole tool, not ./.env severity=error hint=enforce it another way (sandbox, hook) or remove the harness from the project
WARN  Gemini CLI does not know Claude model aliases; omitting the model so the agent inherits the session model agent=architect model=sonnet hint=set gemini_model in the agent frontmatter or defaults.model_by_preset.gemini
WARN  [permissions] allow rule "Read(./src/**)" not generated for copilot: VS Code has no setting for Read rules
WARN  SECURITY: [permissions] deny rule "Bash(rm -rf:*)" is NOT enforced by copilot: VS Code has no hard deny; the rule is written as 'always ask' (false), which a user can still approve severity=error hint=enforce it another way (sandbox, hook) or remove the harness from the project
WARN  SECURITY: [permissions] deny rule "Read(./.env)" is NOT enforced by copilot: VS Code has no setting for Read rules severity=error hint=enforce it another way (sandbox, hook) or remove the harness from the project
WARN  OpenCode needs a provider-qualified model (provider/model); omitting it so the agent inherits the session model agent=architect model=sonnet hint=set opencode_model in the agent frontmatter or defaults.model_by_preset.opencode
WARN  [permissions] allow rule "Read(./src/**)" not generated for opencode: it would be evaluated after the overlapping, stricter rule **/.env and override it
INFO  Generating with configuration profile=default
INFO  Generated-file guard: only harnesses with a blocking PreToolUse hook get it; the others are skipped harnesses=[claude codex gemini cursor factory copilot copilot-cli]
INFO  Generation complete files=73
WARN  3 rules/context items use an activation the target tool cannot express; they are loaded always: items=rule auto, rule manual, rules manual
--- project tree
.agents/ dir 0755
.agents/skills/ dir 0755
.agents/skills/build/ dir 0755
.agents/skills/build/SKILL.md file 0644 208 46b69b72e18269edf5eebfbca6e27e758458e9cef50f0d490ca48843d9b8ea09
.agents/skills/build/agents/ dir 0755
.agents/skills/build/agents/openai.yaml file 0644 43 a1499d95abd8447558c535fe5554adcc3c9b988a0a39264a6283d430effe1e94
.agents/skills/deployer/ dir 0755
.agents/skills/deployer/SKILL.md file 0644 174 8160f075c640ee77e3685ee67a0318dfb4f03b81bebfc1cfcbc8e7945f06b41a
.agents/skills/reviewer/ dir 0755
.agents/skills/reviewer/SKILL.md file 0644 421 cb318db002aacac347882a1ccee67572a242722da43a959f8668f1bc77703f0e
.agents/skills/reviewer/references/ dir 0755
.agents/skills/reviewer/references/checklist.md file 0644 28 02393d1b57638cc3b06632e057556d199781a02f385c4299936253c78ecd5328
.agents/skills/reviewer/scripts/ dir 0755
.agents/skills/reviewer/scripts/run.sh file 0644 22 914c2af00a91392459c499b94b955b3334a860831f85bbf3c4cc644460f877b8
.agents/skills/ship/ dir 0755
.agents/skills/ship/SKILL.md file 0644 184 6b822e098b5ea716fc05e66c57a0617b08a030c3f138b086712a80d7be4479d5
.agents/skills/ship/agents/ dir 0755
.agents/skills/ship/agents/openai.yaml file 0644 43 a1499d95abd8447558c535fe5554adcc3c9b988a0a39264a6283d430effe1e94
.ai-rulez/ dir 0755
.ai-rulez/.generated-manifest.json file 0644 2966 3771b0f4604ef7b80bc719bfca03e7870633bfb95435e812af404515ad717d6a
.ai-rulez/.generated-manifest.local.json file 0644 12425 904c090ded81e7d4d709ff0eca944386a5d0d4f4471f5104432bc4b5ea4f570a
.ai-rulez/agents/ dir 0755
.ai-rulez/agents/architect.md file 0644 97 fc714ad19a3a1c9348f1a954f3a7d43dfa07a8640a114d2f7c14777f23871d72
.ai-rulez/agents/tester.md file 0644 82 72927a1eaca26accd861c5afde228c7c585007302e27d927af597b36733b831a
.ai-rulez/checks/ dir 0755
.ai-rulez/checks/security.md file 0644 129 6959bf66b516b9a429777aa26d8ce99f5ba2567175346573b6f50c1508ab0b50
.ai-rulez/checks/style.md file 0644 81 29ff5b316a1736ef9f9d9f8177eb79381851f67e862b6176aad658cd8c62fa36
.ai-rulez/commands/ dir 0755
.ai-rulez/commands/build.md file 0644 86 a9cebfe205f3b9671fa95cb548dfb846742c4bbc0ea9dda6b1ceea16567cad08
.ai-rulez/commands/ship.md file 0644 62 ef143b5a7da89769d892288d92297d90b37c637bbcd722b02ecc732d6024e3ce
.ai-rulez/config.toml file 0644 986 22314f614402211a767a642bf69ff2c4621869214bf2bd16a1f8997c49b38301
.ai-rulez/context/ dir 0755
.ai-rulez/context/architecture.md file 0644 39 f061e6d3090d636939192e8f2a25fc35d5e1d5f39064be561b75958bfe58affe
.ai-rulez/context/overview.md file 0644 57 5516cc04000e99e3776a26e6b85af97da89016e71294b288c3f07cab508c08ee
.ai-rulez/domains/ dir 0755
.ai-rulez/domains/backend/ dir 0755
.ai-rulez/domains/backend/agents/ dir 0755
.ai-rulez/domains/backend/agents/dba.md file 0644 52 ce57b6ebf36e54afe0d2707d38157ca5d6d63d90f7767ea093e60f41d1083481
.ai-rulez/domains/backend/context/ dir 0755
.ai-rulez/domains/backend/context/api.md file 0644 25 77fe40a88a63da72d94c6271e97845eaf7b4fd5724850f3a9f995ca42f97c305
.ai-rulez/domains/backend/rules/ dir 0755
.ai-rulez/domains/backend/rules/go.md file 0644 42 93917fd474c7530046e22d7915d20cf22bf9e52729d215db622e860e41110837
.ai-rulez/domains/backend/skills/ dir 0755
.ai-rulez/domains/backend/skills/migrator/ dir 0755
.ai-rulez/domains/backend/skills/migrator/SKILL.md file 0644 63 fc152f29099afc77ff3d1e422c69c62792d1aa2f6296fc310cd89d8ffde3edf3
.ai-rulez/domains/frontend/ dir 0755
.ai-rulez/domains/frontend/checks/ dir 0755
.ai-rulez/domains/frontend/checks/a11y.md file 0644 71 cf9f9553d6e1ed3df9b9574a8d710af93dbea3b9b8153b25077fae039daa8c55
.ai-rulez/domains/frontend/commands/ dir 0755
.ai-rulez/domains/frontend/commands/storybook.md file 0644 68 f30ad029d614a0ff487c75f58d9b92a647c797af66d55c2f0bfce7658db40ad6
.ai-rulez/domains/frontend/rules/ dir 0755
.ai-rulez/domains/frontend/rules/react.md file 0644 53 142768f4640359b518784a9445a0336adcfb8ad31fbf817be97deeaa317a1dbb
.ai-rulez/rules/ dir 0755
.ai-rulez/rules/always.md file 0644 61 9c177b14cdaff230d103d9ee46ba44ce2455c5df6038cf1ea69e1e2e4c811282
.ai-rulez/rules/auto.md file 0644 101 88e5024831ae852d1bbce5c72672c24f8fc7b5342288a389ec797e65f5f60375
.ai-rulez/rules/manual.md file 0644 68 341ce1713db555c6d51e3253679660f1bb3afd322c72030d151f1a979d81b79b
.ai-rulez/rules/targeted.md file 0644 79 cab22af28f9870a3a1f8a42a44c3f1eec2050e8acca7a60b96e1688af4c698a2
.ai-rulez/rules/typescript.md file 0644 117 0e693f8a0ede994dfb6ede7fc2966d0d2092059a0d2858ec1fddd07c7529e6d2
.ai-rulez/skills/ dir 0755
.ai-rulez/skills/deployer/ dir 0755
.ai-rulez/skills/deployer/SKILL.md file 0644 83 bad245bf59d4d4f2ecd6a6980b475e628280c348abaa2c33a51cfde8f8019289
.ai-rulez/skills/reviewer/ dir 0755
.ai-rulez/skills/reviewer/SKILL.md file 0644 88 a944e83c0c4f2209746efcc77d875153037389d2c36e01af2a6ae88949b123fa
.ai-rulez/skills/reviewer/references/ dir 0755
.ai-rulez/skills/reviewer/references/checklist.md file 0644 28 02393d1b57638cc3b06632e057556d199781a02f385c4299936253c78ecd5328
.ai-rulez/skills/reviewer/scripts/ dir 0755
.ai-rulez/skills/reviewer/scripts/run.sh file 0644 22 914c2af00a91392459c499b94b955b3334a860831f85bbf3c4cc644460f877b8
.claude/ dir 0755
.claude/agents/ dir 0755
.claude/agents/architect.md file 0644 186 d1d083ab1e94dd3d11d3ddbf9462bb0188c40eee6e4415105eac27ab685d8218
.claude/agents/tester.md file 0644 171 0657702e7537dae198f90daa49e6ceeea314d0daef45f6c4a53988ff95eab003
.claude/rules/ dir 0755
.claude/rules/always.md file 0644 240 05e03e3751104f2d3934811e2ff08c8c890d225a26a1d1b3fe300a5c4e6c92dd
.claude/rules/auto.md file 0644 217 68e11410d45d239b3da6c2aabca1819972e7e00afa83cc891acef89a3ae2ad28
.claude/rules/manual.md file 0644 228 9ebb255fae76ee6cda066d34226c2862e43a7d74ddd735840a81db1d9ce680cd
.claude/rules/targeted.md file 0644 224 02e9f8e03a4ae407a9240b1b3859c9e4e12a5902973c2e8f129438f30a18e9fb
.claude/rules/typescript.md file 0644 291 3bd12c5c4eaec28ac71bd81353650bd889852148778d0895e9e8ffa113866e4e
.claude/settings.json file 0644 953 42046a0a2442fce3251cbf0f234d9006d345464a7f8e2042e762f1e3d7b5fd80
.claude/skills/ dir 0755
.claude/skills/build/ dir 0755
.claude/skills/build/SKILL.md file 0644 196 73e28d1d970abeb6d84ee2cba5436c5197ed7b78c92d995706a1fd10344cb0a3
.claude/skills/deployer/ dir 0755
.claude/skills/deployer/SKILL.md file 0644 172 a3ef0f4bdeef4f5a3f88437f3a88705e7dc388a42dd8523646a5db09dc2b8626
.claude/skills/reviewer/ dir 0755
.claude/skills/reviewer/SKILL.md file 0644 419 9b2dbf3fb01442905d40da0032e2e5998b4ec526247e9400a49102842056bbb1
.claude/skills/reviewer/references/ dir 0755
.claude/skills/reviewer/references/checklist.md file 0644 28 02393d1b57638cc3b06632e057556d199781a02f385c4299936253c78ecd5328
.claude/skills/reviewer/scripts/ dir 0755
.claude/skills/reviewer/scripts/run.sh file 0644 22 914c2af00a91392459c499b94b955b3334a860831f85bbf3c4cc644460f877b8
.claude/skills/ship/ dir 0755
.claude/skills/ship/SKILL.md file 0644 172 d00e38bd921c5c70977ce66c9ad32e4d9e78b0c6a35472ce9d604a574264a018
.codex/ dir 0755
.codex/agents/ dir 0755
.codex/agents/architect.toml file 0644 115 100b7bc0d204d3f398585809f0f84c3b04581ea502d899f62797bafc05c53d13
.codex/agents/tester.toml file 0644 133 220954cc19dffd1eab6ef984b40645ae7a2380649877b4e4ed8a5b0ca54ea46c
.codex/config.toml file 0600 234 5b05588b7993d43069add2ed8786bca0e7a2b59112e5e887871c82e81dacd7bc
.codex/hooks.json file 0644 719 4ed20f680526671552a907de7a7e0fca8d830315416ab5c9da33754af14b2c70
.codex/rules/ dir 0755
.codex/rules/ai-rulez.rules file 0644 409 2c4fde503d40ad6215a476740f268b6d1237543cb47d2020756cfcef46f5b6d8
.cursor/ dir 0755
.cursor/BUGBOT.md file 0644 219 e27f8811597fc9462d5515790ad275947a409d8e535601f01498686437bbf180
.cursor/agents/ dir 0755
.cursor/agents/architect.md file 0644 186 d1d083ab1e94dd3d11d3ddbf9462bb0188c40eee6e4415105eac27ab685d8218
.cursor/agents/tester.md file 0644 158 7e77d681eecf3afd3d8f56bc9247b388208aa94e38703fcf25910f130a1bf4b7
.cursor/cli.json file 0644 164 7157bdd50749666291ee2c9c9c30fd2955eff5b882f55c09e7d6bd65ed5f6e0c
.cursor/commands/ dir 0755
.cursor/commands/build.md file 0644 81 b61db5af1a87139a283467cf1784940526ce0621c1c307a2fc715b5d2d18eeef
.cursor/commands/ship.md file 0644 57 7c7d95d103f41bca186984662895900f18dcca846f894b2bb7ac75132b7050ff
.cursor/hooks.json file 0644 375 4ee59fc717970d5b4cf0fc1c3995d41643c5df5cec38e3eaa2a40ec5a4e8e4f2
.cursor/mcp.json file 0644 355 063f2222db4ab0ba0aefdd491b50ec40363ce0d9363d957dc905d0a7d3df8a73
.cursor/rules/ dir 0755
.cursor/rules/always.mdc file 0644 266 474275574772fb0867056f2ea0a0165f2aae288397f50d5e7d2c0113e61d146a
.cursor/rules/auto.mdc file 0644 277 afe47fdfcc7669e0c685dcbabf2a703fc3a9d993878850431becd23b436dad22
.cursor/rules/context-architecture.mdc file 0644 255 355e35cba517e7f51002ffd853d57deb6fcecb661ed0853cbc24ac44f10a9898
.cursor/rules/context-overview.mdc file 0644 266 bf769d85e9b2aae7d279408c2fb692d1e55051e5be994cddad9eba3941b6b792
.cursor/rules/manual.mdc file 0644 255 31f7d0d001109e013a53b81effd7b988f8c7d850fb5bc45edc69d18ee3656ccf
.cursor/rules/targeted.mdc file 0644 250 50fa175a1c5b6755414abd81d0e2276e585347488ed2db23568864146a277f88
.cursor/rules/typescript.mdc file 0644 305 d7bb325f679451a5ae1a8330c2c5c17e344b247570c4740239e0679de4ae0c98
.gemini/ dir 0755
.gemini/agents/ dir 0755
.gemini/agents/architect.md file 0644 172 6b2bf079a5621813ddd835a1c3f63b7bd5083d6d4b405dcfb01a6dd394834dfa
.gemini/agents/tester.md file 0644 158 7e77d681eecf3afd3d8f56bc9247b388208aa94e38703fcf25910f130a1bf4b7
.gemini/settings.json file 0644 1389 659f0f934bccba7146d22b21eab16153f7e229a9f00308a2e3476d75d9adf691
.github/ dir 0755
.github/agents/ dir 0755
.github/agents/architect.agent.md file 0644 186 d1d083ab1e94dd3d11d3ddbf9462bb0188c40eee6e4415105eac27ab685d8218
.github/agents/tester.agent.md file 0644 158 7e77d681eecf3afd3d8f56bc9247b388208aa94e38703fcf25910f130a1bf4b7
.github/copilot-instructions.md file 0644 627 5be176ce0987ac1f8bdfaabe285222fac4fdd0e6e3c81bca9fbb2dd0bb4eedb0
.github/hooks/ dir 0755
.github/hooks/ai-rulez.json file 0644 489 18ab5181526ae496b5c77225b5a3af0b9d026bcdf7d3c11ba00271a17b8b1a2c
.github/instructions/ dir 0755
.github/instructions/always.instructions.md file 0644 262 e6d7ab8091b623f01d6cfcfe854c854842d5333da0446436d1e1ca9bbe72c1a7
.github/instructions/typescript.instructions.md file 0644 288 14f2246195732bcddc818abd579815c3b0fba6bc55b2925fde948dafa230e2d2
.github/prompts/ dir 0755
.github/prompts/build.prompt.md file 0644 163 7e3c85af2b70967aa544ebf2695885bec743b36aaa6911c94ecb84af90829b44
.github/prompts/ship.prompt.md file 0644 140 8302239666a0f1ea2a3ef65733af690c3df05de9f0c780c8a4b05bc18039a238
.github/skills/ dir 0755
.github/skills/deployer/ dir 0755
.github/skills/deployer/SKILL.md file 0644 174 8160f075c640ee77e3685ee67a0318dfb4f03b81bebfc1cfcbc8e7945f06b41a
.github/skills/reviewer/ dir 0755
.github/skills/reviewer/SKILL.md file 0644 421 cb318db002aacac347882a1ccee67572a242722da43a959f8668f1bc77703f0e
.github/skills/reviewer/references/ dir 0755
.github/skills/reviewer/references/checklist.md file 0644 28 02393d1b57638cc3b06632e057556d199781a02f385c4299936253c78ecd5328
.github/skills/reviewer/scripts/ dir 0755
.github/skills/reviewer/scripts/run.sh file 0644 22 914c2af00a91392459c499b94b955b3334a860831f85bbf3c4cc644460f877b8
.gitignore file 0644 1206 84e44e460ce95cd918df0fd506075ba55cedfbc00884f7fae37823ba0eaf00a9
.mcp.json file 0644 419 893d9026bc75ab0203a11511e4c2fc6799157d0d9050b07422635291e2550ee4
.opencode/ dir 0755
.opencode/agents/ dir 0755
.opencode/agents/architect.md file 0644 166 9dd8bf8ffed3a1f0224ae77627d154fded814856f2c25da1adaed71065ed0691
.opencode/agents/tester.md file 0644 169 75eb4d0bf61903216baf02272dd4e376a76cbb452fd49b434f3ef884443ec6e1
.opencode/commands/ dir 0755
.opencode/commands/build.md file 0644 163 7e3c85af2b70967aa544ebf2695885bec743b36aaa6911c94ecb84af90829b44
.opencode/commands/ship.md file 0644 140 8302239666a0f1ea2a3ef65733af690c3df05de9f0c780c8a4b05bc18039a238
.opencode/plugins/ dir 0755
.opencode/plugins/ai-rulez-hooks.js file 0644 9627 97109c8510be424bdb6dfbe235783ea512ad61d6e02a85c6c7dc6135aa5cf8b2
.opencode/skills/ dir 0755
.opencode/skills/deployer/ dir 0755
.opencode/skills/deployer/SKILL.md file 0644 174 8160f075c640ee77e3685ee67a0318dfb4f03b81bebfc1cfcbc8e7945f06b41a
.opencode/skills/reviewer/ dir 0755
.opencode/skills/reviewer/SKILL.md file 0644 421 cb318db002aacac347882a1ccee67572a242722da43a959f8668f1bc77703f0e
.opencode/skills/reviewer/references/ dir 0755
.opencode/skills/reviewer/references/checklist.md file 0644 28 02393d1b57638cc3b06632e057556d199781a02f385c4299936253c78ecd5328
.opencode/skills/reviewer/scripts/ dir 0755
.opencode/skills/reviewer/scripts/run.sh file 0644 22 914c2af00a91392459c499b94b955b3334a860831f85bbf3c4cc644460f877b8
.vscode/ dir 0755
.vscode/mcp.json file 0600 397 c649641c79d5652f3c538b3d63df468be8ca6db59ee8a5ce44b2b6ab9c2979c7
.vscode/settings.json file 0644 233 3647325bdf3196d9329bd5e2ad02dff938123e173119519e68920148bf703703
AGENTS.md file 0644 789 625473e36c682a95e0339179c22c821d94dc78496be3b54d523b398c34217c89
CLAUDE.md file 0644 490 2030a4f8705cc0aff54257189f213d313c78fad93ff1530e76d1133e1f0e4f68
GEMINI.md file 0644 789 625473e36c682a95e0339179c22c821d94dc78496be3b54d523b398c34217c89
opencode.json file 0644 795 d9612d86974d902424704fc99c96a90dd8ee04aa5cef5ad80ea905a11043e2da
scripts/ dir 0755
scripts/guard.sh file 0755 17 306c6ca7407560340797866e077e053627ad409277d1b9da58106fce4cf717cb
--- home tree
(no change)

## step 2: ai-rulez generate --yes --profile backend
exit: 0
--- stdout
--- stderr
INFO  This configuration directory uses the legacy layout, which is deprecated and stops loading in v6; run 'ai-rulez migrate okf' to convert it to an OKF bundle path=$ROOT/.ai-rulez
WARN  [permissions] ask rules are not generated for cursor: it has no ask list and prompts for whatever is not allowed
WARN  [permissions] allow rule "Bash(npm run test:*)" not generated for cursor: Cursor's Shell() rules take a command name; a multi-word, exact or wildcard allow cannot be expressed without widening it
WARN  [permissions] allow rule "Read(./src/**)" not generated for codex: Codex has no rule surface for Read (paths, domains and MCP tools need a permission profile, which replaces sandbox_mode)
WARN  [permissions] allow rule "WebFetch(domain:example.com)" not generated for codex: Codex has no rule surface for WebFetch (paths, domains and MCP tools need a permission profile, which replaces sandbox_mode)
WARN  SECURITY: [permissions] deny rule "Read(./.env)" is NOT enforced by codex: Codex has no rule surface for Read (paths, domains and MCP tools need a permission profile, which replaces sandbox_mode) severity=error hint=enforce it another way (sandbox, hook) or remove the harness from the project
WARN  [permissions] ask rules are not generated for gemini: it has no ask list and prompts for whatever is not allowed
WARN  [permissions] allow rule "Read(./src/**)" not generated for gemini: settings.json can only allow or block a whole tool, not ./src/**
WARN  [permissions] allow rule "WebFetch(domain:example.com)" not generated for gemini: settings.json can only allow or block a whole tool, not domain:example.com
WARN  SECURITY: [permissions] deny rule "Read(./.env)" is NOT enforced by gemini: settings.json can only allow or block a whole tool, not ./.env severity=error hint=enforce it another way (sandbox, hook) or remove the harness from the project
WARN  Gemini CLI does not know Claude model aliases; omitting the model so the agent inherits the session model agent=architect model=sonnet hint=set gemini_model in the agent frontmatter or defaults.model_by_preset.gemini
WARN  [permissions] allow rule "Read(./src/**)" not generated for copilot: VS Code has no setting for Read rules
WARN  SECURITY: [permissions] deny rule "Bash(rm -rf:*)" is NOT enforced by copilot: VS Code has no hard deny; the rule is written as 'always ask' (false), which a user can still approve severity=error hint=enforce it another way (sandbox, hook) or remove the harness from the project
WARN  SECURITY: [permissions] deny rule "Read(./.env)" is NOT enforced by copilot: VS Code has no setting for Read rules severity=error hint=enforce it another way (sandbox, hook) or remove the harness from the project
WARN  OpenCode needs a provider-qualified model (provider/model); omitting it so the agent inherits the session model agent=architect model=sonnet hint=set opencode_model in the agent frontmatter or defaults.model_by_preset.opencode
WARN  [permissions] allow rule "Read(./src/**)" not generated for opencode: it would be evaluated after the overlapping, stricter rule **/.env and override it
INFO  Generating with configuration profile=backend
INFO  Generated-file guard: only harnesses with a blocking PreToolUse hook get it; the others are skipped harnesses=[claude codex gemini cursor factory copilot copilot-cli]
INFO  Generation complete files=87
WARN  3 rules/context items use an activation the target tool cannot express; they are loaded always: items=rule auto, rule manual, rules manual
--- project tree
+ .agents/skills/migrator/ dir 0755
+ .agents/skills/migrator/SKILL.md file 0644 154 6a1546ac63cdd3db287b109a15568ba5974a8d2f0adf23332346e75e2e6f0144
~ .ai-rulez/.generated-manifest.json file 0644 3450 99d56f07ab3f3b36cb659ec9d3d135b822fa559047a56e9274a17aa4b1e8b1c7
~ .ai-rulez/.generated-manifest.local.json file 0644 12523 4c1eb93bdfdfe5d83451115ec238e1de013109144d900cc36fe1b60657c66598
+ .claude/agents/dba.md file 0644 141 cb3f4ff6ceb1ecbe5b61ed8b8e45ebf8383405f90e30fe2142a0d81309476888
+ .claude/rules/go.md file 0644 233 c7a7097170b9648ceddcee6262e4eccae70e71f46c64369a924c3672295411db
+ .claude/skills/migrator/ dir 0755
+ .claude/skills/migrator/SKILL.md file 0644 152 cbbcaa9a59b2fb34d0cbf052372bbf738db9bbc79e379183b3a01cd13d783d4d
+ .codex/agents/dba.toml file 0644 84 474c38115dea275ee7a05c26f3711fd16895f16b1f510eedaa8a0e4b3ac06ab5
+ .cursor/agents/dba.md file 0644 141 cb3f4ff6ceb1ecbe5b61ed8b8e45ebf8383405f90e30fe2142a0d81309476888
+ .cursor/rules/context-api.mdc file 0644 248 5a6846d4da789b9bb829d7a8d9b605c70e3bb565b0e44d68e3715680b84dc3ff
+ .cursor/rules/go.mdc file 0644 259 babb2eeb5fba6f1f1e4ef13e556267cba7716feff71225d42cf2db46ea903ed2
+ .gemini/agents/dba.md file 0644 141 cb3f4ff6ceb1ecbe5b61ed8b8e45ebf8383405f90e30fe2142a0d81309476888
+ .github/agents/dba.agent.md file 0644 141 cb3f4ff6ceb1ecbe5b61ed8b8e45ebf8383405f90e30fe2142a0d81309476888
~ .github/copilot-instructions.md file 0644 655 463a725076d3d07f8dc28a8a59c78b6e0bfd5baf7b7b95e35276768bdb563b7a
+ .github/instructions/go.instructions.md file 0644 255 03d743dbb6d95a26fce2ce9d5d75fa06f29e3260a3a09143e6639dd7f14ca6b4
+ .github/skills/migrator/ dir 0755
+ .github/skills/migrator/SKILL.md file 0644 154 6a1546ac63cdd3db287b109a15568ba5974a8d2f0adf23332346e75e2e6f0144
~ .gitignore file 0644 1317 0f66f38db09de03e9950b5ee212a67e7a53ad889c2308d8219078cfbe4e49307
+ .opencode/agents/dba.md file 0644 141 9dfce1bd9757568a1f2cb8a62551dc7ac81097085587808134c9e3b4418e79c8
+ .opencode/skills/migrator/ dir 0755
+ .opencode/skills/migrator/SKILL.md file 0644 154 6a1546ac63cdd3db287b109a15568ba5974a8d2f0adf23332346e75e2e6f0144
~ AGENTS.md file 0644 859 3077283ec163853cc6cbe76edb9748630ee70a06c5061fff3f8832542edb8a5e
~ CLAUDE.md file 0644 518 4aba14f531d056e91465d04b7dcc4903d76d6e583ff212e71b25f8cee563cf09
~ GEMINI.md file 0644 859 3077283ec163853cc6cbe76edb9748630ee70a06c5061fff3f8832542edb8a5e
--- home tree
(no change)

## step 3: ai-rulez generate --yes --profile frontend,backend
exit: 0
--- stdout
--- stderr
INFO  This configuration directory uses the legacy layout, which is deprecated and stops loading in v6; run 'ai-rulez migrate okf' to convert it to an OKF bundle path=$ROOT/.ai-rulez
WARN  [permissions] ask rules are not generated for cursor: it has no ask list and prompts for whatever is not allowed
WARN  [permissions] allow rule "Bash(npm run test:*)" not generated for cursor: Cursor's Shell() rules take a command name; a multi-word, exact or wildcard allow cannot be expressed without widening it
WARN  [permissions] allow rule "Read(./src/**)" not generated for codex: Codex has no rule surface for Read (paths, domains and MCP tools need a permission profile, which replaces sandbox_mode)
WARN  [permissions] allow rule "WebFetch(domain:example.com)" not generated for codex: Codex has no rule surface for WebFetch (paths, domains and MCP tools need a permission profile, which replaces sandbox_mode)
WARN  SECURITY: [permissions] deny rule "Read(./.env)" is NOT enforced by codex: Codex has no rule surface for Read (paths, domains and MCP tools need a permission profile, which replaces sandbox_mode) severity=error hint=enforce it another way (sandbox, hook) or remove the harness from the project
WARN  [permissions] ask rules are not generated for gemini: it has no ask list and prompts for whatever is not allowed
WARN  [permissions] allow rule "Read(./src/**)" not generated for gemini: settings.json can only allow or block a whole tool, not ./src/**
WARN  [permissions] allow rule "WebFetch(domain:example.com)" not generated for gemini: settings.json can only allow or block a whole tool, not domain:example.com
WARN  SECURITY: [permissions] deny rule "Read(./.env)" is NOT enforced by gemini: settings.json can only allow or block a whole tool, not ./.env severity=error hint=enforce it another way (sandbox, hook) or remove the harness from the project
WARN  Gemini CLI does not know Claude model aliases; omitting the model so the agent inherits the session model agent=architect model=sonnet hint=set gemini_model in the agent frontmatter or defaults.model_by_preset.gemini
WARN  [permissions] allow rule "Read(./src/**)" not generated for copilot: VS Code has no setting for Read rules
WARN  SECURITY: [permissions] deny rule "Bash(rm -rf:*)" is NOT enforced by copilot: VS Code has no hard deny; the rule is written as 'always ask' (false), which a user can still approve severity=error hint=enforce it another way (sandbox, hook) or remove the harness from the project
WARN  SECURITY: [permissions] deny rule "Read(./.env)" is NOT enforced by copilot: VS Code has no setting for Read rules severity=error hint=enforce it another way (sandbox, hook) or remove the harness from the project
WARN  OpenCode needs a provider-qualified model (provider/model); omitting it so the agent inherits the session model agent=architect model=sonnet hint=set opencode_model in the agent frontmatter or defaults.model_by_preset.opencode
WARN  [permissions] allow rule "Read(./src/**)" not generated for opencode: it would be evaluated after the overlapping, stricter rule **/.env and override it
INFO  Generating with configuration profile=frontend,backend
INFO  Generated-file guard: only harnesses with a blocking PreToolUse hook get it; the others are skipped harnesses=[claude codex gemini cursor factory copilot copilot-cli]
INFO  Generation complete files=96
WARN  3 rules/context items use an activation the target tool cannot express; they are loaded always: items=rule auto, rule manual, rules manual
--- project tree
+ .agents/skills/storybook/ dir 0755
+ .agents/skills/storybook/SKILL.md file 0644 190 8b196dcd988ed3e4bd99fc6cf307a1bc604cbdd3c9c7e4dd002f9f8e4580e269
+ .agents/skills/storybook/agents/ dir 0755
+ .agents/skills/storybook/agents/openai.yaml file 0644 43 a1499d95abd8447558c535fe5554adcc3c9b988a0a39264a6283d430effe1e94
~ .ai-rulez/.generated-manifest.json file 0644 3813 0f7e7ee5e7677ce68563f92e1d767c7bcd6e86ff1973b4085f23e2600cd3196a
~ .ai-rulez/.generated-manifest.local.json file 0644 12747 8d80b82996e68139c00f88a1ab87e92b347e86213d8dfa0bb1107e01b399c1bd
+ .claude/rules/react.md file 0644 253 142ac2b5ca11fe90d58acfe3ebdfea8c1385582afd9c15dc702b95f48c77585d
+ .claude/skills/storybook/ dir 0755
+ .claude/skills/storybook/SKILL.md file 0644 178 c09f47a388c3ac12f48f7c195654342ccda0157e1bc08c88cedaf3e2203871d4
~ .cursor/BUGBOT.md file 0644 277 ac6c5dafda8b6382ff19808fc0af50f42f65e0522b9d1c4db0fe4bed82119c3c
+ .cursor/commands/storybook.md file 0644 63 a7fd88bff5ff7be7d2cb21b4e49209cbfc952cfb607e0c8742894cc0160ab066
+ .cursor/rules/react.mdc file 0644 266 a31aadc455037e470011b2db33779b7665a1759edd5c45aafa1cb65f004b319f
+ .github/instructions/react.instructions.md file 0644 249 81b9a8fbb7fde7981c2d6c24d3b44585f5d6cdba9164375a8efefd78fb0c5650
+ .github/prompts/storybook.prompt.md file 0644 141 98ff12386550a2c7ad1594211160cb6619b69c12a631314c0fe2bf47bbf86acb
~ .gitignore file 0644 1443 3a341e7d820b6cb752b5f22ec4fe4a6867ae130c7b5fb24748f48610e1d3ddf4
+ .opencode/commands/storybook.md file 0644 141 98ff12386550a2c7ad1594211160cb6619b69c12a631314c0fe2bf47bbf86acb
~ AGENTS.md file 0644 913 d438e0dad7b8ca93ce84866dee604c7f9528c48b79ab1ed8d8e986dcfffc0f39
~ GEMINI.md file 0644 913 d438e0dad7b8ca93ce84866dee604c7f9528c48b79ab1ed8d8e986dcfffc0f39
--- home tree
(no change)

## step 4: ai-rulez generate --dry-run --profile frontend
exit: 0
--- stdout
profile: frontend
create-dir: .claude
create-dir: .claude/skills
create-dir: .claude/agents
create-dir: .claude/rules
write-file: CLAUDE.md
unchanged: .claude/rules/always.md
unchanged: .claude/rules/typescript.md
unchanged: .claude/rules/auto.md
unchanged: .claude/rules/react.md
unchanged: .claude/rules/targeted.md
unchanged: .claude/rules/manual.md
create-dir: .claude/skills/deployer
unchanged: .claude/skills/deployer/SKILL.md
create-dir: .claude/skills/reviewer
unchanged: .claude/skills/reviewer/SKILL.md
create-dir: .claude/skills/reviewer/references
create-dir: .claude/skills/reviewer/scripts
unchanged: .claude/skills/reviewer/references/checklist.md
unchanged: .claude/skills/reviewer/scripts/run.sh
unchanged: .claude/agents/architect.md
unchanged: .claude/agents/tester.md
create-dir: .claude/skills/build
unchanged: .claude/skills/build/SKILL.md
create-dir: .claude/skills/ship
unchanged: .claude/skills/ship/SKILL.md
create-dir: .claude/skills/storybook
unchanged: .claude/skills/storybook/SKILL.md
unchanged: .claude/settings.json
create-dir: .codex
create-dir: .agents/skills
create-dir: .codex/agents
write-file: AGENTS.md
create-dir: .agents/skills/deployer
unchanged: .agents/skills/deployer/SKILL.md
create-dir: .agents/skills/reviewer
unchanged: .agents/skills/reviewer/SKILL.md
create-dir: .agents/skills/reviewer/references
create-dir: .agents/skills/reviewer/scripts
unchanged: .agents/skills/reviewer/references/checklist.md
unchanged: .agents/skills/reviewer/scripts/run.sh
create-dir: .agents/skills/build
unchanged: .agents/skills/build/SKILL.md
create-dir: .agents/skills/build/agents
unchanged: .agents/skills/build/agents/openai.yaml
create-dir: .agents/skills/ship
unchanged: .agents/skills/ship/SKILL.md
create-dir: .agents/skills/ship/agents
unchanged: .agents/skills/ship/agents/openai.yaml
create-dir: .agents/skills/storybook
unchanged: .agents/skills/storybook/SKILL.md
create-dir: .agents/skills/storybook/agents
unchanged: .agents/skills/storybook/agents/openai.yaml
unchanged: .codex/agents/architect.toml
unchanged: .codex/agents/tester.toml
unchanged: .codex/config.toml
unchanged: .codex/rules/ai-rulez.rules
unchanged: .codex/hooks.json
create-dir: .github
create-dir: .github/skills
create-dir: .github/agents
write-file: .github/copilot-instructions.md
create-dir: .github/instructions
unchanged: .github/instructions/always.instructions.md
unchanged: .github/instructions/typescript.instructions.md
unchanged: .github/instructions/react.instructions.md
create-dir: .github/skills/deployer
unchanged: .github/skills/deployer/SKILL.md
create-dir: .github/skills/reviewer
unchanged: .github/skills/reviewer/SKILL.md
create-dir: .github/skills/reviewer/references
create-dir: .github/skills/reviewer/scripts
unchanged: .github/skills/reviewer/references/checklist.md
unchanged: .github/skills/reviewer/scripts/run.sh
unchanged: .github/agents/architect.agent.md
unchanged: .github/agents/tester.agent.md
create-dir: .github/prompts
unchanged: .github/prompts/build.prompt.md
unchanged: .github/prompts/ship.prompt.md
unchanged: .github/prompts/storybook.prompt.md
unchanged: .vscode/mcp.json
unchanged: .mcp.json
unchanged: .vscode/settings.json
unchanged: .github/hooks/ai-rulez.json
create-dir: .cursor
create-dir: .cursor/commands
create-dir: .agents
create-dir: .cursor/agents
create-dir: .cursor/rules
unchanged: .cursor/rules/always.mdc
unchanged: .cursor/rules/typescript.mdc
unchanged: .cursor/rules/auto.mdc
unchanged: .cursor/rules/react.mdc
unchanged: .cursor/rules/targeted.mdc
unchanged: .cursor/rules/manual.mdc
unchanged: .cursor/rules/context-overview.mdc
unchanged: .cursor/rules/context-architecture.mdc
unchanged: .cursor/commands/build.md
unchanged: .cursor/commands/ship.md
unchanged: .cursor/commands/storybook.md
unchanged: .cursor/BUGBOT.md
unchanged: .cursor/agents/architect.md
unchanged: .cursor/agents/tester.md
unchanged: .cursor/mcp.json
unchanged: .cursor/cli.json
unchanged: .cursor/hooks.json
create-dir: .gemini
create-dir: .gemini/agents
unchanged: .gemini/settings.json
write-file: GEMINI.md
unchanged: .gemini/agents/architect.md
unchanged: .gemini/agents/tester.md
create-dir: .opencode
create-dir: .opencode/skills
create-dir: .opencode/agents
create-dir: .opencode/skills/deployer
unchanged: .opencode/skills/deployer/SKILL.md
create-dir: .opencode/skills/reviewer
unchanged: .opencode/skills/reviewer/SKILL.md
create-dir: .opencode/skills/reviewer/references
create-dir: .opencode/skills/reviewer/scripts
unchanged: .opencode/skills/reviewer/references/checklist.md
unchanged: .opencode/skills/reviewer/scripts/run.sh
create-dir: .opencode/commands
unchanged: .opencode/commands/build.md
unchanged: .opencode/commands/ship.md
unchanged: .opencode/commands/storybook.md
unchanged: .opencode/agents/architect.md
unchanged: .opencode/agents/tester.md
unchanged: opencode.json
unchanged: .opencode/plugins/ai-rulez-hooks.js
delete-stale: .agents/skills/migrator/SKILL.md
delete-stale: .claude/agents/dba.md
delete-stale: .claude/rules/go.md
delete-stale: .claude/skills/migrator/SKILL.md
delete-stale: .codex/agents/dba.toml
delete-stale: .cursor/agents/dba.md
delete-stale: .cursor/rules/context-api.mdc
delete-stale: .cursor/rules/go.mdc
delete-stale: .gemini/agents/dba.md
delete-stale: .github/agents/dba.agent.md
delete-stale: .github/instructions/go.instructions.md
delete-stale: .github/skills/migrator/SKILL.md
delete-stale: .opencode/agents/dba.md
delete-stale: .opencode/skills/migrator/SKILL.md
--- stderr
INFO  This configuration directory uses the legacy layout, which is deprecated and stops loading in v6; run 'ai-rulez migrate okf' to convert it to an OKF bundle path=$ROOT/.ai-rulez
WARN  [permissions] ask rules are not generated for cursor: it has no ask list and prompts for whatever is not allowed
WARN  [permissions] allow rule "Bash(npm run test:*)" not generated for cursor: Cursor's Shell() rules take a command name; a multi-word, exact or wildcard allow cannot be expressed without widening it
WARN  [permissions] allow rule "Read(./src/**)" not generated for codex: Codex has no rule surface for Read (paths, domains and MCP tools need a permission profile, which replaces sandbox_mode)
WARN  [permissions] allow rule "WebFetch(domain:example.com)" not generated for codex: Codex has no rule surface for WebFetch (paths, domains and MCP tools need a permission profile, which replaces sandbox_mode)
WARN  SECURITY: [permissions] deny rule "Read(./.env)" is NOT enforced by codex: Codex has no rule surface for Read (paths, domains and MCP tools need a permission profile, which replaces sandbox_mode) severity=error hint=enforce it another way (sandbox, hook) or remove the harness from the project
WARN  [permissions] ask rules are not generated for gemini: it has no ask list and prompts for whatever is not allowed
WARN  [permissions] allow rule "Read(./src/**)" not generated for gemini: settings.json can only allow or block a whole tool, not ./src/**
WARN  [permissions] allow rule "WebFetch(domain:example.com)" not generated for gemini: settings.json can only allow or block a whole tool, not domain:example.com
WARN  SECURITY: [permissions] deny rule "Read(./.env)" is NOT enforced by gemini: settings.json can only allow or block a whole tool, not ./.env severity=error hint=enforce it another way (sandbox, hook) or remove the harness from the project
WARN  Gemini CLI does not know Claude model aliases; omitting the model so the agent inherits the session model agent=architect model=sonnet hint=set gemini_model in the agent frontmatter or defaults.model_by_preset.gemini
WARN  [permissions] allow rule "Read(./src/**)" not generated for copilot: VS Code has no setting for Read rules
WARN  SECURITY: [permissions] deny rule "Bash(rm -rf:*)" is NOT enforced by copilot: VS Code has no hard deny; the rule is written as 'always ask' (false), which a user can still approve severity=error hint=enforce it another way (sandbox, hook) or remove the harness from the project
WARN  SECURITY: [permissions] deny rule "Read(./.env)" is NOT enforced by copilot: VS Code has no setting for Read rules severity=error hint=enforce it another way (sandbox, hook) or remove the harness from the project
WARN  OpenCode needs a provider-qualified model (provider/model); omitting it so the agent inherits the session model agent=architect model=sonnet hint=set opencode_model in the agent frontmatter or defaults.model_by_preset.opencode
WARN  [permissions] allow rule "Read(./src/**)" not generated for opencode: it would be evaluated after the overlapping, stricter rule **/.env and override it
WARN  3 rules/context items use an activation the target tool cannot express; they are loaded always: items=rule auto, rule manual, rules manual
--- project tree
(no change)
--- home tree
(no change)

## step 5: ai-rulez generate --yes --profile full
exit: 0
--- stdout
--- stderr
INFO  This configuration directory uses the legacy layout, which is deprecated and stops loading in v6; run 'ai-rulez migrate okf' to convert it to an OKF bundle path=$ROOT/.ai-rulez
WARN  [permissions] ask rules are not generated for cursor: it has no ask list and prompts for whatever is not allowed
WARN  [permissions] allow rule "Bash(npm run test:*)" not generated for cursor: Cursor's Shell() rules take a command name; a multi-word, exact or wildcard allow cannot be expressed without widening it
WARN  [permissions] allow rule "Read(./src/**)" not generated for codex: Codex has no rule surface for Read (paths, domains and MCP tools need a permission profile, which replaces sandbox_mode)
WARN  [permissions] allow rule "WebFetch(domain:example.com)" not generated for codex: Codex has no rule surface for WebFetch (paths, domains and MCP tools need a permission profile, which replaces sandbox_mode)
WARN  SECURITY: [permissions] deny rule "Read(./.env)" is NOT enforced by codex: Codex has no rule surface for Read (paths, domains and MCP tools need a permission profile, which replaces sandbox_mode) severity=error hint=enforce it another way (sandbox, hook) or remove the harness from the project
WARN  [permissions] ask rules are not generated for gemini: it has no ask list and prompts for whatever is not allowed
WARN  [permissions] allow rule "Read(./src/**)" not generated for gemini: settings.json can only allow or block a whole tool, not ./src/**
WARN  [permissions] allow rule "WebFetch(domain:example.com)" not generated for gemini: settings.json can only allow or block a whole tool, not domain:example.com
WARN  SECURITY: [permissions] deny rule "Read(./.env)" is NOT enforced by gemini: settings.json can only allow or block a whole tool, not ./.env severity=error hint=enforce it another way (sandbox, hook) or remove the harness from the project
WARN  Gemini CLI does not know Claude model aliases; omitting the model so the agent inherits the session model agent=architect model=sonnet hint=set gemini_model in the agent frontmatter or defaults.model_by_preset.gemini
WARN  [permissions] allow rule "Read(./src/**)" not generated for copilot: VS Code has no setting for Read rules
WARN  SECURITY: [permissions] deny rule "Bash(rm -rf:*)" is NOT enforced by copilot: VS Code has no hard deny; the rule is written as 'always ask' (false), which a user can still approve severity=error hint=enforce it another way (sandbox, hook) or remove the harness from the project
WARN  SECURITY: [permissions] deny rule "Read(./.env)" is NOT enforced by copilot: VS Code has no setting for Read rules severity=error hint=enforce it another way (sandbox, hook) or remove the harness from the project
WARN  OpenCode needs a provider-qualified model (provider/model); omitting it so the agent inherits the session model agent=architect model=sonnet hint=set opencode_model in the agent frontmatter or defaults.model_by_preset.opencode
WARN  [permissions] allow rule "Read(./src/**)" not generated for opencode: it would be evaluated after the overlapping, stricter rule **/.env and override it
INFO  Generating with configuration profile=full
INFO  Generated-file guard: only harnesses with a blocking PreToolUse hook get it; the others are skipped harnesses=[claude codex gemini cursor factory copilot copilot-cli]
INFO  Generation complete files=96
WARN  3 rules/context items use an activation the target tool cannot express; they are loaded always: items=rule auto, rule manual, rules manual
--- project tree
(no change)
--- home tree
(no change)

## step 6: ai-rulez generate --yes --profile nope
exit: 1
--- stdout
--- stderr
INFO  This configuration directory uses the legacy layout, which is deprecated and stops loading in v6; run 'ai-rulez migrate okf' to convert it to an OKF bundle path=$ROOT/.ai-rulez
Error: profile not found: nope

Hint: Available profiles: [backend frontend full]
Use 'default' for the built-in profile (all content when no profiles are defined; root content plus builtin and FromInclude domains when profiles are defined).
--- project tree
(no change)
--- home tree
(no change)

## step 7: ai-rulez list rules
exit: 0
--- stdout
Rules:
  (root):
    • always [critical]
    • auto
    • manual [low]
    • targeted (targets: [claude cursor])
    • typescript [high]
--- stderr
INFO  This configuration directory uses the legacy layout, which is deprecated and stops loading in v6; run 'ai-rulez migrate okf' to convert it to an OKF bundle path=$ROOT/.ai-rulez
--- project tree
(no change)
--- home tree
(no change)

## step 8: ai-rulez domain list
exit: 0
--- stdout
Domains:
  • backend
  • frontend
--- stderr
INFO  This configuration directory uses the legacy layout, which is deprecated and stops loading in v6; run 'ai-rulez migrate okf' to convert it to an OKF bundle path=$ROOT/.ai-rulez
--- project tree
(no change)
--- home tree
(no change)

## step 9: ai-rulez profile list
exit: 0
--- stdout
Profiles:
  • backend
    Domains: [backend]
  • frontend
    Domains: [frontend]
  • full
    Domains: [backend frontend]
--- stderr
--- project tree
.agents/ dir 0755
.agents/skills/ dir 0755
.agents/skills/build/ dir 0755
.agents/skills/build/SKILL.md file 0644 208 46b69b72e18269edf5eebfbca6e27e758458e9cef50f0d490ca48843d9b8ea09
.agents/skills/build/agents/ dir 0755
.agents/skills/build/agents/openai.yaml file 0644 43 a1499d95abd8447558c535fe5554adcc3c9b988a0a39264a6283d430effe1e94
.agents/skills/deployer/ dir 0755
.agents/skills/deployer/SKILL.md file 0644 174 8160f075c640ee77e3685ee67a0318dfb4f03b81bebfc1cfcbc8e7945f06b41a
.agents/skills/migrator/ dir 0755
.agents/skills/migrator/SKILL.md file 0644 154 6a1546ac63cdd3db287b109a15568ba5974a8d2f0adf23332346e75e2e6f0144
.agents/skills/reviewer/ dir 0755
.agents/skills/reviewer/SKILL.md file 0644 421 cb318db002aacac347882a1ccee67572a242722da43a959f8668f1bc77703f0e
.agents/skills/reviewer/references/ dir 0755
.agents/skills/reviewer/references/checklist.md file 0644 28 02393d1b57638cc3b06632e057556d199781a02f385c4299936253c78ecd5328
.agents/skills/reviewer/scripts/ dir 0755
.agents/skills/reviewer/scripts/run.sh file 0644 22 914c2af00a91392459c499b94b955b3334a860831f85bbf3c4cc644460f877b8
.agents/skills/ship/ dir 0755
.agents/skills/ship/SKILL.md file 0644 184 6b822e098b5ea716fc05e66c57a0617b08a030c3f138b086712a80d7be4479d5
.agents/skills/ship/agents/ dir 0755
.agents/skills/ship/agents/openai.yaml file 0644 43 a1499d95abd8447558c535fe5554adcc3c9b988a0a39264a6283d430effe1e94
.agents/skills/storybook/ dir 0755
.agents/skills/storybook/SKILL.md file 0644 190 8b196dcd988ed3e4bd99fc6cf307a1bc604cbdd3c9c7e4dd002f9f8e4580e269
.agents/skills/storybook/agents/ dir 0755
.agents/skills/storybook/agents/openai.yaml file 0644 43 a1499d95abd8447558c535fe5554adcc3c9b988a0a39264a6283d430effe1e94
.ai-rulez/ dir 0755
.ai-rulez/.generated-manifest.json file 0644 3813 0f7e7ee5e7677ce68563f92e1d767c7bcd6e86ff1973b4085f23e2600cd3196a
.ai-rulez/.generated-manifest.local.json file 0644 12747 8d80b82996e68139c00f88a1ab87e92b347e86213d8dfa0bb1107e01b399c1bd
.ai-rulez/agents/ dir 0755
.ai-rulez/agents/architect.md file 0644 97 fc714ad19a3a1c9348f1a954f3a7d43dfa07a8640a114d2f7c14777f23871d72
.ai-rulez/agents/tester.md file 0644 82 72927a1eaca26accd861c5afde228c7c585007302e27d927af597b36733b831a
.ai-rulez/checks/ dir 0755
.ai-rulez/checks/security.md file 0644 129 6959bf66b516b9a429777aa26d8ce99f5ba2567175346573b6f50c1508ab0b50
.ai-rulez/checks/style.md file 0644 81 29ff5b316a1736ef9f9d9f8177eb79381851f67e862b6176aad658cd8c62fa36
.ai-rulez/commands/ dir 0755
.ai-rulez/commands/build.md file 0644 86 a9cebfe205f3b9671fa95cb548dfb846742c4bbc0ea9dda6b1ceea16567cad08
.ai-rulez/commands/ship.md file 0644 62 ef143b5a7da89769d892288d92297d90b37c637bbcd722b02ecc732d6024e3ce
.ai-rulez/config.toml file 0644 986 22314f614402211a767a642bf69ff2c4621869214bf2bd16a1f8997c49b38301
.ai-rulez/context/ dir 0755
.ai-rulez/context/architecture.md file 0644 39 f061e6d3090d636939192e8f2a25fc35d5e1d5f39064be561b75958bfe58affe
.ai-rulez/context/overview.md file 0644 57 5516cc04000e99e3776a26e6b85af97da89016e71294b288c3f07cab508c08ee
.ai-rulez/domains/ dir 0755
.ai-rulez/domains/backend/ dir 0755
.ai-rulez/domains/backend/agents/ dir 0755
.ai-rulez/domains/backend/agents/dba.md file 0644 52 ce57b6ebf36e54afe0d2707d38157ca5d6d63d90f7767ea093e60f41d1083481
.ai-rulez/domains/backend/context/ dir 0755
.ai-rulez/domains/backend/context/api.md file 0644 25 77fe40a88a63da72d94c6271e97845eaf7b4fd5724850f3a9f995ca42f97c305
.ai-rulez/domains/backend/rules/ dir 0755
.ai-rulez/domains/backend/rules/go.md file 0644 42 93917fd474c7530046e22d7915d20cf22bf9e52729d215db622e860e41110837
.ai-rulez/domains/backend/skills/ dir 0755
.ai-rulez/domains/backend/skills/migrator/ dir 0755
.ai-rulez/domains/backend/skills/migrator/SKILL.md file 0644 63 fc152f29099afc77ff3d1e422c69c62792d1aa2f6296fc310cd89d8ffde3edf3
.ai-rulez/domains/frontend/ dir 0755
.ai-rulez/domains/frontend/checks/ dir 0755
.ai-rulez/domains/frontend/checks/a11y.md file 0644 71 cf9f9553d6e1ed3df9b9574a8d710af93dbea3b9b8153b25077fae039daa8c55
.ai-rulez/domains/frontend/commands/ dir 0755
.ai-rulez/domains/frontend/commands/storybook.md file 0644 68 f30ad029d614a0ff487c75f58d9b92a647c797af66d55c2f0bfce7658db40ad6
.ai-rulez/domains/frontend/rules/ dir 0755
.ai-rulez/domains/frontend/rules/react.md file 0644 53 142768f4640359b518784a9445a0336adcfb8ad31fbf817be97deeaa317a1dbb
.ai-rulez/rules/ dir 0755
.ai-rulez/rules/always.md file 0644 61 9c177b14cdaff230d103d9ee46ba44ce2455c5df6038cf1ea69e1e2e4c811282
.ai-rulez/rules/auto.md file 0644 101 88e5024831ae852d1bbce5c72672c24f8fc7b5342288a389ec797e65f5f60375
.ai-rulez/rules/manual.md file 0644 68 341ce1713db555c6d51e3253679660f1bb3afd322c72030d151f1a979d81b79b
.ai-rulez/rules/targeted.md file 0644 79 cab22af28f9870a3a1f8a42a44c3f1eec2050e8acca7a60b96e1688af4c698a2
.ai-rulez/rules/typescript.md file 0644 117 0e693f8a0ede994dfb6ede7fc2966d0d2092059a0d2858ec1fddd07c7529e6d2
.ai-rulez/skills/ dir 0755
.ai-rulez/skills/deployer/ dir 0755
.ai-rulez/skills/deployer/SKILL.md file 0644 83 bad245bf59d4d4f2ecd6a6980b475e628280c348abaa2c33a51cfde8f8019289
.ai-rulez/skills/reviewer/ dir 0755
.ai-rulez/skills/reviewer/SKILL.md file 0644 88 a944e83c0c4f2209746efcc77d875153037389d2c36e01af2a6ae88949b123fa
.ai-rulez/skills/reviewer/references/ dir 0755
.ai-rulez/skills/reviewer/references/checklist.md file 0644 28 02393d1b57638cc3b06632e057556d199781a02f385c4299936253c78ecd5328
.ai-rulez/skills/reviewer/scripts/ dir 0755
.ai-rulez/skills/reviewer/scripts/run.sh file 0644 22 914c2af00a91392459c499b94b955b3334a860831f85bbf3c4cc644460f877b8
.claude/ dir 0755
.claude/agents/ dir 0755
.claude/agents/architect.md file 0644 186 d1d083ab1e94dd3d11d3ddbf9462bb0188c40eee6e4415105eac27ab685d8218
.claude/agents/dba.md file 0644 141 cb3f4ff6ceb1ecbe5b61ed8b8e45ebf8383405f90e30fe2142a0d81309476888
.claude/agents/tester.md file 0644 171 0657702e7537dae198f90daa49e6ceeea314d0daef45f6c4a53988ff95eab003
.claude/rules/ dir 0755
.claude/rules/always.md file 0644 240 05e03e3751104f2d3934811e2ff08c8c890d225a26a1d1b3fe300a5c4e6c92dd
.claude/rules/auto.md file 0644 217 68e11410d45d239b3da6c2aabca1819972e7e00afa83cc891acef89a3ae2ad28
.claude/rules/go.md file 0644 233 c7a7097170b9648ceddcee6262e4eccae70e71f46c64369a924c3672295411db
.claude/rules/manual.md file 0644 228 9ebb255fae76ee6cda066d34226c2862e43a7d74ddd735840a81db1d9ce680cd
.claude/rules/react.md file 0644 253 142ac2b5ca11fe90d58acfe3ebdfea8c1385582afd9c15dc702b95f48c77585d
.claude/rules/targeted.md file 0644 224 02e9f8e03a4ae407a9240b1b3859c9e4e12a5902973c2e8f129438f30a18e9fb
.claude/rules/typescript.md file 0644 291 3bd12c5c4eaec28ac71bd81353650bd889852148778d0895e9e8ffa113866e4e
.claude/settings.json file 0644 953 42046a0a2442fce3251cbf0f234d9006d345464a7f8e2042e762f1e3d7b5fd80
.claude/skills/ dir 0755
.claude/skills/build/ dir 0755
.claude/skills/build/SKILL.md file 0644 196 73e28d1d970abeb6d84ee2cba5436c5197ed7b78c92d995706a1fd10344cb0a3
.claude/skills/deployer/ dir 0755
.claude/skills/deployer/SKILL.md file 0644 172 a3ef0f4bdeef4f5a3f88437f3a88705e7dc388a42dd8523646a5db09dc2b8626
.claude/skills/migrator/ dir 0755
.claude/skills/migrator/SKILL.md file 0644 152 cbbcaa9a59b2fb34d0cbf052372bbf738db9bbc79e379183b3a01cd13d783d4d
.claude/skills/reviewer/ dir 0755
.claude/skills/reviewer/SKILL.md file 0644 419 9b2dbf3fb01442905d40da0032e2e5998b4ec526247e9400a49102842056bbb1
.claude/skills/reviewer/references/ dir 0755
.claude/skills/reviewer/references/checklist.md file 0644 28 02393d1b57638cc3b06632e057556d199781a02f385c4299936253c78ecd5328
.claude/skills/reviewer/scripts/ dir 0755
.claude/skills/reviewer/scripts/run.sh file 0644 22 914c2af00a91392459c499b94b955b3334a860831f85bbf3c4cc644460f877b8
.claude/skills/ship/ dir 0755
.claude/skills/ship/SKILL.md file 0644 172 d00e38bd921c5c70977ce66c9ad32e4d9e78b0c6a35472ce9d604a574264a018
.claude/skills/storybook/ dir 0755
.claude/skills/storybook/SKILL.md file 0644 178 c09f47a388c3ac12f48f7c195654342ccda0157e1bc08c88cedaf3e2203871d4
.codex/ dir 0755
.codex/agents/ dir 0755
.codex/agents/architect.toml file 0644 115 100b7bc0d204d3f398585809f0f84c3b04581ea502d899f62797bafc05c53d13
.codex/agents/dba.toml file 0644 84 474c38115dea275ee7a05c26f3711fd16895f16b1f510eedaa8a0e4b3ac06ab5
.codex/agents/tester.toml file 0644 133 220954cc19dffd1eab6ef984b40645ae7a2380649877b4e4ed8a5b0ca54ea46c
.codex/config.toml file 0600 234 5b05588b7993d43069add2ed8786bca0e7a2b59112e5e887871c82e81dacd7bc
.codex/hooks.json file 0644 719 4ed20f680526671552a907de7a7e0fca8d830315416ab5c9da33754af14b2c70
.codex/rules/ dir 0755
.codex/rules/ai-rulez.rules file 0644 409 2c4fde503d40ad6215a476740f268b6d1237543cb47d2020756cfcef46f5b6d8
.cursor/ dir 0755
.cursor/BUGBOT.md file 0644 277 ac6c5dafda8b6382ff19808fc0af50f42f65e0522b9d1c4db0fe4bed82119c3c
.cursor/agents/ dir 0755
.cursor/agents/architect.md file 0644 186 d1d083ab1e94dd3d11d3ddbf9462bb0188c40eee6e4415105eac27ab685d8218
.cursor/agents/dba.md file 0644 141 cb3f4ff6ceb1ecbe5b61ed8b8e45ebf8383405f90e30fe2142a0d81309476888
.cursor/agents/tester.md file 0644 158 7e77d681eecf3afd3d8f56bc9247b388208aa94e38703fcf25910f130a1bf4b7
.cursor/cli.json file 0644 164 7157bdd50749666291ee2c9c9c30fd2955eff5b882f55c09e7d6bd65ed5f6e0c
.cursor/commands/ dir 0755
.cursor/commands/build.md file 0644 81 b61db5af1a87139a283467cf1784940526ce0621c1c307a2fc715b5d2d18eeef
.cursor/commands/ship.md file 0644 57 7c7d95d103f41bca186984662895900f18dcca846f894b2bb7ac75132b7050ff
.cursor/commands/storybook.md file 0644 63 a7fd88bff5ff7be7d2cb21b4e49209cbfc952cfb607e0c8742894cc0160ab066
.cursor/hooks.json file 0644 375 4ee59fc717970d5b4cf0fc1c3995d41643c5df5cec38e3eaa2a40ec5a4e8e4f2
.cursor/mcp.json file 0644 355 063f2222db4ab0ba0aefdd491b50ec40363ce0d9363d957dc905d0a7d3df8a73
.cursor/rules/ dir 0755
.cursor/rules/always.mdc file 0644 266 474275574772fb0867056f2ea0a0165f2aae288397f50d5e7d2c0113e61d146a
.cursor/rules/auto.mdc file 0644 277 afe47fdfcc7669e0c685dcbabf2a703fc3a9d993878850431becd23b436dad22
.cursor/rules/context-api.mdc file 0644 248 5a6846d4da789b9bb829d7a8d9b605c70e3bb565b0e44d68e3715680b84dc3ff
.cursor/rules/context-architecture.mdc file 0644 255 355e35cba517e7f51002ffd853d57deb6fcecb661ed0853cbc24ac44f10a9898
.cursor/rules/context-overview.mdc file 0644 266 bf769d85e9b2aae7d279408c2fb692d1e55051e5be994cddad9eba3941b6b792
.cursor/rules/go.mdc file 0644 259 babb2eeb5fba6f1f1e4ef13e556267cba7716feff71225d42cf2db46ea903ed2
.cursor/rules/manual.mdc file 0644 255 31f7d0d001109e013a53b81effd7b988f8c7d850fb5bc45edc69d18ee3656ccf
.cursor/rules/react.mdc file 0644 266 a31aadc455037e470011b2db33779b7665a1759edd5c45aafa1cb65f004b319f
.cursor/rules/targeted.mdc file 0644 250 50fa175a1c5b6755414abd81d0e2276e585347488ed2db23568864146a277f88
.cursor/rules/typescript.mdc file 0644 305 d7bb325f679451a5ae1a8330c2c5c17e344b247570c4740239e0679de4ae0c98
.gemini/ dir 0755
.gemini/agents/ dir 0755
.gemini/agents/architect.md file 0644 172 6b2bf079a5621813ddd835a1c3f63b7bd5083d6d4b405dcfb01a6dd394834dfa
.gemini/agents/dba.md file 0644 141 cb3f4ff6ceb1ecbe5b61ed8b8e45ebf8383405f90e30fe2142a0d81309476888
.gemini/agents/tester.md file 0644 158 7e77d681eecf3afd3d8f56bc9247b388208aa94e38703fcf25910f130a1bf4b7
.gemini/settings.json file 0644 1389 659f0f934bccba7146d22b21eab16153f7e229a9f00308a2e3476d75d9adf691
.github/ dir 0755
.github/agents/ dir 0755
.github/agents/architect.agent.md file 0644 186 d1d083ab1e94dd3d11d3ddbf9462bb0188c40eee6e4415105eac27ab685d8218
.github/agents/dba.agent.md file 0644 141 cb3f4ff6ceb1ecbe5b61ed8b8e45ebf8383405f90e30fe2142a0d81309476888
.github/agents/tester.agent.md file 0644 158 7e77d681eecf3afd3d8f56bc9247b388208aa94e38703fcf25910f130a1bf4b7
.github/copilot-instructions.md file 0644 655 463a725076d3d07f8dc28a8a59c78b6e0bfd5baf7b7b95e35276768bdb563b7a
.github/hooks/ dir 0755
.github/hooks/ai-rulez.json file 0644 489 18ab5181526ae496b5c77225b5a3af0b9d026bcdf7d3c11ba00271a17b8b1a2c
.github/instructions/ dir 0755
.github/instructions/always.instructions.md file 0644 262 e6d7ab8091b623f01d6cfcfe854c854842d5333da0446436d1e1ca9bbe72c1a7
.github/instructions/go.instructions.md file 0644 255 03d743dbb6d95a26fce2ce9d5d75fa06f29e3260a3a09143e6639dd7f14ca6b4
.github/instructions/react.instructions.md file 0644 249 81b9a8fbb7fde7981c2d6c24d3b44585f5d6cdba9164375a8efefd78fb0c5650
.github/instructions/typescript.instructions.md file 0644 288 14f2246195732bcddc818abd579815c3b0fba6bc55b2925fde948dafa230e2d2
.github/prompts/ dir 0755
.github/prompts/build.prompt.md file 0644 163 7e3c85af2b70967aa544ebf2695885bec743b36aaa6911c94ecb84af90829b44
.github/prompts/ship.prompt.md file 0644 140 8302239666a0f1ea2a3ef65733af690c3df05de9f0c780c8a4b05bc18039a238
.github/prompts/storybook.prompt.md file 0644 141 98ff12386550a2c7ad1594211160cb6619b69c12a631314c0fe2bf47bbf86acb
.github/skills/ dir 0755
.github/skills/deployer/ dir 0755
.github/skills/deployer/SKILL.md file 0644 174 8160f075c640ee77e3685ee67a0318dfb4f03b81bebfc1cfcbc8e7945f06b41a
.github/skills/migrator/ dir 0755
.github/skills/migrator/SKILL.md file 0644 154 6a1546ac63cdd3db287b109a15568ba5974a8d2f0adf23332346e75e2e6f0144
.github/skills/reviewer/ dir 0755
.github/skills/reviewer/SKILL.md file 0644 421 cb318db002aacac347882a1ccee67572a242722da43a959f8668f1bc77703f0e
.github/skills/reviewer/references/ dir 0755
.github/skills/reviewer/references/checklist.md file 0644 28 02393d1b57638cc3b06632e057556d199781a02f385c4299936253c78ecd5328
.github/skills/reviewer/scripts/ dir 0755
.github/skills/reviewer/scripts/run.sh file 0644 22 914c2af00a91392459c499b94b955b3334a860831f85bbf3c4cc644460f877b8
.gitignore file 0644 1443 3a341e7d820b6cb752b5f22ec4fe4a6867ae130c7b5fb24748f48610e1d3ddf4
.mcp.json file 0644 419 893d9026bc75ab0203a11511e4c2fc6799157d0d9050b07422635291e2550ee4
.opencode/ dir 0755
.opencode/agents/ dir 0755
.opencode/agents/architect.md file 0644 166 9dd8bf8ffed3a1f0224ae77627d154fded814856f2c25da1adaed71065ed0691
.opencode/agents/dba.md file 0644 141 9dfce1bd9757568a1f2cb8a62551dc7ac81097085587808134c9e3b4418e79c8
.opencode/agents/tester.md file 0644 169 75eb4d0bf61903216baf02272dd4e376a76cbb452fd49b434f3ef884443ec6e1
.opencode/commands/ dir 0755
.opencode/commands/build.md file 0644 163 7e3c85af2b70967aa544ebf2695885bec743b36aaa6911c94ecb84af90829b44
.opencode/commands/ship.md file 0644 140 8302239666a0f1ea2a3ef65733af690c3df05de9f0c780c8a4b05bc18039a238
.opencode/commands/storybook.md file 0644 141 98ff12386550a2c7ad1594211160cb6619b69c12a631314c0fe2bf47bbf86acb
.opencode/plugins/ dir 0755
.opencode/plugins/ai-rulez-hooks.js file 0644 9627 97109c8510be424bdb6dfbe235783ea512ad61d6e02a85c6c7dc6135aa5cf8b2
.opencode/skills/ dir 0755
.opencode/skills/deployer/ dir 0755
.opencode/skills/deployer/SKILL.md file 0644 174 8160f075c640ee77e3685ee67a0318dfb4f03b81bebfc1cfcbc8e7945f06b41a
.opencode/skills/migrator/ dir 0755
.opencode/skills/migrator/SKILL.md file 0644 154 6a1546ac63cdd3db287b109a15568ba5974a8d2f0adf23332346e75e2e6f0144
.opencode/skills/reviewer/ dir 0755
.opencode/skills/reviewer/SKILL.md file 0644 421 cb318db002aacac347882a1ccee67572a242722da43a959f8668f1bc77703f0e
.opencode/skills/reviewer/references/ dir 0755
.opencode/skills/reviewer/references/checklist.md file 0644 28 02393d1b57638cc3b06632e057556d199781a02f385c4299936253c78ecd5328
.opencode/skills/reviewer/scripts/ dir 0755
.opencode/skills/reviewer/scripts/run.sh file 0644 22 914c2af00a91392459c499b94b955b3334a860831f85bbf3c4cc644460f877b8
.vscode/ dir 0755
.vscode/mcp.json file 0600 397 c649641c79d5652f3c538b3d63df468be8ca6db59ee8a5ce44b2b6ab9c2979c7
.vscode/settings.json file 0644 233 3647325bdf3196d9329bd5e2ad02dff938123e173119519e68920148bf703703
AGENTS.md file 0644 913 d438e0dad7b8ca93ce84866dee604c7f9528c48b79ab1ed8d8e986dcfffc0f39
CLAUDE.md file 0644 518 4aba14f531d056e91465d04b7dcc4903d76d6e583ff212e71b25f8cee563cf09
GEMINI.md file 0644 913 d438e0dad7b8ca93ce84866dee604c7f9528c48b79ab1ed8d8e986dcfffc0f39
opencode.json file 0644 795 d9612d86974d902424704fc99c96a90dd8ee04aa5cef5ad80ea905a11043e2da
scripts/ dir 0755
scripts/guard.sh file 0755 17 306c6ca7407560340797866e077e053627ad409277d1b9da58106fce4cf717cb
--- home tree
(no change)
