# scenario reports

## step 1: ai-rulez generate --yes
exit: 0
--- stdout
--- stderr
INFO  This configuration directory uses the legacy layout, which is deprecated and stops loading in v6; run 'ai-rulez migrate okf' to convert it to an OKF bundle path=$ROOT/.ai-rulez
WARN  [permissions] ask rules are not generated for cursor: it has no ask list and prompts for whatever is not allowed
WARN  [permissions] allow rule "Bash(npm run test:*)" not generated for cursor: Cursor's Shell() rules take a command name; a multi-word, exact or wildcard allow cannot be expressed without widening it
WARN  [permissions] allow rule "Read(./src/**)" not generated for codex: Codex has no rule surface for Read (paths, domains and MCP tools need a permission profile, which replaces sandbox_mode)
WARN  [permissions] allow rule "WebFetch(domain:example.com)" not generated for codex: Codex has no rule surface for WebFetch (paths, domains and MCP tools need a permission profile, which replaces sandbox_mode)
WARN  SECURITY: [permissions] deny rule "Read(./.env)" is NOT enforced by codex: Codex has no rule surface for Read (paths, domains and MCP tools need a permission profile, which replaces sandbox_mode) severity=error hint=enforce it another way (sandbox, hook) or remove the harness from the project
WARN  [permissions] ask rules are not generated for gemini: it has no ask list and prompts for whatever is not allowed
WARN  [permissions] allow rule "Read(./src/**)" not generated for gemini: settings.json can only allow or block a whole tool, not ./src/**
WARN  [permissions] allow rule "WebFetch(domain:example.com)" not generated for gemini: settings.json can only allow or block a whole tool, not domain:example.com
WARN  SECURITY: [permissions] deny rule "Read(./.env)" is NOT enforced by gemini: settings.json can only allow or block a whole tool, not ./.env severity=error hint=enforce it another way (sandbox, hook) or remove the harness from the project
WARN  Gemini CLI does not know Claude model aliases; omitting the model so the agent inherits the session model agent=architect model=sonnet hint=set gemini_model in the agent frontmatter or defaults.model_by_preset.gemini
WARN  [permissions] allow rule "Read(./src/**)" not generated for copilot: VS Code has no setting for Read rules
WARN  SECURITY: [permissions] deny rule "Bash(rm -rf:*)" is NOT enforced by copilot: VS Code has no hard deny; the rule is written as 'always ask' (false), which a user can still approve severity=error hint=enforce it another way (sandbox, hook) or remove the harness from the project
WARN  SECURITY: [permissions] deny rule "Read(./.env)" is NOT enforced by copilot: VS Code has no setting for Read rules severity=error hint=enforce it another way (sandbox, hook) or remove the harness from the project
WARN  OpenCode needs a provider-qualified model (provider/model); omitting it so the agent inherits the session model agent=architect model=sonnet hint=set opencode_model in the agent frontmatter or defaults.model_by_preset.opencode
WARN  [permissions] allow rule "Read(./src/**)" not generated for opencode: it would be evaluated after the overlapping, stricter rule **/.env and override it
INFO  Generating with configuration profile=default
INFO  Generated-file guard: only harnesses with a blocking PreToolUse hook get it; the others are skipped harnesses=[claude codex gemini cursor factory copilot copilot-cli]
INFO  Generation complete files=73
WARN  3 rules/context items use an activation the target tool cannot express; they are loaded always: items=rule auto, rule manual, rules manual
--- project tree
.agents/ dir 0755
.agents/skills/ dir 0755
.agents/skills/build/ dir 0755
.agents/skills/build/SKILL.md file 0644 208 46b69b72e18269edf5eebfbca6e27e758458e9cef50f0d490ca48843d9b8ea09
.agents/skills/build/agents/ dir 0755
.agents/skills/build/agents/openai.yaml file 0644 43 a1499d95abd8447558c535fe5554adcc3c9b988a0a39264a6283d430effe1e94
.agents/skills/deployer/ dir 0755
.agents/skills/deployer/SKILL.md file 0644 174 8160f075c640ee77e3685ee67a0318dfb4f03b81bebfc1cfcbc8e7945f06b41a
.agents/skills/reviewer/ dir 0755
.agents/skills/reviewer/SKILL.md file 0644 421 cb318db002aacac347882a1ccee67572a242722da43a959f8668f1bc77703f0e
.agents/skills/reviewer/references/ dir 0755
.agents/skills/reviewer/references/checklist.md file 0644 28 02393d1b57638cc3b06632e057556d199781a02f385c4299936253c78ecd5328
.agents/skills/reviewer/scripts/ dir 0755
.agents/skills/reviewer/scripts/run.sh file 0644 22 914c2af00a91392459c499b94b955b3334a860831f85bbf3c4cc644460f877b8
.agents/skills/ship/ dir 0755
.agents/skills/ship/SKILL.md file 0644 184 6b822e098b5ea716fc05e66c57a0617b08a030c3f138b086712a80d7be4479d5
.agents/skills/ship/agents/ dir 0755
.agents/skills/ship/agents/openai.yaml file 0644 43 a1499d95abd8447558c535fe5554adcc3c9b988a0a39264a6283d430effe1e94
.ai-rulez/ dir 0755
.ai-rulez/.generated-manifest.json file 0644 2966 3771b0f4604ef7b80bc719bfca03e7870633bfb95435e812af404515ad717d6a
.ai-rulez/.generated-manifest.local.json file 0644 12425 904c090ded81e7d4d709ff0eca944386a5d0d4f4471f5104432bc4b5ea4f570a
.ai-rulez/agents/ dir 0755
.ai-rulez/agents/architect.md file 0644 97 fc714ad19a3a1c9348f1a954f3a7d43dfa07a8640a114d2f7c14777f23871d72
.ai-rulez/agents/tester.md file 0644 82 72927a1eaca26accd861c5afde228c7c585007302e27d927af597b36733b831a
.ai-rulez/checks/ dir 0755
.ai-rulez/checks/security.md file 0644 129 6959bf66b516b9a429777aa26d8ce99f5ba2567175346573b6f50c1508ab0b50
.ai-rulez/checks/style.md file 0644 81 29ff5b316a1736ef9f9d9f8177eb79381851f67e862b6176aad658cd8c62fa36
.ai-rulez/commands/ dir 0755
.ai-rulez/commands/build.md file 0644 86 a9cebfe205f3b9671fa95cb548dfb846742c4bbc0ea9dda6b1ceea16567cad08
.ai-rulez/commands/ship.md file 0644 62 ef143b5a7da89769d892288d92297d90b37c637bbcd722b02ecc732d6024e3ce
.ai-rulez/config.toml file 0644 897 d9f438d95a59aae3b547433a505eaa69ae93f7db301ca608c7087bdc37df5934
.ai-rulez/context/ dir 0755
.ai-rulez/context/architecture.md file 0644 39 f061e6d3090d636939192e8f2a25fc35d5e1d5f39064be561b75958bfe58affe
.ai-rulez/context/overview.md file 0644 57 5516cc04000e99e3776a26e6b85af97da89016e71294b288c3f07cab508c08ee
.ai-rulez/rules/ dir 0755
.ai-rulez/rules/always.md file 0644 61 9c177b14cdaff230d103d9ee46ba44ce2455c5df6038cf1ea69e1e2e4c811282
.ai-rulez/rules/auto.md file 0644 101 88e5024831ae852d1bbce5c72672c24f8fc7b5342288a389ec797e65f5f60375
.ai-rulez/rules/manual.md file 0644 68 341ce1713db555c6d51e3253679660f1bb3afd322c72030d151f1a979d81b79b
.ai-rulez/rules/targeted.md file 0644 79 cab22af28f9870a3a1f8a42a44c3f1eec2050e8acca7a60b96e1688af4c698a2
.ai-rulez/rules/typescript.md file 0644 117 0e693f8a0ede994dfb6ede7fc2966d0d2092059a0d2858ec1fddd07c7529e6d2
.ai-rulez/skills/ dir 0755
.ai-rulez/skills/deployer/ dir 0755
.ai-rulez/skills/deployer/SKILL.md file 0644 83 bad245bf59d4d4f2ecd6a6980b475e628280c348abaa2c33a51cfde8f8019289
.ai-rulez/skills/reviewer/ dir 0755
.ai-rulez/skills/reviewer/SKILL.md file 0644 88 a944e83c0c4f2209746efcc77d875153037389d2c36e01af2a6ae88949b123fa
.ai-rulez/skills/reviewer/references/ dir 0755
.ai-rulez/skills/reviewer/references/checklist.md file 0644 28 02393d1b57638cc3b06632e057556d199781a02f385c4299936253c78ecd5328
.ai-rulez/skills/reviewer/scripts/ dir 0755
.ai-rulez/skills/reviewer/scripts/run.sh file 0644 22 914c2af00a91392459c499b94b955b3334a860831f85bbf3c4cc644460f877b8
.claude/ dir 0755
.claude/agents/ dir 0755
.claude/agents/architect.md file 0644 186 d1d083ab1e94dd3d11d3ddbf9462bb0188c40eee6e4415105eac27ab685d8218
.claude/agents/tester.md file 0644 171 0657702e7537dae198f90daa49e6ceeea314d0daef45f6c4a53988ff95eab003
.claude/rules/ dir 0755
.claude/rules/always.md file 0644 240 05e03e3751104f2d3934811e2ff08c8c890d225a26a1d1b3fe300a5c4e6c92dd
.claude/rules/auto.md file 0644 217 68e11410d45d239b3da6c2aabca1819972e7e00afa83cc891acef89a3ae2ad28
.claude/rules/manual.md file 0644 228 9ebb255fae76ee6cda066d34226c2862e43a7d74ddd735840a81db1d9ce680cd
.claude/rules/targeted.md file 0644 224 02e9f8e03a4ae407a9240b1b3859c9e4e12a5902973c2e8f129438f30a18e9fb
.claude/rules/typescript.md file 0644 291 3bd12c5c4eaec28ac71bd81353650bd889852148778d0895e9e8ffa113866e4e
.claude/settings.json file 0644 953 42046a0a2442fce3251cbf0f234d9006d345464a7f8e2042e762f1e3d7b5fd80
.claude/skills/ dir 0755
.claude/skills/build/ dir 0755
.claude/skills/build/SKILL.md file 0644 196 73e28d1d970abeb6d84ee2cba5436c5197ed7b78c92d995706a1fd10344cb0a3
.claude/skills/deployer/ dir 0755
.claude/skills/deployer/SKILL.md file 0644 172 a3ef0f4bdeef4f5a3f88437f3a88705e7dc388a42dd8523646a5db09dc2b8626
.claude/skills/reviewer/ dir 0755
.claude/skills/reviewer/SKILL.md file 0644 419 9b2dbf3fb01442905d40da0032e2e5998b4ec526247e9400a49102842056bbb1
.claude/skills/reviewer/references/ dir 0755
.claude/skills/reviewer/references/checklist.md file 0644 28 02393d1b57638cc3b06632e057556d199781a02f385c4299936253c78ecd5328
.claude/skills/reviewer/scripts/ dir 0755
.claude/skills/reviewer/scripts/run.sh file 0644 22 914c2af00a91392459c499b94b955b3334a860831f85bbf3c4cc644460f877b8
.claude/skills/ship/ dir 0755
.claude/skills/ship/SKILL.md file 0644 172 d00e38bd921c5c70977ce66c9ad32e4d9e78b0c6a35472ce9d604a574264a018
.codex/ dir 0755
.codex/agents/ dir 0755
.codex/agents/architect.toml file 0644 115 100b7bc0d204d3f398585809f0f84c3b04581ea502d899f62797bafc05c53d13
.codex/agents/tester.toml file 0644 133 220954cc19dffd1eab6ef984b40645ae7a2380649877b4e4ed8a5b0ca54ea46c
.codex/config.toml file 0600 234 5b05588b7993d43069add2ed8786bca0e7a2b59112e5e887871c82e81dacd7bc
.codex/hooks.json file 0644 719 4ed20f680526671552a907de7a7e0fca8d830315416ab5c9da33754af14b2c70
.codex/rules/ dir 0755
.codex/rules/ai-rulez.rules file 0644 409 2c4fde503d40ad6215a476740f268b6d1237543cb47d2020756cfcef46f5b6d8
.cursor/ dir 0755
.cursor/BUGBOT.md file 0644 219 e27f8811597fc9462d5515790ad275947a409d8e535601f01498686437bbf180
.cursor/agents/ dir 0755
.cursor/agents/architect.md file 0644 186 d1d083ab1e94dd3d11d3ddbf9462bb0188c40eee6e4415105eac27ab685d8218
.cursor/agents/tester.md file 0644 158 7e77d681eecf3afd3d8f56bc9247b388208aa94e38703fcf25910f130a1bf4b7
.cursor/cli.json file 0644 164 7157bdd50749666291ee2c9c9c30fd2955eff5b882f55c09e7d6bd65ed5f6e0c
.cursor/commands/ dir 0755
.cursor/commands/build.md file 0644 81 b61db5af1a87139a283467cf1784940526ce0621c1c307a2fc715b5d2d18eeef
.cursor/commands/ship.md file 0644 57 7c7d95d103f41bca186984662895900f18dcca846f894b2bb7ac75132b7050ff
.cursor/hooks.json file 0644 375 4ee59fc717970d5b4cf0fc1c3995d41643c5df5cec38e3eaa2a40ec5a4e8e4f2
.cursor/mcp.json file 0644 355 063f2222db4ab0ba0aefdd491b50ec40363ce0d9363d957dc905d0a7d3df8a73
.cursor/rules/ dir 0755
.cursor/rules/always.mdc file 0644 266 474275574772fb0867056f2ea0a0165f2aae288397f50d5e7d2c0113e61d146a
.cursor/rules/auto.mdc file 0644 277 afe47fdfcc7669e0c685dcbabf2a703fc3a9d993878850431becd23b436dad22
.cursor/rules/context-architecture.mdc file 0644 255 355e35cba517e7f51002ffd853d57deb6fcecb661ed0853cbc24ac44f10a9898
.cursor/rules/context-overview.mdc file 0644 266 bf769d85e9b2aae7d279408c2fb692d1e55051e5be994cddad9eba3941b6b792
.cursor/rules/manual.mdc file 0644 255 31f7d0d001109e013a53b81effd7b988f8c7d850fb5bc45edc69d18ee3656ccf
.cursor/rules/targeted.mdc file 0644 250 50fa175a1c5b6755414abd81d0e2276e585347488ed2db23568864146a277f88
.cursor/rules/typescript.mdc file 0644 305 d7bb325f679451a5ae1a8330c2c5c17e344b247570c4740239e0679de4ae0c98
.gemini/ dir 0755
.gemini/agents/ dir 0755
.gemini/agents/architect.md file 0644 172 6b2bf079a5621813ddd835a1c3f63b7bd5083d6d4b405dcfb01a6dd394834dfa
.gemini/agents/tester.md file 0644 158 7e77d681eecf3afd3d8f56bc9247b388208aa94e38703fcf25910f130a1bf4b7
.gemini/settings.json file 0644 1389 659f0f934bccba7146d22b21eab16153f7e229a9f00308a2e3476d75d9adf691
.github/ dir 0755
.github/agents/ dir 0755
.github/agents/architect.agent.md file 0644 186 d1d083ab1e94dd3d11d3ddbf9462bb0188c40eee6e4415105eac27ab685d8218
.github/agents/tester.agent.md file 0644 158 7e77d681eecf3afd3d8f56bc9247b388208aa94e38703fcf25910f130a1bf4b7
.github/copilot-instructions.md file 0644 627 5be176ce0987ac1f8bdfaabe285222fac4fdd0e6e3c81bca9fbb2dd0bb4eedb0
.github/hooks/ dir 0755
.github/hooks/ai-rulez.json file 0644 489 18ab5181526ae496b5c77225b5a3af0b9d026bcdf7d3c11ba00271a17b8b1a2c
.github/instructions/ dir 0755
.github/instructions/always.instructions.md file 0644 262 e6d7ab8091b623f01d6cfcfe854c854842d5333da0446436d1e1ca9bbe72c1a7
.github/instructions/typescript.instructions.md file 0644 288 14f2246195732bcddc818abd579815c3b0fba6bc55b2925fde948dafa230e2d2
.github/prompts/ dir 0755
.github/prompts/build.prompt.md file 0644 163 7e3c85af2b70967aa544ebf2695885bec743b36aaa6911c94ecb84af90829b44
.github/prompts/ship.prompt.md file 0644 140 8302239666a0f1ea2a3ef65733af690c3df05de9f0c780c8a4b05bc18039a238
.github/skills/ dir 0755
.github/skills/deployer/ dir 0755
.github/skills/deployer/SKILL.md file 0644 174 8160f075c640ee77e3685ee67a0318dfb4f03b81bebfc1cfcbc8e7945f06b41a
.github/skills/reviewer/ dir 0755
.github/skills/reviewer/SKILL.md file 0644 421 cb318db002aacac347882a1ccee67572a242722da43a959f8668f1bc77703f0e
.github/skills/reviewer/references/ dir 0755
.github/skills/reviewer/references/checklist.md file 0644 28 02393d1b57638cc3b06632e057556d199781a02f385c4299936253c78ecd5328
.github/skills/reviewer/scripts/ dir 0755
.github/skills/reviewer/scripts/run.sh file 0644 22 914c2af00a91392459c499b94b955b3334a860831f85bbf3c4cc644460f877b8
.gitignore file 0644 1206 84e44e460ce95cd918df0fd506075ba55cedfbc00884f7fae37823ba0eaf00a9
.mcp.json file 0644 419 893d9026bc75ab0203a11511e4c2fc6799157d0d9050b07422635291e2550ee4
.opencode/ dir 0755
.opencode/agents/ dir 0755
.opencode/agents/architect.md file 0644 166 9dd8bf8ffed3a1f0224ae77627d154fded814856f2c25da1adaed71065ed0691
.opencode/agents/tester.md file 0644 169 75eb4d0bf61903216baf02272dd4e376a76cbb452fd49b434f3ef884443ec6e1
.opencode/commands/ dir 0755
.opencode/commands/build.md file 0644 163 7e3c85af2b70967aa544ebf2695885bec743b36aaa6911c94ecb84af90829b44
.opencode/commands/ship.md file 0644 140 8302239666a0f1ea2a3ef65733af690c3df05de9f0c780c8a4b05bc18039a238
.opencode/plugins/ dir 0755
.opencode/plugins/ai-rulez-hooks.js file 0644 9627 97109c8510be424bdb6dfbe235783ea512ad61d6e02a85c6c7dc6135aa5cf8b2
.opencode/skills/ dir 0755
.opencode/skills/deployer/ dir 0755
.opencode/skills/deployer/SKILL.md file 0644 174 8160f075c640ee77e3685ee67a0318dfb4f03b81bebfc1cfcbc8e7945f06b41a
.opencode/skills/reviewer/ dir 0755
.opencode/skills/reviewer/SKILL.md file 0644 421 cb318db002aacac347882a1ccee67572a242722da43a959f8668f1bc77703f0e
.opencode/skills/reviewer/references/ dir 0755
.opencode/skills/reviewer/references/checklist.md file 0644 28 02393d1b57638cc3b06632e057556d199781a02f385c4299936253c78ecd5328
.opencode/skills/reviewer/scripts/ dir 0755
.opencode/skills/reviewer/scripts/run.sh file 0644 22 914c2af00a91392459c499b94b955b3334a860831f85bbf3c4cc644460f877b8
.vscode/ dir 0755
.vscode/mcp.json file 0600 397 c649641c79d5652f3c538b3d63df468be8ca6db59ee8a5ce44b2b6ab9c2979c7
.vscode/settings.json file 0644 233 3647325bdf3196d9329bd5e2ad02dff938123e173119519e68920148bf703703
AGENTS.md file 0644 789 625473e36c682a95e0339179c22c821d94dc78496be3b54d523b398c34217c89
CLAUDE.md file 0644 490 2030a4f8705cc0aff54257189f213d313c78fad93ff1530e76d1133e1f0e4f68
GEMINI.md file 0644 789 625473e36c682a95e0339179c22c821d94dc78496be3b54d523b398c34217c89
opencode.json file 0644 795 d9612d86974d902424704fc99c96a90dd8ee04aa5cef5ad80ea905a11043e2da
scripts/ dir 0755
scripts/guard.sh file 0755 17 306c6ca7407560340797866e077e053627ad409277d1b9da58106fce4cf717cb
--- home tree
(no change)

## step 2: ai-rulez tokens
exit: 0
--- stdout
Token surface — profile "default"
Tokenizer: cl100k_base (approximate)

runtime claude — 15 files
  always loaded                                                 483
    CLAUDE.md                                                   154
      header                                                     85
      title                                                       3
      description                                                 4
      context_inline (2)                                         14
        overview                                                  7
        architecture                                              7
      provenance hashes and section boundaries                   48
    provider rule files (4)                                     140
    skill listing (2)                                            65
      names (2)                                                   4
      descriptions (2)                                            7
      per-entry framing (estimate) (2)                           54
    command listing (2)                                          62
      names (2)                                                   2
      descriptions (2)                                            6
      per-entry framing (estimate) (2)                           54
    agent listing (2)                                            62
      names (2)                                                   3
      descriptions (2)                                            5
      per-entry framing (estimate) (2)                           54
  conditional                                                    56
    path-scoped rule files                                       56
  on demand                                                     677
    skill bodies (2)                                             14
    skill file overhead (2)                                      79
    command bodies (2)                                           11
    command file overhead (2)                                    38
    agent bodies (2)                                             13
    agent file overhead (2)                                      32
    skill resources (2)                                          16
    per-file provenance hashes (11)                             474
  unmodeled                                                     265
    sidecar documents                                           265

runtime codex — 10 files
  always loaded                                                 475
    AGENTS.md                                                   225
      header                                                    183
      provenance hashes and section boundaries                   42
    provider rule files                                          83
    skill listing (4)                                           167
      names (4)                                                   6
      descriptions (4)                                           11
      paths (4)                                                  42
      per-entry framing (estimate) (4)                          108
  on demand                                                     274
    skill bodies (4)                                             73
    agent bodies (2)                                             56
    per-file provenance hashes (3)                              145
  unmodeled                                                     250
    sidecar documents (2)                                       250

runtime gemini — 4 files
  always loaded                                                 290
    GEMINI.md                                                   225
      header                                                    183
      provenance hashes and section boundaries                   42
    skill listing (2)                                            65
      names (2)                                                   4
      descriptions (2)                                            7
      per-entry framing (estimate) (2)                           54
  on demand                                                     127
    agent bodies (2)                                             35
    per-file provenance hashes (2)                               92
  unmodeled                                                     389
    sidecar documents                                           389

runtime cursor — 20 files
  always loaded                                                 237
    provider rule files (4)                                     170
    agent-requested rule descriptions                             2
    skill listing (2)                                            65
      names (2)                                                   4
      descriptions (2)                                            7
      per-entry framing (estimate) (2)                           54
  conditional                                                    58
    path-scoped rule files                                       58
  on demand                                                     772
    agent-requested rule files                                   41
    manual rule files                                            43
    skill bodies (2)                                             94
    command bodies (2)                                           33
    agent bodies (2)                                             40
    skill resources (2)                                          16
    per-file provenance hashes (11)                             505
  unmodeled                                                     570
    sidecar documents (4)                                       516
    unclassified outputs                                         54

runtime copilot — 14 files
  always loaded                                                 110
    provider rule files                                          45
    skill listing (2)                                            65
      names (2)                                                   4
      descriptions (2)                                            7
      per-entry framing (estimate) (2)                           54
  conditional                                                    53
    path-scoped rule files                                       53
  on demand                                                     584
    skill bodies (2)                                             94
    command bodies (2)                                           27
    agent bodies (2)                                             40
    skill resources (2)                                          16
    per-file provenance hashes (9)                              407
  unmodeled                                                     472
    sidecar documents (3)                                       334
    unclassified outputs                                        138

runtime opencode — 10 files
  always loaded                                                  65
    skill listing (2)                                            65
      names (2)                                                   4
      descriptions (2)                                            7
      per-entry framing (estimate) (2)                           54
  on demand                                                     453
    skill bodies (2)                                             94
    command bodies (2)                                           27
    agent bodies (2)                                             39
    skill resources (2)                                          16
    per-file provenance hashes (6)                              277
  unmodeled                                                   2,692
    sidecar documents                                           240
    unclassified outputs                                      2,452

Headline always-loaded surface: 483 tokens (claude, the largest single runtime)
  of which item listing (estimate): 189 tokens; pre-listing model reported 308

Per domain:
  domain                             always  conditional    on demand
  (root)                                435           56          203

Scope and caveats:
  - Counts are approximations. Claude's tokenizer is not published; this report uses cl100k_base
    offline. Use the numbers to compare profiles and to compare before and after an edit, not as
    absolute truth.
  - ai-rulez counts only the artifacts it generates. The agent harness adds a fixed floor of its
    own system prompt and tool schemas, plus per-artifact overhead, neither of which ai-rulez
    can see. This report never predicts a session total.
  - Runtimes are not additive. One session loads one runtime's root instructions file, so
    emitting both CLAUDE.md and AGENTS.md costs one of them, not both. The headline figure is
    the largest single runtime.
  - "conditional" is surface some harness modes carry and others do not. For a harness that
    lists skills (see the listing lines) skill descriptions are part of the always-loaded
    listing instead.
  - Provenance hash lines are content-dependent: a blake3 hex digest is incompressible, and two
    digests of the same length tokenize to slightly different counts. Expect a few tokens of
    movement per artifact between two profiles for that reason alone.
  - Listing lines estimate what a harness puts in the prompt at session start to advertise
    skills, commands and agents: each entry's name and description, its path where the harness
    includes one, and 27 tokens of framing per entry. The framing constant is calibrated against
    Claude Code (100 skills measured at 64 tokens each) and is an estimate for every other
    harness. The listing is part of the always-loaded figure and of --budget; always_legacy and
    conditional_legacy keep the numbers the earlier model reported.
  - A harness bounds its listing (Codex: a share of the context window; Claude Code: a total
    budget on top of the per-entry description cap) and shortens or omits entries beyond it. The
    listing lines do not apply that bound, so a very large skill set is an upper estimate.
    Presets absent from the listing table (amp, antigravity, baz, hermes, xum) are not modeled
    and report no listing. Skills written only to the shared .agents/skills tree by agents_md
    are not attributed to a preset.
  - Preset "codex" is not described by the provider DSL, so its outputs are classified from
    their paths and its instructions file is measured as one total with no per-section split.
  - Preset "gemini" is not described by the provider DSL, so its outputs are classified from
    their paths and its instructions file is measured as one total with no per-section split.
--- stderr
WARN  [permissions] ask rules are not generated for cursor: it has no ask list and prompts for whatever is not allowed
WARN  [permissions] allow rule "Bash(npm run test:*)" not generated for cursor: Cursor's Shell() rules take a command name; a multi-word, exact or wildcard allow cannot be expressed without widening it
WARN  [permissions] allow rule "Read(./src/**)" not generated for codex: Codex has no rule surface for Read (paths, domains and MCP tools need a permission profile, which replaces sandbox_mode)
WARN  [permissions] allow rule "WebFetch(domain:example.com)" not generated for codex: Codex has no rule surface for WebFetch (paths, domains and MCP tools need a permission profile, which replaces sandbox_mode)
WARN  SECURITY: [permissions] deny rule "Read(./.env)" is NOT enforced by codex: Codex has no rule surface for Read (paths, domains and MCP tools need a permission profile, which replaces sandbox_mode) severity=error hint=enforce it another way (sandbox, hook) or remove the harness from the project
WARN  [permissions] ask rules are not generated for gemini: it has no ask list and prompts for whatever is not allowed
WARN  [permissions] allow rule "Read(./src/**)" not generated for gemini: settings.json can only allow or block a whole tool, not ./src/**
WARN  [permissions] allow rule "WebFetch(domain:example.com)" not generated for gemini: settings.json can only allow or block a whole tool, not domain:example.com
WARN  SECURITY: [permissions] deny rule "Read(./.env)" is NOT enforced by gemini: settings.json can only allow or block a whole tool, not ./.env severity=error hint=enforce it another way (sandbox, hook) or remove the harness from the project
WARN  Gemini CLI does not know Claude model aliases; omitting the model so the agent inherits the session model agent=architect model=sonnet hint=set gemini_model in the agent frontmatter or defaults.model_by_preset.gemini
WARN  [permissions] allow rule "Read(./src/**)" not generated for copilot: VS Code has no setting for Read rules
WARN  SECURITY: [permissions] deny rule "Bash(rm -rf:*)" is NOT enforced by copilot: VS Code has no hard deny; the rule is written as 'always ask' (false), which a user can still approve severity=error hint=enforce it another way (sandbox, hook) or remove the harness from the project
WARN  SECURITY: [permissions] deny rule "Read(./.env)" is NOT enforced by copilot: VS Code has no setting for Read rules severity=error hint=enforce it another way (sandbox, hook) or remove the harness from the project
WARN  OpenCode needs a provider-qualified model (provider/model); omitting it so the agent inherits the session model agent=architect model=sonnet hint=set opencode_model in the agent frontmatter or defaults.model_by_preset.opencode
WARN  [permissions] allow rule "Read(./src/**)" not generated for opencode: it would be evaluated after the overlapping, stricter rule **/.env and override it
--- project tree
(no change)
--- home tree
(no change)

## step 3: ai-rulez cost
exit: 0
--- stdout
Context cost - profile "default", target claude (cl100k_base, approximate)

  always loaded         483 tokens
  conditional            56 tokens
  on demand             677 tokens

Top always-loaded items (estimate from sources):
        33    7%  skill deployer
        32    7%  skill reviewer
        31    6%  agent architect
        31    6%  command build
        31    6%  command ship
        30    6%  agent tester
        11    2%  rule targeted
         8    2%  rule always
         8    2%  rule auto
         7    1%  context architecture

Top on-demand items (estimate from sources):
         7    1%  skill deployer
         7    1%  skill reviewer
         7    1%  agent architect
         7    1%  command build
         6    1%  agent tester
         4    1%  command ship


Notes:
  - Runtime totals are the `ai-rulez tokens` figures for the target; the item table is estimated from the sources and does not add up to them exactly (file framing, root file sections and provider differences are not attributed to items).
  - Counts are approximations (cl100k_base); the agent harness adds a fixed floor ai-rulez cannot see.
--- stderr
WARN  [permissions] ask rules are not generated for cursor: it has no ask list and prompts for whatever is not allowed
WARN  [permissions] allow rule "Bash(npm run test:*)" not generated for cursor: Cursor's Shell() rules take a command name; a multi-word, exact or wildcard allow cannot be expressed without widening it
WARN  [permissions] allow rule "Read(./src/**)" not generated for codex: Codex has no rule surface for Read (paths, domains and MCP tools need a permission profile, which replaces sandbox_mode)
WARN  [permissions] allow rule "WebFetch(domain:example.com)" not generated for codex: Codex has no rule surface for WebFetch (paths, domains and MCP tools need a permission profile, which replaces sandbox_mode)
WARN  SECURITY: [permissions] deny rule "Read(./.env)" is NOT enforced by codex: Codex has no rule surface for Read (paths, domains and MCP tools need a permission profile, which replaces sandbox_mode) severity=error hint=enforce it another way (sandbox, hook) or remove the harness from the project
WARN  [permissions] ask rules are not generated for gemini: it has no ask list and prompts for whatever is not allowed
WARN  [permissions] allow rule "Read(./src/**)" not generated for gemini: settings.json can only allow or block a whole tool, not ./src/**
WARN  [permissions] allow rule "WebFetch(domain:example.com)" not generated for gemini: settings.json can only allow or block a whole tool, not domain:example.com
WARN  SECURITY: [permissions] deny rule "Read(./.env)" is NOT enforced by gemini: settings.json can only allow or block a whole tool, not ./.env severity=error hint=enforce it another way (sandbox, hook) or remove the harness from the project
WARN  Gemini CLI does not know Claude model aliases; omitting the model so the agent inherits the session model agent=architect model=sonnet hint=set gemini_model in the agent frontmatter or defaults.model_by_preset.gemini
WARN  [permissions] allow rule "Read(./src/**)" not generated for copilot: VS Code has no setting for Read rules
WARN  SECURITY: [permissions] deny rule "Bash(rm -rf:*)" is NOT enforced by copilot: VS Code has no hard deny; the rule is written as 'always ask' (false), which a user can still approve severity=error hint=enforce it another way (sandbox, hook) or remove the harness from the project
WARN  SECURITY: [permissions] deny rule "Read(./.env)" is NOT enforced by copilot: VS Code has no setting for Read rules severity=error hint=enforce it another way (sandbox, hook) or remove the harness from the project
WARN  OpenCode needs a provider-qualified model (provider/model); omitting it so the agent inherits the session model agent=architect model=sonnet hint=set opencode_model in the agent frontmatter or defaults.model_by_preset.opencode
WARN  [permissions] allow rule "Read(./src/**)" not generated for opencode: it would be evaluated after the overlapping, stricter rule **/.env and override it
--- project tree
(no change)
--- home tree
(no change)

## step 4: ai-rulez catalog
exit: 0
--- stdout
KIND     DOMAIN  ID            OWNER  VERSION  TOKENS  ROLES
agent    -       architect     -      -        23      0
agent    -       tester        -      -        22      0
check    -       security      -      -        29      0
check    -       style         -      -        16      0
command  -       build         -      -        19      0
command  -       ship          -      -        16      0
context  -       architecture  -      -        7       0
context  -       overview      -      -        13      0
rule     -       always        -      -        14      0
rule     -       auto          -      -        19      0
rule     -       manual        -      -        17      0
rule     -       targeted      -      -        24      0
rule     -       typescript    -      -        36      0
skill    -       deployer      -      -        21      0
skill    -       reviewer      -      -        19      0

15 item(s), 0 role(s); lock: none
--- stderr
--- project tree
(no change)
--- home tree
(no change)

## step 5: ai-rulez sbom
exit: 0
--- stdout
{
  "bomFormat": "CycloneDX",
  "specVersion": "1.6",
  "serialNumber": "urn:uuid:fa53425e-3fca-57f7-8f4a-35f96a88ffce",
  "version": 1,
  "metadata": {
    "tools": {
      "components": [
        {
          "type": "application",
          "name": "ai-rulez",
          "version": "$VERSION"
        }
      ]
    },
    "component": {
      "type": "application",
      "bom-ref": "ai-rulez:project",
      "name": "golden",
      "properties": [
        {
          "name": "ai-rulez:lock",
          "value": "absent"
        },
        {
          "name": "ai-rulez:tree",
          "value": "sha256:0b25428929b196cb1ef2383c2f0077d13455fb7f41b096547a96d135a679c080"
        }
      ]
    }
  },
  "components": [
    {
      "type": "data",
      "bom-ref": "ai-rulez:item:agent::architect",
      "group": "agent",
      "name": "architect",
      "description": "Designs systems",
      "properties": [
        {
          "name": "ai-rulez:digest",
          "value": "sha256:0ebdb36bf4c043ccd023e8eaf1c6d7e75e8e067f08ae38a92f863f53640eca2f"
        },
        {
          "name": "ai-rulez:kind",
          "value": "agent"
        },
        {
          "name": "ai-rulez:path",
          "value": "agents/architect.md"
        }
      ]
    },
    {
      "type": "data",
      "bom-ref": "ai-rulez:item:agent::tester",
      "group": "agent",
      "name": "tester",
      "description": "Writes tests",
      "properties": [
        {
          "name": "ai-rulez:digest",
          "value": "sha256:2942ddb0ae22fcb9c7af1de20c8be2aafcb6c57196f042cbbc8cf8e796e9248a"
        },
        {
          "name": "ai-rulez:kind",
          "value": "agent"
        },
        {
          "name": "ai-rulez:path",
          "value": "agents/tester.md"
        }
      ]
    },
    {
      "type": "data",
      "bom-ref": "ai-rulez:item:check::security",
      "group": "check",
      "name": "security",
      "description": "Flags common security issues",
      "properties": [
        {
          "name": "ai-rulez:digest",
          "value": "sha256:879dea75dd059e8eba5b93376e835e097d054e86a60007808ab61a414fbd1a51"
        },
        {
          "name": "ai-rulez:kind",
          "value": "check"
        },
        {
          "name": "ai-rulez:path",
          "value": "checks/security.md"
        }
      ]
    },
    {
      "type": "data",
      "bom-ref": "ai-rulez:item:check::style",
      "group": "check",
      "name": "style",
      "description": "Style consistency",
      "properties": [
        {
          "name": "ai-rulez:digest",
          "value": "sha256:a7665cc01a96b6711d3a11b0fff4af6d1d255172ac7ea6deddecd850f1278212"
        },
        {
          "name": "ai-rulez:kind",
          "value": "check"
        },
        {
          "name": "ai-rulez:path",
          "value": "checks/style.md"
        }
      ]
    },
    {
      "type": "data",
      "bom-ref": "ai-rulez:item:command::build",
      "group": "command",
      "name": "build",
      "description": "Build the project",
      "properties": [
        {
          "name": "ai-rulez:digest",
          "value": "sha256:442188e9397ec9534e67bbfb9c21f7a0c31b6e33765170070a1999105b97c388"
        },
        {
          "name": "ai-rulez:kind",
          "value": "command"
        },
        {
          "name": "ai-rulez:path",
          "value": "commands/build.md"
        }
      ]
    },
    {
      "type": "data",
      "bom-ref": "ai-rulez:item:command::ship",
      "group": "command",
      "name": "ship",
      "description": "Ship a release",
      "properties": [
        {
          "name": "ai-rulez:digest",
          "value": "sha256:014be33e3f509d6559dc388409f046e1ae817e55a091270c463ed30957854ee4"
        },
        {
          "name": "ai-rulez:kind",
          "value": "command"
        },
        {
          "name": "ai-rulez:path",
          "value": "commands/ship.md"
        }
      ]
    },
    {
      "type": "data",
      "bom-ref": "ai-rulez:item:context::architecture",
      "group": "context",
      "name": "architecture",
      "properties": [
        {
          "name": "ai-rulez:digest",
          "value": "sha256:5dba569c51361f83ec280e8aa3e49c13ac51619f3563fc320d517a95776c6659"
        },
        {
          "name": "ai-rulez:kind",
          "value": "context"
        },
        {
          "name": "ai-rulez:path",
          "value": "context/architecture.md"
        }
      ]
    },
    {
      "type": "data",
      "bom-ref": "ai-rulez:item:context::overview",
      "group": "context",
      "name": "overview",
      "properties": [
        {
          "name": "ai-rulez:digest",
          "value": "sha256:0fb7cc4f3c76223b02c4e7ca01616c3f58917425012e1ab8f11fd4cca3602dd3"
        },
        {
          "name": "ai-rulez:kind",
          "value": "context"
        },
        {
          "name": "ai-rulez:path",
          "value": "context/overview.md"
        }
      ]
    },
    {
      "type": "data",
      "bom-ref": "ai-rulez:item:hook::PreToolUse:Bash:0",
      "group": "hook",
      "name": "PreToolUse:Bash:0",
      "properties": [
        {
          "name": "ai-rulez:digest",
          "value": "sha256:415e17ac36c3b9141af8aeea4f3474697f0985465993852bcbab56009b542063"
        },
        {
          "name": "ai-rulez:kind",
          "value": "hook"
        }
      ]
    },
    {
      "type": "data",
      "bom-ref": "ai-rulez:item:hook::SessionStart:*:0",
      "group": "hook",
      "name": "SessionStart:*:0",
      "properties": [
        {
          "name": "ai-rulez:digest",
          "value": "sha256:e3205af9cb00eae19f090ec2a6c6ab223c125cda3b779a003ea98b20720bd615"
        },
        {
          "name": "ai-rulez:kind",
          "value": "hook"
        }
      ]
    },
    {
      "type": "data",
      "bom-ref": "ai-rulez:item:rule::always",
      "group": "rule",
      "name": "always",
      "properties": [
        {
          "name": "ai-rulez:digest",
          "value": "sha256:3ee6dae4ce2212371d52d95d8ccaed0495de2052a0a36abe6f93162a885e22a6"
        },
        {
          "name": "ai-rulez:kind",
          "value": "rule"
        },
        {
          "name": "ai-rulez:path",
          "value": "rules/always.md"
        }
      ]
    },
    {
      "type": "data",
      "bom-ref": "ai-rulez:item:rule::auto",
      "group": "rule",
      "name": "auto",
      "description": "Database migrations",
      "properties": [
        {
          "name": "ai-rulez:digest",
          "value": "sha256:9a825258bca03238b684bb6386a199bea634299470869cff062563f00050f15f"
        },
        {
          "name": "ai-rulez:kind",
          "value": "rule"
        },
        {
          "name": "ai-rulez:path",
          "value": "rules/auto.md"
        }
      ]
    },
    {
      "type": "data",
      "bom-ref": "ai-rulez:item:rule::manual",
      "group": "rule",
      "name": "manual",
      "properties": [
        {
          "name": "ai-rulez:digest",
          "value": "sha256:05c42944cae09062e773990116d0e853862b380efbb101f3eebe43af4998860e"
        },
        {
          "name": "ai-rulez:kind",
          "value": "rule"
        },
        {
          "name": "ai-rulez:path",
          "value": "rules/manual.md"
        }
      ]
    },
    {
      "type": "data",
      "bom-ref": "ai-rulez:item:rule::targeted",
      "group": "rule",
      "name": "targeted",
      "properties": [
        {
          "name": "ai-rulez:digest",
          "value": "sha256:23d05c8d8113a4ab804f1815f6cdde9652722123da2d0dc3f8a5250cc14446e8"
        },
        {
          "name": "ai-rulez:kind",
          "value": "rule"
        },
        {
          "name": "ai-rulez:path",
          "value": "rules/targeted.md"
        }
      ]
    },
    {
      "type": "data",
      "bom-ref": "ai-rulez:item:rule::typescript",
      "group": "rule",
      "name": "typescript",
      "properties": [
        {
          "name": "ai-rulez:digest",
          "value": "sha256:5ba8401ddf2cbb7aa89acba86af582ae49c3aeedce261d6509e10b24d9e67452"
        },
        {
          "name": "ai-rulez:kind",
          "value": "rule"
        },
        {
          "name": "ai-rulez:path",
          "value": "rules/typescript.md"
        }
      ]
    },
    {
      "type": "data",
      "bom-ref": "ai-rulez:item:settings::permissions",
      "group": "settings",
      "name": "permissions",
      "properties": [
        {
          "name": "ai-rulez:digest",
          "value": "sha256:b80580146b6d00dac2de1c2f92050a086a00accd22e533ce79f0154c442af413"
        },
        {
          "name": "ai-rulez:kind",
          "value": "settings"
        }
      ]
    },
    {
      "type": "data",
      "bom-ref": "ai-rulez:item:skill::deployer",
      "group": "skill",
      "name": "deployer",
      "description": "Deploys the service",
      "properties": [
        {
          "name": "ai-rulez:digest",
          "value": "sha256:2ba53d2dcc1ff92b731006286b96b95ee1d6d36c1cee5d4e65943a91e5c6fa4e"
        },
        {
          "name": "ai-rulez:kind",
          "value": "skill"
        },
        {
          "name": "ai-rulez:path",
          "value": "skills/deployer"
        }
      ]
    },
    {
      "type": "data",
      "bom-ref": "ai-rulez:item:skill::reviewer",
      "group": "skill",
      "name": "reviewer",
      "description": "Reviews pull requests",
      "properties": [
        {
          "name": "ai-rulez:digest",
          "value": "sha256:be1edc1798e461069e46578c244320c877a8b569d22ebf394bc65b5d6d5dbe47"
        },
        {
          "name": "ai-rulez:kind",
          "value": "skill"
        },
        {
          "name": "ai-rulez:path",
          "value": "skills/reviewer"
        }
      ],
      "components": [
        {
          "type": "file",
          "bom-ref": "ai-rulez:item:skill::reviewer:file:skills/reviewer/scripts/run.sh",
          "name": "skills/reviewer/scripts/run.sh",
          "properties": [
            {
              "name": "ai-rulez:executes",
              "value": "true"
            },
            {
              "name": "ai-rulez:kind",
              "value": "file"
            }
          ]
        }
      ]
    },
    {
      "type": "application",
      "bom-ref": "ai-rulez:mcp:local-tool",
      "name": "local-tool",
      "purl": "pkg:npm/golden-mcp",
      "properties": [
        {
          "name": "ai-rulez:enabled",
          "value": "true"
        },
        {
          "name": "ai-rulez:env-keys",
          "value": "API_TOKEN"
        },
        {
          "name": "ai-rulez:kind",
          "value": "mcp-server"
        },
        {
          "name": "ai-rulez:mcp-command",
          "value": "npx"
        },
        {
          "name": "ai-rulez:pinned",
          "value": "false"
        },
        {
          "name": "ai-rulez:purl-source",
          "value": "heuristic"
        }
      ]
    }
  ],
  "services": [
    {
      "bom-ref": "ai-rulez:mcp:remote-tool",
      "name": "remote-tool",
      "endpoints": [
        "https://mcp.example.com"
      ],
      "authenticated": true,
      "x-trust-boundary": true,
      "properties": [
        {
          "name": "ai-rulez:enabled",
          "value": "true"
        },
        {
          "name": "ai-rulez:header-keys",
          "value": "Authorization"
        },
        {
          "name": "ai-rulez:kind",
          "value": "mcp-server"
        },
        {
          "name": "ai-rulez:mcp-transport",
          "value": "http"
        }
      ]
    }
  ],
  "dependencies": [
    {
      "ref": "ai-rulez:project",
      "dependsOn": [
        "ai-rulez:item:agent::architect",
        "ai-rulez:item:agent::tester",
        "ai-rulez:item:check::security",
        "ai-rulez:item:check::style",
        "ai-rulez:item:command::build",
        "ai-rulez:item:command::ship",
        "ai-rulez:item:context::architecture",
        "ai-rulez:item:context::overview",
        "ai-rulez:item:hook::PreToolUse:Bash:0",
        "ai-rulez:item:hook::SessionStart:*:0",
        "ai-rulez:item:rule::always",
        "ai-rulez:item:rule::auto",
        "ai-rulez:item:rule::manual",
        "ai-rulez:item:rule::targeted",
        "ai-rulez:item:rule::typescript",
        "ai-rulez:item:settings::permissions",
        "ai-rulez:item:skill::deployer",
        "ai-rulez:item:skill::reviewer",
        "ai-rulez:mcp:local-tool",
        "ai-rulez:mcp:remote-tool"
      ]
    }
  ]
}
--- stderr
--- project tree
(no change)
--- home tree
(no change)

## step 6: ai-rulez list rules
exit: 0
--- stdout
Rules:
  (root):
    • always [critical]
    • auto
    • manual [low]
    • targeted (targets: [claude cursor])
    • typescript [high]
--- stderr
INFO  This configuration directory uses the legacy layout, which is deprecated and stops loading in v6; run 'ai-rulez migrate okf' to convert it to an OKF bundle path=$ROOT/.ai-rulez
--- project tree
(no change)
--- home tree
(no change)

## step 7: ai-rulez list skills
exit: 0
--- stdout
Skills:
  (root):
    • deployer
    • reviewer
--- stderr
INFO  This configuration directory uses the legacy layout, which is deprecated and stops loading in v6; run 'ai-rulez migrate okf' to convert it to an OKF bundle path=$ROOT/.ai-rulez
--- project tree
(no change)
--- home tree
(no change)

## step 8: ai-rulez list checks
exit: 0
--- stdout
Checks:
  (root):
    • security
    • style
--- stderr
INFO  This configuration directory uses the legacy layout, which is deprecated and stops loading in v6; run 'ai-rulez migrate okf' to convert it to an OKF bundle path=$ROOT/.ai-rulez
--- project tree
(no change)
--- home tree
(no change)

## step 9: ai-rulez validate --strict
exit: 2
--- stdout
.ai-rulez/agents/architect.md:3: warning AR802 description-length: description is 15 characters, below the minimum of 20
.ai-rulez/agents/tester.md:3: warning AR802 description-length: description is 12 characters, below the minimum of 20
.ai-rulez/commands/build.md:3: warning AR802 description-length: description is 17 characters, below the minimum of 20
.ai-rulez/commands/ship.md:3: warning AR802 description-length: description is 14 characters, below the minimum of 20
.ai-rulez/config.toml:1: info AR750 sbom-component-unpinned: mcp-server local-tool: the package has no version; pin it (for example name@1.2.3)
.ai-rulez/config.toml:12: warning AR012 mcp-unpinned-package: MCP server "local-tool" runs "golden-mcp", but no version is pinned; pin it (for example golden-mcp@1.2.3) so a new release cannot change what the server does
.ai-rulez/skills/deployer/SKILL.md:3: warning AR802 description-length: description is 19 characters, below the minimum of 20
.ai-rulez/skills/reviewer/scripts/run.sh:1: warning AR503 script-not-executable: script has a shebang but is not executable (chmod +x, and commit the mode)
.cursor/mcp.json:3: warning AR012 mcp-unpinned-package: MCP server "local-tool" runs "golden-mcp", but no version is pinned; pin it (for example golden-mcp@1.2.3) so a new release cannot change what the server does
.vscode/mcp.json:3: warning AR012 mcp-unpinned-package: MCP server "local-tool" runs "golden-mcp", but no version is pinned; pin it (for example golden-mcp@1.2.3) so a new release cannot change what the server does
.vscode/mcp.json:10: error AR015 secret-in-env-or-header: MCP server "local-tool": env "API_TOKEN" holds a literal credential; reference an environment variable instead (for example "${API_TOKEN}")
.vscode/mcp.json:16: error AR015 secret-in-env-or-header: MCP server "remote-tool": header "Authorization" holds a literal credential; reference an environment variable instead (for example "${AUTHORIZATION}")

strict validation: 2 error(s), 9 warning(s), 1 info across 1 root(s)
  AR012 mcp-unpinned-package         3
  AR015 secret-in-env-or-header      2
  AR503 script-not-executable        1
  AR750 sbom-component-unpinned      1
  AR802 description-length           5
risk (advisory, never fails the run): critical (score 100/100)
  high       58  .vscode/mcp.json
  medium      9  .ai-rulez/config.toml
  medium      8  .ai-rulez/agents/architect.md
  medium      8  .ai-rulez/agents/tester.md
  medium      8  .ai-rulez/commands/build.md
  ... and 4 more item(s)
--- stderr
INFO  This configuration directory uses the legacy layout, which is deprecated and stops loading in v6; run 'ai-rulez migrate okf' to convert it to an OKF bundle path=$ROOT/.ai-rulez
INFO  Configuration is valid path=$ROOT/.ai-rulez
--- project tree
(no change)
--- home tree
(no change)

## step 10: ai-rulez doctor
exit: 0
--- stdout
SEVERITY  CHECK    MESSAGE
warning   mcp-env  MCP server "local-tool" env API_TOKEN references ${GOLDEN_TOKEN}, which is not set
                     fix: export GOLDEN_TOKEN, add it to .env, or pass --env GOLDEN_TOKEN=VALUE to generate
warning   mcp-env  MCP server "remote-tool" headers Authorization references ${GOLDEN_TOKEN}, which is not set
                     fix: export GOLDEN_TOKEN, add it to .env, or pass --env GOLDEN_TOKEN=VALUE to generate
info      drift    drift not checked: MCP placeholders are unresolved (see the mcp-env findings)
info      tools    preset "cursor": cursor-agent or cursor not found on PATH; its files are still generated
info      tools    preset "gemini": gemini not found on PATH; its files are still generated

0 errors, 2 warnings, 3 info
--- stderr
--- project tree
.agents/ dir 0755
.agents/skills/ dir 0755
.agents/skills/build/ dir 0755
.agents/skills/build/SKILL.md file 0644 208 46b69b72e18269edf5eebfbca6e27e758458e9cef50f0d490ca48843d9b8ea09
.agents/skills/build/agents/ dir 0755
.agents/skills/build/agents/openai.yaml file 0644 43 a1499d95abd8447558c535fe5554adcc3c9b988a0a39264a6283d430effe1e94
.agents/skills/deployer/ dir 0755
.agents/skills/deployer/SKILL.md file 0644 174 8160f075c640ee77e3685ee67a0318dfb4f03b81bebfc1cfcbc8e7945f06b41a
.agents/skills/reviewer/ dir 0755
.agents/skills/reviewer/SKILL.md file 0644 421 cb318db002aacac347882a1ccee67572a242722da43a959f8668f1bc77703f0e
.agents/skills/reviewer/references/ dir 0755
.agents/skills/reviewer/references/checklist.md file 0644 28 02393d1b57638cc3b06632e057556d199781a02f385c4299936253c78ecd5328
.agents/skills/reviewer/scripts/ dir 0755
.agents/skills/reviewer/scripts/run.sh file 0644 22 914c2af00a91392459c499b94b955b3334a860831f85bbf3c4cc644460f877b8
.agents/skills/ship/ dir 0755
.agents/skills/ship/SKILL.md file 0644 184 6b822e098b5ea716fc05e66c57a0617b08a030c3f138b086712a80d7be4479d5
.agents/skills/ship/agents/ dir 0755
.agents/skills/ship/agents/openai.yaml file 0644 43 a1499d95abd8447558c535fe5554adcc3c9b988a0a39264a6283d430effe1e94
.ai-rulez/ dir 0755
.ai-rulez/.generated-manifest.json file 0644 2966 3771b0f4604ef7b80bc719bfca03e7870633bfb95435e812af404515ad717d6a
.ai-rulez/.generated-manifest.local.json file 0644 12425 904c090ded81e7d4d709ff0eca944386a5d0d4f4471f5104432bc4b5ea4f570a
.ai-rulez/agents/ dir 0755
.ai-rulez/agents/architect.md file 0644 97 fc714ad19a3a1c9348f1a954f3a7d43dfa07a8640a114d2f7c14777f23871d72
.ai-rulez/agents/tester.md file 0644 82 72927a1eaca26accd861c5afde228c7c585007302e27d927af597b36733b831a
.ai-rulez/checks/ dir 0755
.ai-rulez/checks/security.md file 0644 129 6959bf66b516b9a429777aa26d8ce99f5ba2567175346573b6f50c1508ab0b50
.ai-rulez/checks/style.md file 0644 81 29ff5b316a1736ef9f9d9f8177eb79381851f67e862b6176aad658cd8c62fa36
.ai-rulez/commands/ dir 0755
.ai-rulez/commands/build.md file 0644 86 a9cebfe205f3b9671fa95cb548dfb846742c4bbc0ea9dda6b1ceea16567cad08
.ai-rulez/commands/ship.md file 0644 62 ef143b5a7da89769d892288d92297d90b37c637bbcd722b02ecc732d6024e3ce
.ai-rulez/config.toml file 0644 897 d9f438d95a59aae3b547433a505eaa69ae93f7db301ca608c7087bdc37df5934
.ai-rulez/context/ dir 0755
.ai-rulez/context/architecture.md file 0644 39 f061e6d3090d636939192e8f2a25fc35d5e1d5f39064be561b75958bfe58affe
.ai-rulez/context/overview.md file 0644 57 5516cc04000e99e3776a26e6b85af97da89016e71294b288c3f07cab508c08ee
.ai-rulez/rules/ dir 0755
.ai-rulez/rules/always.md file 0644 61 9c177b14cdaff230d103d9ee46ba44ce2455c5df6038cf1ea69e1e2e4c811282
.ai-rulez/rules/auto.md file 0644 101 88e5024831ae852d1bbce5c72672c24f8fc7b5342288a389ec797e65f5f60375
.ai-rulez/rules/manual.md file 0644 68 341ce1713db555c6d51e3253679660f1bb3afd322c72030d151f1a979d81b79b
.ai-rulez/rules/targeted.md file 0644 79 cab22af28f9870a3a1f8a42a44c3f1eec2050e8acca7a60b96e1688af4c698a2
.ai-rulez/rules/typescript.md file 0644 117 0e693f8a0ede994dfb6ede7fc2966d0d2092059a0d2858ec1fddd07c7529e6d2
.ai-rulez/skills/ dir 0755
.ai-rulez/skills/deployer/ dir 0755
.ai-rulez/skills/deployer/SKILL.md file 0644 83 bad245bf59d4d4f2ecd6a6980b475e628280c348abaa2c33a51cfde8f8019289
.ai-rulez/skills/reviewer/ dir 0755
.ai-rulez/skills/reviewer/SKILL.md file 0644 88 a944e83c0c4f2209746efcc77d875153037389d2c36e01af2a6ae88949b123fa
.ai-rulez/skills/reviewer/references/ dir 0755
.ai-rulez/skills/reviewer/references/checklist.md file 0644 28 02393d1b57638cc3b06632e057556d199781a02f385c4299936253c78ecd5328
.ai-rulez/skills/reviewer/scripts/ dir 0755
.ai-rulez/skills/reviewer/scripts/run.sh file 0644 22 914c2af00a91392459c499b94b955b3334a860831f85bbf3c4cc644460f877b8
.claude/ dir 0755
.claude/agents/ dir 0755
.claude/agents/architect.md file 0644 186 d1d083ab1e94dd3d11d3ddbf9462bb0188c40eee6e4415105eac27ab685d8218
.claude/agents/tester.md file 0644 171 0657702e7537dae198f90daa49e6ceeea314d0daef45f6c4a53988ff95eab003
.claude/rules/ dir 0755
.claude/rules/always.md file 0644 240 05e03e3751104f2d3934811e2ff08c8c890d225a26a1d1b3fe300a5c4e6c92dd
.claude/rules/auto.md file 0644 217 68e11410d45d239b3da6c2aabca1819972e7e00afa83cc891acef89a3ae2ad28
.claude/rules/manual.md file 0644 228 9ebb255fae76ee6cda066d34226c2862e43a7d74ddd735840a81db1d9ce680cd
.claude/rules/targeted.md file 0644 224 02e9f8e03a4ae407a9240b1b3859c9e4e12a5902973c2e8f129438f30a18e9fb
.claude/rules/typescript.md file 0644 291 3bd12c5c4eaec28ac71bd81353650bd889852148778d0895e9e8ffa113866e4e
.claude/settings.json file 0644 953 42046a0a2442fce3251cbf0f234d9006d345464a7f8e2042e762f1e3d7b5fd80
.claude/skills/ dir 0755
.claude/skills/build/ dir 0755
.claude/skills/build/SKILL.md file 0644 196 73e28d1d970abeb6d84ee2cba5436c5197ed7b78c92d995706a1fd10344cb0a3
.claude/skills/deployer/ dir 0755
.claude/skills/deployer/SKILL.md file 0644 172 a3ef0f4bdeef4f5a3f88437f3a88705e7dc388a42dd8523646a5db09dc2b8626
.claude/skills/reviewer/ dir 0755
.claude/skills/reviewer/SKILL.md file 0644 419 9b2dbf3fb01442905d40da0032e2e5998b4ec526247e9400a49102842056bbb1
.claude/skills/reviewer/references/ dir 0755
.claude/skills/reviewer/references/checklist.md file 0644 28 02393d1b57638cc3b06632e057556d199781a02f385c4299936253c78ecd5328
.claude/skills/reviewer/scripts/ dir 0755
.claude/skills/reviewer/scripts/run.sh file 0644 22 914c2af00a91392459c499b94b955b3334a860831f85bbf3c4cc644460f877b8
.claude/skills/ship/ dir 0755
.claude/skills/ship/SKILL.md file 0644 172 d00e38bd921c5c70977ce66c9ad32e4d9e78b0c6a35472ce9d604a574264a018
.codex/ dir 0755
.codex/agents/ dir 0755
.codex/agents/architect.toml file 0644 115 100b7bc0d204d3f398585809f0f84c3b04581ea502d899f62797bafc05c53d13
.codex/agents/tester.toml file 0644 133 220954cc19dffd1eab6ef984b40645ae7a2380649877b4e4ed8a5b0ca54ea46c
.codex/config.toml file 0600 234 5b05588b7993d43069add2ed8786bca0e7a2b59112e5e887871c82e81dacd7bc
.codex/hooks.json file 0644 719 4ed20f680526671552a907de7a7e0fca8d830315416ab5c9da33754af14b2c70
.codex/rules/ dir 0755
.codex/rules/ai-rulez.rules file 0644 409 2c4fde503d40ad6215a476740f268b6d1237543cb47d2020756cfcef46f5b6d8
.cursor/ dir 0755
.cursor/BUGBOT.md file 0644 219 e27f8811597fc9462d5515790ad275947a409d8e535601f01498686437bbf180
.cursor/agents/ dir 0755
.cursor/agents/architect.md file 0644 186 d1d083ab1e94dd3d11d3ddbf9462bb0188c40eee6e4415105eac27ab685d8218
.cursor/agents/tester.md file 0644 158 7e77d681eecf3afd3d8f56bc9247b388208aa94e38703fcf25910f130a1bf4b7
.cursor/cli.json file 0644 164 7157bdd50749666291ee2c9c9c30fd2955eff5b882f55c09e7d6bd65ed5f6e0c
.cursor/commands/ dir 0755
.cursor/commands/build.md file 0644 81 b61db5af1a87139a283467cf1784940526ce0621c1c307a2fc715b5d2d18eeef
.cursor/commands/ship.md file 0644 57 7c7d95d103f41bca186984662895900f18dcca846f894b2bb7ac75132b7050ff
.cursor/hooks.json file 0644 375 4ee59fc717970d5b4cf0fc1c3995d41643c5df5cec38e3eaa2a40ec5a4e8e4f2
.cursor/mcp.json file 0644 355 063f2222db4ab0ba0aefdd491b50ec40363ce0d9363d957dc905d0a7d3df8a73
.cursor/rules/ dir 0755
.cursor/rules/always.mdc file 0644 266 474275574772fb0867056f2ea0a0165f2aae288397f50d5e7d2c0113e61d146a
.cursor/rules/auto.mdc file 0644 277 afe47fdfcc7669e0c685dcbabf2a703fc3a9d993878850431becd23b436dad22
.cursor/rules/context-architecture.mdc file 0644 255 355e35cba517e7f51002ffd853d57deb6fcecb661ed0853cbc24ac44f10a9898
.cursor/rules/context-overview.mdc file 0644 266 bf769d85e9b2aae7d279408c2fb692d1e55051e5be994cddad9eba3941b6b792
.cursor/rules/manual.mdc file 0644 255 31f7d0d001109e013a53b81effd7b988f8c7d850fb5bc45edc69d18ee3656ccf
.cursor/rules/targeted.mdc file 0644 250 50fa175a1c5b6755414abd81d0e2276e585347488ed2db23568864146a277f88
.cursor/rules/typescript.mdc file 0644 305 d7bb325f679451a5ae1a8330c2c5c17e344b247570c4740239e0679de4ae0c98
.gemini/ dir 0755
.gemini/agents/ dir 0755
.gemini/agents/architect.md file 0644 172 6b2bf079a5621813ddd835a1c3f63b7bd5083d6d4b405dcfb01a6dd394834dfa
.gemini/agents/tester.md file 0644 158 7e77d681eecf3afd3d8f56bc9247b388208aa94e38703fcf25910f130a1bf4b7
.gemini/settings.json file 0644 1389 659f0f934bccba7146d22b21eab16153f7e229a9f00308a2e3476d75d9adf691
.github/ dir 0755
.github/agents/ dir 0755
.github/agents/architect.agent.md file 0644 186 d1d083ab1e94dd3d11d3ddbf9462bb0188c40eee6e4415105eac27ab685d8218
.github/agents/tester.agent.md file 0644 158 7e77d681eecf3afd3d8f56bc9247b388208aa94e38703fcf25910f130a1bf4b7
.github/copilot-instructions.md file 0644 627 5be176ce0987ac1f8bdfaabe285222fac4fdd0e6e3c81bca9fbb2dd0bb4eedb0
.github/hooks/ dir 0755
.github/hooks/ai-rulez.json file 0644 489 18ab5181526ae496b5c77225b5a3af0b9d026bcdf7d3c11ba00271a17b8b1a2c
.github/instructions/ dir 0755
.github/instructions/always.instructions.md file 0644 262 e6d7ab8091b623f01d6cfcfe854c854842d5333da0446436d1e1ca9bbe72c1a7
.github/instructions/typescript.instructions.md file 0644 288 14f2246195732bcddc818abd579815c3b0fba6bc55b2925fde948dafa230e2d2
.github/prompts/ dir 0755
.github/prompts/build.prompt.md file 0644 163 7e3c85af2b70967aa544ebf2695885bec743b36aaa6911c94ecb84af90829b44
.github/prompts/ship.prompt.md file 0644 140 8302239666a0f1ea2a3ef65733af690c3df05de9f0c780c8a4b05bc18039a238
.github/skills/ dir 0755
.github/skills/deployer/ dir 0755
.github/skills/deployer/SKILL.md file 0644 174 8160f075c640ee77e3685ee67a0318dfb4f03b81bebfc1cfcbc8e7945f06b41a
.github/skills/reviewer/ dir 0755
.github/skills/reviewer/SKILL.md file 0644 421 cb318db002aacac347882a1ccee67572a242722da43a959f8668f1bc77703f0e
.github/skills/reviewer/references/ dir 0755
.github/skills/reviewer/references/checklist.md file 0644 28 02393d1b57638cc3b06632e057556d199781a02f385c4299936253c78ecd5328
.github/skills/reviewer/scripts/ dir 0755
.github/skills/reviewer/scripts/run.sh file 0644 22 914c2af00a91392459c499b94b955b3334a860831f85bbf3c4cc644460f877b8
.gitignore file 0644 1206 84e44e460ce95cd918df0fd506075ba55cedfbc00884f7fae37823ba0eaf00a9
.mcp.json file 0644 419 893d9026bc75ab0203a11511e4c2fc6799157d0d9050b07422635291e2550ee4
.opencode/ dir 0755
.opencode/agents/ dir 0755
.opencode/agents/architect.md file 0644 166 9dd8bf8ffed3a1f0224ae77627d154fded814856f2c25da1adaed71065ed0691
.opencode/agents/tester.md file 0644 169 75eb4d0bf61903216baf02272dd4e376a76cbb452fd49b434f3ef884443ec6e1
.opencode/commands/ dir 0755
.opencode/commands/build.md file 0644 163 7e3c85af2b70967aa544ebf2695885bec743b36aaa6911c94ecb84af90829b44
.opencode/commands/ship.md file 0644 140 8302239666a0f1ea2a3ef65733af690c3df05de9f0c780c8a4b05bc18039a238
.opencode/plugins/ dir 0755
.opencode/plugins/ai-rulez-hooks.js file 0644 9627 97109c8510be424bdb6dfbe235783ea512ad61d6e02a85c6c7dc6135aa5cf8b2
.opencode/skills/ dir 0755
.opencode/skills/deployer/ dir 0755
.opencode/skills/deployer/SKILL.md file 0644 174 8160f075c640ee77e3685ee67a0318dfb4f03b81bebfc1cfcbc8e7945f06b41a
.opencode/skills/reviewer/ dir 0755
.opencode/skills/reviewer/SKILL.md file 0644 421 cb318db002aacac347882a1ccee67572a242722da43a959f8668f1bc77703f0e
.opencode/skills/reviewer/references/ dir 0755
.opencode/skills/reviewer/references/checklist.md file 0644 28 02393d1b57638cc3b06632e057556d199781a02f385c4299936253c78ecd5328
.opencode/skills/reviewer/scripts/ dir 0755
.opencode/skills/reviewer/scripts/run.sh file 0644 22 914c2af00a91392459c499b94b955b3334a860831f85bbf3c4cc644460f877b8
.vscode/ dir 0755
.vscode/mcp.json file 0600 397 c649641c79d5652f3c538b3d63df468be8ca6db59ee8a5ce44b2b6ab9c2979c7
.vscode/settings.json file 0644 233 3647325bdf3196d9329bd5e2ad02dff938123e173119519e68920148bf703703
AGENTS.md file 0644 789 625473e36c682a95e0339179c22c821d94dc78496be3b54d523b398c34217c89
CLAUDE.md file 0644 490 2030a4f8705cc0aff54257189f213d313c78fad93ff1530e76d1133e1f0e4f68
GEMINI.md file 0644 789 625473e36c682a95e0339179c22c821d94dc78496be3b54d523b398c34217c89
opencode.json file 0644 795 d9612d86974d902424704fc99c96a90dd8ee04aa5cef5ad80ea905a11043e2da
scripts/ dir 0755
scripts/guard.sh file 0755 17 306c6ca7407560340797866e077e053627ad409277d1b9da58106fce4cf717cb
--- home tree
(no change)
