# scenario user-relocated-home

## step 1: ai-rulez generate --user --yes
exit: 0
--- stdout
user-level plan (profile default, home $HOME)
  write:   $HOME/.agents/skills/helper/SKILL.md
  write:   $HOME/.claude/CLAUDE.md
  write:   $HOME/.claude/agents/buddy.md
  write:   $HOME/.claude/rules/mine.md
  write:   $HOME/.claude/skills/helper/SKILL.md
  write:   $HOME/.config/opencode/AGENTS.md
  write:   $HOME/.config/opencode/agents/buddy.md
  write:   $HOME/.config/opencode/plugins/ai-rulez-hooks.js
  write:   $HOME/.config/opencode/skills/helper/SKILL.md
  write:   $HOME/.copilot/agents/buddy.agent.md
  write:   $HOME/.copilot/copilot-instructions.md
  write:   $HOME/.copilot/hooks/ai-rulez.json
  write:   $HOME/.copilot/instructions/mine.instructions.md
  write:   $HOME/.copilot/skills/helper/SKILL.md
  write:   $HOME/.cursor/agents/buddy.md
  write:   $HOME/.gemini/GEMINI.md
  write:   $HOME/.gemini/agents/buddy.md
  write:   $HOME/elsewhere/codex/AGENTS.md
  write:   $HOME/elsewhere/codex/agents/buddy.toml
  write:   $HOME/elsewhere/codex/rules/ai-rulez.rules
  merge:   $HOME/.claude/settings.json (ai-rulez keys only)
  merge:   $HOME/.config/opencode/opencode.json (ai-rulez keys only)
  merge:   $HOME/.cursor/hooks.json (ai-rulez keys only)
  merge:   $HOME/.gemini/settings.json (ai-rulez keys only)
  merge:   $HOME/elsewhere/codex/hooks.json (ai-rulez keys only)
  4 project-shaped output(s) have no documented user-level location and are not written
--- stderr
WARN  [permissions] allow rule "Bash(npm run test:*)" not generated for cursor: Cursor's Shell() rules take a command name; a multi-word, exact or wildcard allow cannot be expressed without widening it
WARN  SECURITY: [permissions] deny rule "Bash(rm -rf:*)" is NOT enforced by copilot: VS Code has no hard deny; the rule is written as 'always ask' (false), which a user can still approve severity=error hint=enforce it another way (sandbox, hook) or remove the harness from the project
WARN  copilot reads ~/.copilot/skills, ~/.agents/skills, so these skills load twice: helper
WARN  cursor reads ~/.agents/skills, ~/.claude/skills, so these skills load twice: helper
WARN  opencode reads ~/.config/opencode/skills, ~/.claude/skills, ~/.agents/skills, so these skills load twice: helper
WARN  [permissions] allow rule "Bash(npm run test:*)" not generated for cursor: Cursor's Shell() rules take a command name; a multi-word, exact or wildcard allow cannot be expressed without widening it
WARN  SECURITY: [permissions] deny rule "Bash(rm -rf:*)" is NOT enforced by copilot: VS Code has no hard deny; the rule is written as 'always ask' (false), which a user can still approve severity=error hint=enforce it another way (sandbox, hook) or remove the harness from the project
INFO  Generating user-level configuration profile=default home=$HOME
INFO  User-level generation complete files=25
--- project tree
(no change)
--- home tree
.agents/ dir 0755
.agents/skills/ dir 0755
.agents/skills/helper/ dir 0755
.agents/skills/helper/SKILL.md file 0644 140 77e6dfdbe09e0e9ccd8aa08b3cd82c64c857358e9c6ca9de5405c829f4b0e4b9
.claude/ dir 0755
.claude/CLAUDE.md file 0644 420 444e5e55bc8a4750a7374617f67e434262a99ea0b6a8826f46f0628edc32c66a
.claude/agents/ dir 0755
.claude/agents/buddy.md file 0644 136 8010b520b49127d597b2fc385ac6a31f7b7d197b1272bbb1a8584e3ee509557c
.claude/rules/ dir 0755
.claude/rules/mine.md file 0644 230 5f47eedd7f90e4d974ca47e69c2b1f87f81668830180a96d5e0fe8d515a6a2f1
.claude/settings.json file 0644 300 67058765bd5e153d639622ad524021007cb6aa4a5f90cf20e0b7bb1f80dc5ef7
.claude/skills/ dir 0755
.claude/skills/helper/ dir 0755
.claude/skills/helper/SKILL.md file 0644 138 2862b9655f0f308a4d85ffffc1207ae3b60a050082d82effa590f6f113231ed8
.config/ dir 0755
.config/ai-rulez/ dir 0755
.config/ai-rulez/.generated-manifest.json file 0644 1775 921751973e988834497e74cbfdb68633944ed4f67e77c305cc29a779d92c1054
.config/ai-rulez/.generated-manifest.local.json file 0644 3258 96d08f4bd1d39549cdc780f2d17f95ea8e344a1ca119e10baaccd79a826332d5
.config/ai-rulez/agents/ dir 0755
.config/ai-rulez/agents/buddy.md file 0644 47 fcb959e7b44ff6286d5fc44a17e26a7ed98b39296c89639944f63d582b2377e2
.config/ai-rulez/config.toml file 0644 343 a74ba88ce9f1e6af91ed65dda76e441d2aac7cec723ddc738ff3e3accdff8f74
.config/ai-rulez/context/ dir 0755
.config/ai-rulez/context/me.md file 0644 24 95b9f14fdc22e6f7ba5c8056af68acce4bcf61bb5c556eb1c460c4acd9df3311
.config/ai-rulez/domains/ dir 0755
.config/ai-rulez/domains/backend/ dir 0755
.config/ai-rulez/domains/backend/rules/ dir 0755
.config/ai-rulez/domains/backend/rules/be.md file 0644 25 4b5ad1b999c87d43266641f0ffa62d5bd920fe944096ffa55a04c6290e83e092
.config/ai-rulez/domains/backend/skills/ dir 0755
.config/ai-rulez/domains/backend/skills/db/ dir 0755
.config/ai-rulez/domains/backend/skills/db/SKILL.md file 0644 38 d2e0a3be655780a4d027124d30c08feb27d4b1e008f5247db8cfeb2aaed28ac9
.config/ai-rulez/rules/ dir 0755
.config/ai-rulez/rules/mine.md file 0644 46 0186ce6aeaef9fcec8de13c48797055087574df8c368dd9ba29c136cbed50134
.config/ai-rulez/skills/ dir 0755
.config/ai-rulez/skills/helper/ dir 0755
.config/ai-rulez/skills/helper/SKILL.md file 0644 49 6b7435a4fcbe0e1b1c9be84bf3c7cde3916532f00fc0c75cd3a44a8b81349438
.config/opencode/ dir 0755
.config/opencode/AGENTS.md file 0644 476 634e1da92f2e9b4b9cb1a3c877438fae31058c3391b420905680994a5d256f4c
.config/opencode/agents/ dir 0755
.config/opencode/agents/buddy.md file 0644 134 81ae320b25c504b95e130059b3a32a3ae4cff078f93dd97cc607adc182d19508
.config/opencode/opencode.json file 0644 104 66b56b5fbe2846254f89a538d3afd4e58f5365d1f67cfba385f8206cb7291538
.config/opencode/plugins/ dir 0755
.config/opencode/plugins/ai-rulez-hooks.js file 0644 8886 56b4f64d52bcede8715bd13582db3cc6571f06f44d21eebcf9badb7a5c8b1fbd
.config/opencode/skills/ dir 0755
.config/opencode/skills/helper/ dir 0755
.config/opencode/skills/helper/SKILL.md file 0644 140 77e6dfdbe09e0e9ccd8aa08b3cd82c64c857358e9c6ca9de5405c829f4b0e4b9
.copilot/ dir 0755
.copilot/agents/ dir 0755
.copilot/agents/buddy.agent.md file 0644 136 8010b520b49127d597b2fc385ac6a31f7b7d197b1272bbb1a8584e3ee509557c
.copilot/copilot-instructions.md file 0644 420 444e5e55bc8a4750a7374617f67e434262a99ea0b6a8826f46f0628edc32c66a
.copilot/hooks/ dir 0755
.copilot/hooks/ai-rulez.json file 0644 134 4131f375c09c1b51bab37ad266216db2fb267c027c4a29c000fd734c99dcaaf0
.copilot/instructions/ dir 0755
.copilot/instructions/mine.instructions.md file 0644 254 4df7caf7e1d101f8f891b42effd2e8f75033c720a4709709af31359a872259c8
.copilot/skills/ dir 0755
.copilot/skills/helper/ dir 0755
.copilot/skills/helper/SKILL.md file 0644 140 77e6dfdbe09e0e9ccd8aa08b3cd82c64c857358e9c6ca9de5405c829f4b0e4b9
.cursor/ dir 0755
.cursor/agents/ dir 0755
.cursor/agents/buddy.md file 0644 136 8010b520b49127d597b2fc385ac6a31f7b7d197b1272bbb1a8584e3ee509557c
.cursor/commands/ dir 0755
.cursor/hooks.json file 0644 110 e9a380a5c6bdb9ce11e590ccb2dfa562fa3c7b12802d51360212e768fcf38584
.gemini/ dir 0755
.gemini/GEMINI.md file 0644 476 634e1da92f2e9b4b9cb1a3c877438fae31058c3391b420905680994a5d256f4c
.gemini/agents/ dir 0755
.gemini/agents/buddy.md file 0644 136 8010b520b49127d597b2fc385ac6a31f7b7d197b1272bbb1a8584e3ee509557c
.gemini/settings.json file 0644 322 da7a6947eb7aab4b4d90cfc67845a253729cd3c89da99b93538e534f4aaca3a6
elsewhere/ dir 0755
elsewhere/codex/ dir 0755
elsewhere/codex/AGENTS.md file 0644 476 634e1da92f2e9b4b9cb1a3c877438fae31058c3391b420905680994a5d256f4c
elsewhere/codex/agents/ dir 0755
elsewhere/codex/agents/buddy.toml file 0644 79 5b24c2cf8325b9be648ca2caed19d84f1e339b7a4e0029fc809509dc5b5def96
elsewhere/codex/hooks.json file 0644 182 4402674604858f33f03380d1762371b5bcfee3e27a74a90ef3a7e52dec2f1924
elsewhere/codex/rules/ dir 0755
elsewhere/codex/rules/ai-rulez.rules file 0644 338 20e79faa1ff0244bcf6238a431259150f364c373a0f70a020f09789f645744a3
